******************************************************************************
                  TI ARM Linker PC v18.12.3                    
******************************************************************************
>> Linked Wed Dec 11 16:11:16 2019

OUTPUT FILE NAME:   <pedestal_tirtos_ccs.out>
ENTRY POINT SYMBOL: "_c_int00"  address: 00015245


MEMORY CONFIGURATION

         name            origin    length      used     unused   attr    fill
----------------------  --------  ---------  --------  --------  ----  --------
  FLASH                 00000000   00100000  0001bc85  000e437b  R  X
  SRAM                  20000000   00040000  0002b1b6  00014e4a  RW X


SEGMENT ALLOCATION MAP

run origin  load origin   length   init length attrs members
----------  ----------- ---------- ----------- ----- -------
00000000    00000000    0001bc90   0001bc90    r-x
  00000000    00000000    0000003c   0000003c    r-- .resetVecs
  00000040    00000040    0001a9e2   0001a9e2    r-x .text
  0001aa24    0001aa24    00000cf7   00000cf7    r-- .const
  0001b720    0001b720    00000570   00000570    r-- .cinit
20000360    20000360    00020000   00000000    r--
  20000360    20000360    00020000   00000000    r-- .priheap
20020360    20020360    0000aa56   00000000    rw-
  20020360    20020360    00009d98   00000000    rw- .bss
  2002a0f8    2002a0f8    00000cbe   00000000    rw- .data
2003fc00    2003fc00    00000400   00000000    rw-
  2003fc00    2003fc00    00000400   00000000    rw- .stack


SECTION ALLOCATION MAP

 output                                  attributes/
section   page    origin      length       input sections
--------  ----  ----------  ----------   ----------------
.text      0    00000040    0001a9e2     
                  00000040    00000c84     stk.aem4f : tcpin.oem4f (.text:TcpInput)
                  00000cc4    00000a4e     rtsv7M4_T_le_v4SPD16_eabi.lib : _printfi.c.obj (.text:__TI_printfi)
                  00001712    00000002     ti_drivers_config.obj (.text:Board_initHook)
                  00001714    000008b0     stk.aem4f : tcpout.oem4f (.text:TcpOutput)
                  00001fc4    00000494     slnetifndk_msp432e4.aem4f : slnetifndk.oem4f (.text:SlNetIfNDK_getSockOpt)
                  00002458    00000468     sysbios.aem4f : BIOS.obj (.text:xdc_runtime_System_doPrint__I)
                  000028c0    00000450     stk.aem4f : ipout.oem4f (.text:IPTxPacket)
                  00002d10    000003e8     tcpEcho.obj (.text:tcpHandler)
                  000030f8    00000396     nettool_ipv4.aem4f : dnscomn.oem4f (.text:DNSResolveByName)
                  0000348e    00000002     display.aem4f : DisplayUart.oem4f (.text:DisplayUartMin_clear)
                  00003490    00000380     stk.aem4f : ipin.oem4f (.text:IPRxPacket)
                  00003810    00000350     slnetsock_release.a : slnetutils.oem4f (.text:SlNetUtil_getAddrInfo)
                  00003b60    0000030a     nettool_ipv4.aem4f : dnscomn.oem4f (.text:DNSResolveByAddr)
                  00003e6a    00000306     scpi.obj (.text:scpi_menu_input_pos_sm)
                  00004170    000002ea     nettool_ipv4.aem4f : dnscomn.oem4f (.text:DNSResolveByNS)
                  0000445a    00000002     display.aem4f : DisplayUart.oem4f (.text:DisplayUartMin_clearLines)
                  0000445c    000002e4     drivers_msp432e4.aem4f : UARTMSP432E4.oem4f (.text:UARTMSP432E4_open)
                  00004740    000002b0     scpi.obj (.text:scpi_input)
                  000049f0    000002a8     slnetifndk_msp432e4.aem4f : slnetifndk.oem4f (.text:SlNetIfNDK_setSockOpt)
                  00004c98    000002a0     sysbios.aem4f : BIOS.obj (.text:ti_sysbios_family_arm_msp432e4_init_Boot_sysCtlClockFreqSetI__I)
                  00004f38    00000284     stk.aem4f : sock.oem4f (.text:SockSet)
                  000051bc    00000270     rtsv7M4_T_le_v4SPD16_eabi.lib : _printfi.c.obj (.text:_pconv_a)
                  0000542c    00000264     stk.aem4f : icmpin.oem4f (.text:ICMPInput)
                  00005690    0000025e               : fileuser.oem4f (.text:fdPoll)
                  000058ee    00000002     display.aem4f : DisplayUart.oem4f (.text:DisplayUartMin_init)
                  000058f0    0000025c     tcpEchoHooks.obj (.text:netIPAddrHook)
                  00005b4c    00000258     stk.aem4f : ipfrag.oem4f (.text:IPReasm)
                  00005da4    0000023a     msp432e4_driverlib.a : gpio.o (.text:GPIOPadConfigSet)
                  00005fde    00000002     stk.aem4f : nat.oem4f (.text:NatMsg)
                  00005fe0    00000224               : udp.oem4f (.text:UdpInput)
                  00006204    00000218     netctrl_min_ipv4.aem4f : netctrl.oem4f (.text:NC_NetStart)
                  0000641c    00000218     slnetifndk_msp432e4.aem4f : slnetifndk.oem4f (.text:SlNetIfNDK_recvFrom)
                  00006634    00000200                               : slnetifndk.oem4f (.text:SlNetIfNDK_sendTo)
                  00006834    000001f8     stk.aem4f : sock.oem4f (.text:SockGet)
                  00006a2c    000001ec     slnetifndk_msp432e4.aem4f : slnetifndk.oem4f (.text:SlNetIfNDK_accept)
                  00006c18    000001ec     stk.aem4f : sock.oem4f (.text:SockRecv)
                  00006e04    000001d0               : lliin.oem4f (.text:LLIRxPacket)
                  00006fd4    000001d0     rtsv7M4_T_le_v4SPD16_eabi.lib : _printfi.c.obj (.text:_pconv_g)
                  000071a4    000001cc     drivers_msp432e4.aem4f : EMACMSP432E4.oem4f (.text:EMACMSP432E4_emacStart)
                  00007370    000001b6     rtsv7M4_T_le_v4SPD16_eabi.lib : fd_add_t2.asm.obj (.text)
                  00007526    00000002     drivers_msp432e4.aem4f : UARTMSP432E4.oem4f (.text:UARTMSP432E4_init)
                  00007528    000001b4     stk.aem4f : sock.oem4f (.text:SockNew)
                  000076dc    000001b0               : lliout.oem4f (.text:LLITxIpPacket)
                  0000788c    0000019c     os.aem4f : mem.oem4f (.text:mmAlloc)
                  00007a28    00000198     nettool_ipv4.aem4f : dnsclnt.oem4f (.text:DNSResolve)
                  00007bc0    00000198     stk.aem4f : igmp.oem4f (.text:IGMPInput)
                  00007d58    00000194     nettool_ipv4.aem4f : dhcpmain.oem4f (.text:DHCPOpen)
                  00007eec    00000192     scpi.obj (.text:scpi_menu_input_sm)
                  0000807e    00000002     hal_ser_stub.aem4f : llserstb.oem4f (.text:_llSerialServiceCheck)
                  00008080    00000188     nettool_ipv4.aem4f : ipaddr.oem4f (.text:NtGetPublicHost)
                  00008208    00000188     stk.aem4f : fileuser.oem4f (.text:fdSelect)
                  00008390    00000188     release_pem4f.oem4f (.text:xdc_runtime_System_printfExtend__I)
                  00008518    00000184     slnetifndk_msp432e4.aem4f : slnetifndk.oem4f (.text:SlNetIfNDK_getPeerName)
                  0000869c    00000184                               : slnetifndk.oem4f (.text:SlNetIfNDK_getSockName)
                  00008820    0000017c     drivers_msp432e4.aem4f : EMACMSP432E4.oem4f (.text:EMACMSP432E4_NIMUInit)
                  0000899c    00000178     slnetifndk_msp432e4.aem4f : slnetifndk.oem4f (.text:SlNetIfNDK_recv)
                  00008b14    00000170     nettool_ipv4.aem4f : dnscomn.oem4f (.text:DNSResolveExternal)
                  00008c84    00000170     stk.aem4f : rtc.oem4f (.text:RTCReport)
                  00008df4    0000016e     nettool_ipv4.aem4f : dnspkt.oem4f (.text:DNSReadRecord)
                  00008f62    00000002     hal_ser_stub.aem4f : llserstb.oem4f (.text:_llSerialShutdown)
                  00008f64    0000016c     slnetifndk_msp432e4.aem4f : slnetifndk.oem4f (.text:SlNetIfNDK_send)
                  000090d0    0000016a     stk.aem4f : sb.oem4f (.text:SBRead)
                  0000923a    00000002     hal_userled_stub.aem4f : llled.oem4f (.text:_llUserLedInit)
                  0000923c    00000168     slnetifndk_msp432e4.aem4f : slnetifndk.oem4f (.text:SlNetIfNDK_connect)
                  000093a4    00000160     stk.aem4f : sock.oem4f (.text:SockConnect)
                  00009504    00000158               : icmp.oem4f (.text:ICMPGenPacket)
                  0000965c    00000004               : bind.oem4f (.text:BindGetIF)
                  00009660    00000154     sysbios.aem4f : BIOS.obj (.text:ti_sysbios_knl_Task_Instance_finalize__E)
                  000097b4    0000014c     nettool_ipv4.aem4f : dnspkt.oem4f (.text:DNSGetReply)
                  00009900    00000148     stk.aem4f : udp.oem4f (.text:UdpOutput)
                  00009a48    00000148     tcpEcho.obj (.text:tcpWorker)
                  00009b90    00000144     stk.aem4f : bind.oem4f (.text:BindNew)
                  00009cd4    00000144     slnetifndk_msp432e4.aem4f : slnetifndk.oem4f (.text:SlNetIfNDK_select)
                  00009e18    00000144     stk.aem4f : sockpcb.oem4f (.text:SockPcbResolve)
                  00009f5c    00000140               : tcp.oem4f (.text:TcpTimeoutCheck)
                  0000a09c    0000013c     nettool_ipv4.aem4f : config.oem4f (.text:CfgAddEntry)
                  0000a1d8    0000013c     netctrl_min_ipv4.aem4f : netctrl.oem4f (.text:NetScheduler)
                  0000a314    0000013c     slnetifndk_msp432e4.aem4f : slnetifndk.oem4f (.text:SlNetIfNDK_ifCreateContext)
                  0000a450    0000013c     stk.aem4f : sockint.oem4f (.text:SockNotify)
                  0000a58c    0000013c               : sock.oem4f (.text:SockSend)
                  0000a6c8    0000013c     rtsv7M4_T_le_v4SPD16_eabi.lib : _printfi.c.obj (.text:_pconv_e)
                  0000a804    00000136                                   : fd_div_t2.asm.obj (.text)
                  0000a93a    00000002     hal_userled_stub.aem4f : llled.oem4f (.text:_llUserLedShutdown)
                  0000a93c    00000134     drivers_msp432e4.aem4f : EMACMSP432E4.oem4f (.text:EMACMSP432E4_handleRx)
                  0000aa70    00000130     sysbios.aem4f : BIOS.obj (.text:ti_sysbios_knl_Semaphore_pend__E)
                  0000aba0    0000012c     ti_ndk_config.obj (.text:ndkStackThread)
                  0000accc    00000124     rtsv7M4_T_le_v4SPD16_eabi.lib : _printfi.c.obj (.text:fcvt)
                  0000adf0    00000124     scpi.obj (.text:scpi_menu_root_sm)
                  0000af14    00000124     scpi.obj (.text:scpi_str_long)
                  0000b038    00000124     scpi.obj (.text:scpi_str_short)
                  0000b15c    00000120     slnetifndk_msp432e4.aem4f : slnetifndk.oem4f (.text:SlNetIfNDK_close)
                  0000b27c    00000004     stk.aem4f : bind.oem4f (.text:BindGetNext)
                  0000b280    00000120     sysbios.aem4f : BIOS.obj (.text:xdc_runtime_Startup_startMods__I)
                  0000b3a0    00000118     stk.aem4f : tcpout.oem4f (.text:TcpGenPacket)
                  0000b4b8    00000114               : nimu.oem4f (.text:NIMUIoctl)
                  0000b5cc    00000114               : raw.oem4f (.text:RawInput)
                  0000b6e0    00000114     slnetifndk_msp432e4.aem4f : slnetifndk.oem4f (.text:SlNetIfNDK_getIPAddr)
                  0000b7f4    00000114     rtsv7M4_T_le_v4SPD16_eabi.lib : fputs.c.obj (.text:fputs)
                  0000b908    00000110     stk.aem4f : node.oem4f (.text:NodeTreeFree)
                  0000ba18    00000110               : route.oem4f (.text:RtCreate)
                  0000bb28    00000110               : rtable.oem4f (.text:RtFind)
                  0000bc38    00000110     rtsv7M4_T_le_v4SPD16_eabi.lib : s_scalbn.c.obj (.text:scalbn)
                  0000bd48    00000110                                   : strtoul.c.obj (.text:strtoul)
                  0000be58    00000110     sysbios.aem4f : BIOS.obj (.text:ti_sysbios_knl_Task_postInit__I)
                  0000bf68    0000010c                   : BIOS.obj (.text:ti_sysbios_family_arm_lm4_Timer_start__E)
                  0000c074    00000108     slnetsock_release.a : slnetutils.oem4f (.text:SlNetUtil_str2BinIpV6)
                  0000c17c    00000104     nettool_ipv4.aem4f : dhcppkt.oem4f (.text:dhcpPacketProcess)
                  0000c280    00000102                        : inetaddr.oem4f (.text:inet_aton)
                  0000c382    00000002     rtsv7M4_T_le_v4SPD16_eabi.lib : _lock.c.obj (.text:_nop)
                  0000c384    00000100     slnetsock_release.a : errnoutil.oem4f (.text:ErrnoUtil_set)
                  0000c484    00000100     stk.aem4f : igmp.oem4f (.text:IGMPSendReply)
                  0000c584    000000fc     rtsv7M4_T_le_v4SPD16_eabi.lib : fd_mul_t2.asm.obj (.text)
                  0000c680    000000fa     stk.aem4f : tcpprot.oem4f (.text:TcpPrSetOption)
                  0000c77a    00000002     hal_ser_stub.aem4f : llserstb.oem4f (.text:llSerialService)
                  0000c77c    000000f8     stk.aem4f : icmp.oem4f (.text:ICMPSendRtAdv)
                  0000c874    000000f8     slnetsock_release.a : slnetutils.oem4f (.text:SlNetUtil_inetAton)
                  0000c96c    000000f8     os.aem4f : os_ll.oem4f (.text:llEnter)
                  0000ca64    00000004     dpl_msp432e4.aem4f : ClockP_tirtos.oem4f (.text:ClockP_getCpuFreq)
                  0000ca68    000000f8     sysbios.aem4f : BIOS.obj (.text:timer_create)
                  0000cb60    000000f4     stk.aem4f : sock.oem4f (.text:SockClose)
                  0000cc54    000000f4     slnetifndk_msp432e4.aem4f : slnetifndk.oem4f (.text:getBSDSlNetErr)
                  0000cd48    000000f0     stk.aem4f : lliout.oem4f (.text:LLIGenArpPacket)
                  0000ce38    000000f0               : rawethsock.oem4f (.text:RawEthSockNew)
                  0000cf28    000000f0     sysbios.aem4f : BIOS.obj (.text:pthread_create)
                  0000d018    000000f0                   : m3_Hwi_asm.obj (.text:ti_sysbios_family_arm_m3_Hwi_dispatch__I)
                  0000d108    000000f0                   : BIOS.obj (.text:ti_sysbios_knl_Task_Instance_init__E)
                  0000d1f8    000000ee     nettool_ipv4.aem4f : dnspkt.oem4f (.text:DNSWriteRecord)
                  0000d2e6    00000002     tcpEchoHooks.obj (.text:netOpenHook)
                  0000d2e8    000000ee     slnetifndk_msp432e4.aem4f : slnetifndk.oem4f (.text:SlNetIfNDK_socket)
                  0000d3d6    00000002     ti_ndk_config.obj (.text:networkClose)
                  0000d3d8    000000ec     sysbios.aem4f : BIOS.obj (.text:clock_gettime)
                  0000d4c4    000000ea     stk.aem4f : pipe.oem4f (.text:PipeRecv)
                  0000d5ae    000000e8     nettool_ipv4.aem4f : dnspkt.oem4f (.text:DNSWriteName)
                  0000d696    00000002     rtsv7M4_T_le_v4SPD16_eabi.lib : div0.asm.obj (.text)
                  0000d698    000000e8     slnetsock_release.a : slnetif.oem4f (.text:SlNetIf_add)
                  0000d780    000000e8     sysbios.aem4f : BIOS.obj (.text:timer_settime)
                  0000d868    000000e4     stk.aem4f : sockpcb.oem4f (.text:SockPcbBind)
                  0000d94c    000000e4     scpi.obj (.text:scpi_find_level)
                  0000da30    000000e0     msp432e4_driverlib.a : emac.o (.text:EMACInit)
                  0000db10    000000e0     stk.aem4f : tcptime.oem4f (.text:TcpTimeoutRexmt)
                  0000dbf0    000000de     nettool_ipv4.aem4f : dhcpsock.oem4f (.text:dhcpSocketOpen)
                  0000dcce    00000002     release_pem4f.oem4f (.text:ti_sysbios_BIOS_nullFunc__I)
                  0000dcd0    000000dc     stk.aem4f : sb.oem4f (.text:SBWrite)
                  0000ddac    000000dc     rtsv7M4_T_le_v4SPD16_eabi.lib : setvbuf.c.obj (.text:setvbuf)
                  0000de88    000000da     nettool_ipv4.aem4f : dhcpsm.oem4f (.text:dhcpState)
                  0000df62    00000002     --HOLE-- [fill = 0]
                  0000df64    000000d8     stk.aem4f : node.oem4f (.text:NodeAdd)
                  0000e03c    000000d1               : nimu.oem4f (.text:NIMUReceivePacket)
                  0000e10d    00000003     --HOLE-- [fill = 0]
                  0000e110    000000d0     netctrl_min_ipv4.aem4f : netsrv.oem4f (.text:SPIpNet)
                  0000e1e0    000000d0     slnetifndk_msp432e4.aem4f : slnetifndk.oem4f (.text:SlNetIfNDK_shutdown)
                  0000e2b0    000000d0     nettool_ipv4.aem4f : dhcpsm.oem4f (.text:dhcpIPAdd)
                  0000e380    000000d0     sysbios.aem4f : BIOS.obj (.text:ti_sysbios_heaps_HeapMem_alloc__E)
                  0000e450    000000cc     stk.aem4f : rawethsock.oem4f (.text:RawEthSockGet)
                  0000e51c    000000cc     slnetifndk_msp432e4.aem4f : slnetifndk.oem4f (.text:SlNetIfNDK_bind)
                  0000e5e8    000000cc     nettool_ipv4.aem4f : dhcpbild.oem4f (.text:dhcpBuildHeader)
                  0000e6b4    000000cc                        : dhcppkt.oem4f (.text:dhcpVerifyMessage)
                  0000e780    000000c8     slnetifndk_msp432e4.aem4f : slnetifndk.oem4f (.text:SlNetIfNDK_listen)
                  0000e848    000000c4     stk.aem4f : igmp.oem4f (.text:IGMPJoinHostGroup)
                  0000e90c    000000c4     nettool_ipv4.aem4f : dhcpsm.oem4f (.text:StateBound)
                  0000e9d0    000000c4     sysbios.aem4f : BIOS.obj (.text:ti_sysbios_knl_Task_sleep__E)
                  0000ea94    000000c0     nettool_ipv4.aem4f : dnspkt.oem4f (.text:DNSReadName)
                  0000eb54    000000c0     stk.aem4f : nimu.oem4f (.text:NIMUInit)
                  0000ec14    000000be     nettool_ipv4.aem4f : dnsclnt.oem4f (.text:DNSGetHostByName)
                  0000ecd2    000000bc     stk.aem4f : sockpcb.oem4f (.text:SockPcbFind)
                  0000ed8e    00000002     --HOLE-- [fill = 0]
                  0000ed90    000000bc               : vlan.oem4f (.text:VLANDeinit)
                  0000ee4c    00000004     dpl_msp432e4.aem4f : ClockP_tirtos.oem4f (.text:ClockP_setTimeout)
                  0000ee50    000000bc     sysbios.aem4f : BIOS.obj (.text:ti_sysbios_knl_Task_exit__E)
                  0000ef0c    00000004     dpl_msp432e4.aem4f : ClockP_tirtos.oem4f (.text:ClockP_start)
                  0000ef10    000000bc     sysbios.aem4f : BIOS.obj (.text:xdc_runtime_Core_createObject__I)
                  0000efcc    000000ba     stk.aem4f : icmpin.oem4f (.text:ICMPRevSrcRoute)
                  0000f086    00000002     --HOLE-- [fill = 0]
                  0000f088    000000b8               : lli.oem4f (.text:_LLITimeoutCheck)
                  0000f140    000000b8     ti_ndk_config.obj (.text:configIp)
                  0000f1f8    000000b8     sysbios.aem4f : BIOS.obj (.text:ti_sysbios_family_arm_m3_Hwi_Instance_init__E)
                  0000f2b0    000000b6     drivers_msp432e4.aem4f : UARTMSP432E4.oem4f (.text:readTaskCallback)
                  0000f366    00000002     --HOLE-- [fill = 0]
                  0000f368    000000b4     stk.aem4f : tcptime.oem4f (.text:TcpTimeoutKeep)
                  0000f41c    000000b2               : rawethsock.oem4f (.text:RawEthSockSet)
                  0000f4ce    000000b2     drivers_msp432e4.aem4f : UARTMSP432E4.oem4f (.text:UARTMSP432E4_close)
                  0000f580    000000b1     rtsv7M4_T_le_v4SPD16_eabi.lib : _printfi.c.obj (.text:_ltostr)
                  0000f631    00000001     --HOLE-- [fill = 0]
                  0000f632    00000006     display.aem4f : DisplayUart.oem4f (.text:DisplayUartMin_control)
                  0000f638    000000b0     sysbios.aem4f : BIOS.obj (.text:ti_sysbios_family_arm_lm4_Timer_enableTiva__I)
                  0000f6e8    000000ac     drivers_msp432e4.aem4f : EMACMSP432E4.oem4f (.text:EMACMSP432E4_initDMADescriptors)
                  0000f794    000000ac     stk.aem4f : rtable.oem4f (.text:RtTimeoutCheck)
                  0000f840    000000ac     os.aem4f : task.oem4f (.text:TaskGetEnv)
                  0000f8ec    000000ac     scpi.obj (.text:scpi_str_len_long)
                  0000f998    000000ac     scpi.obj (.text:scpi_str_len_short)
                  0000fa44    000000a8     stk.aem4f : sockint.oem4f (.text:SockCreatePacket)
                  0000faec    000000a8     drivers_msp432e4.aem4f : UARTMSP432E4.oem4f (.text:readTaskBlocking)
                  0000fb94    000000a4     os.aem4f : task.oem4f (.text:TaskSetEnv)
                  0000fc38    000000a4     sysbios.aem4f : BIOS.obj (.text:ti_sysbios_knl_Task_setPri__E)
                  0000fcdc    000000a0     drivers_msp432e4.aem4f : EMACMSP432E4.oem4f (.text:EMACMSP432E4_emacStop)
                  0000fd7c    000000a0     stk.aem4f : ip.oem4f (.text:IPGetRoute)
                  0000fe1c    000000a0     auto_init.aem4f : auto_init.oem4f (.text)
                  0000febc    0000009e     nettool_ipv4.aem4f : dnsclnt.oem4f (.text:DNSGetHostArrayByName)
                  0000ff5a    00000002     --HOLE-- [fill = 0]
                  0000ff5c    0000009e     stk.aem4f : nimu.oem4f (.text:NIMUAddEthernetHeader)
                  0000fffa    0000009e     drivers_msp432e4.aem4f : UARTMSP432E4.oem4f (.text:UARTMSP432E4_readPolling)
                  00010098    0000009c     stk.aem4f : exec.oem4f (.text:ExecOpen)
                  00010134    00000004     dpl_msp432e4.aem4f : ClockP_tirtos.oem4f (.text:ClockP_stop)
                  00010138    0000009c     sysbios.aem4f : BIOS.obj (.text:_pthread_removeThreadKeys)
                  000101d4    0000009c     rtsv7M4_T_le_v4SPD16_eabi.lib : memcpy_t2.asm.obj (.text)
                  00010270    00000098     netctrl_min_ipv4.aem4f : netctrl.oem4f (.text:NC_SystemOpen)
                  00010308    00000098                            : netsrv.oem4f (.text:ServiceScan)
                  000103a0    00000098     drivers_msp432e4.aem4f : UARTMSP432E4.oem4f (.text:UARTMSP432E4_write)
                  00010438    00000096     rtsv7M4_T_le_v4SPD16_eabi.lib : ull_div_t2.asm.obj (.text)
                  000104ce    00000002     --HOLE-- [fill = 0]
                  000104d0    00000094     nettool_ipv4.aem4f : config.oem4f (.text:CfgExecute)
                  00010564    00000094                        : config.oem4f (.text:CfgRemoveEntry)
                  000105f8    00000094     os.aem4f : mem.oem4f (.text:_mmInit)
                  0001068c    00000094     drivers_msp432e4.aem4f : UARTMSP432E4.oem4f (.text:readIsrTextBlocking)
                  00010720    00000094     sysbios.aem4f : BIOS.obj (.text:ti_sysbios_family_arm_m3_Hwi_initNVIC__E)
                  000107b4    00000092     slnetsock_release.a : slnetsock.oem4f (.text:SlNetSock_create)
                  00010846    00000002     --HOLE-- [fill = 0]
                  00010848    00000090     stk.aem4f : igmp.oem4f (.text:IGMPMsg)
                  000108d8    00000090     slnetsock_release.a : slnetsock.oem4f (.text:SlNetSock_getVirtualSdConf)
                  00010968    00000090     drivers_msp432e4.aem4f : UARTMSP432E4.oem4f (.text:UARTMSP432E4_control)
                  000109f8    00000090     slnetsock_release.a : slnetutils.oem4f (.text:createAddrInfo)
                  00010a88    00000090     nettool_ipv4.aem4f : dhcpbild.oem4f (.text:dhcpBuildRequest)
                  00010b18    00000090     os.aem4f : mem.oem4f (.text:mmInitPage)
                  00010ba8    00000090     sysbios.aem4f : BIOS.obj (.text:ti_sysbios_knl_Task_Module_startup__E)
                  00010c38    0000008e     nettool_ipv4.aem4f : dnscomn.oem4f (.text:DNSResolveQuery)
                  00010cc6    00000002     --HOLE-- [fill = 0]
                  00010cc8    0000008c     stk.aem4f : ip.oem4f (.text:IPMsg)
                  00010d54    0000008c     slnetsock_release.a : slnetsock.oem4f (.text:SlNetSock_accept)
                  00010de0    0000008c     msp432e4_driverlib.a : sysctl.o (.text:SysCtlPeripheralReset)
                  00010e6c    0000008c     sysbios.aem4f : m3_TaskSupport_asm.obj (.text:ti_sysbios_family_arm_m3_TaskSupport_buildTaskStack)
                  00010ef8    0000008c                   : BIOS.obj (.text:xdc_runtime_Memory_alloc__E)
                  00010f84    0000008a     netctrl_min_ipv4.aem4f : netsrv.oem4f (.text:SPRoute)
                  0001100e    00000002     --HOLE-- [fill = 0]
                  00011010    00000088                            : netsrv.oem4f (.text:ServiceSpawn)
                  00011098    00000088     stk.aem4f : sockpcb.oem4f (.text:SockPcbCtlError)
                  00011120    00000088     drivers_msp432e4.aem4f : UARTMSP432E4.oem4f (.text:readIsrTextCallback)
                  000111a8    00000086     stk.aem4f : sock.oem4f (.text:SockCheck)
                  0001122e    00000086     nettool_ipv4.aem4f : dhcpsm.oem4f (.text:StateRequesting)
                  000112b4    00000086     rtsv7M4_T_le_v4SPD16_eabi.lib : fd_cmp_t2.asm.obj (.text:__aeabi_cdcmple)
                  0001133a    00000086                                   : fd_cmp_t2.asm.obj (.text:__aeabi_cdrcmple)
                  000113c0    00000086     scpi.obj (.text:scpi_is_menu_match)
                  00011446    00000002     --HOLE-- [fill = 0]
                  00011448    00000086     sysbios.aem4f : BIOS.obj (.text:xdc_runtime_Core_constructObject__I)
                  000114ce    00000002     --HOLE-- [fill = 0]
                  000114d0    00000084     nettool_ipv4.aem4f : config.oem4f (.text:CfgGetEntry)
                  00011554    00000084     drivers_msp432e4.aem4f : EMACMSP432E4.oem4f (.text:EMACMSP432E4_hwiIntFxn)
                  000115d8    00000084                            : EMACMSP432E4.oem4f (.text:EMACMSP432E4_processPendingTx)
                  0001165c    00000084                            : EMACMSP432E4.oem4f (.text:EMACMSP432E4_processPhyInterrupt)
                  000116e0    00000084     stk.aem4f : raw.oem4f (.text:RawOutput)
                  00011764    00000084     slnetsock_release.a : slnetutils.oem4f (.text:SlNetUtil_getHostByName)
                  000117e8    00000084     stk.aem4f : sockpcb.oem4f (.text:SockCleanPcb)
                  0001186c    00000084               : tcpprot.oem4f (.text:TcpPrAttach)
                  000118f0    00000084               : fileuser.oem4f (.text:fdClose)
                  00011974    00000084     os.aem4f : mem.oem4f (.text:mmFree)
                  000119f8    00000084     scpi.obj (.text:scpi_menu_initiate_sm)
                  00011a7c    00000004     dpl_msp432e4.aem4f : HwiP_tirtos.oem4f (.text:HwiP_disable)
                  00011a80    00000084     sysbios.aem4f : BIOS.obj (.text:ti_sysbios_family_arm_m3_Hwi_postInit__I)
                  00011b04    00000004     os.aem4f : oem.oem4f (.text:NDK_HwiP_disable)
                  00011b08    00000084     sysbios.aem4f : BIOS.obj (.text:ti_sysbios_heaps_HeapMem_free__E)
                  00011b8c    00000082     nettool_ipv4.aem4f : dhcpsm.oem4f (.text:StateRenewRebind)
                  00011c0e    00000002     --HOLE-- [fill = 0]
                  00011c10    00000080     stk.aem4f : lli.oem4f (.text:LLINew)
                  00011c90    00000080               : pbm.oem4f (.text:PBM_alloc)
                  00011d10    00000080     sysbios.aem4f : BIOS.obj (.text:ti_sysbios_knl_Clock_workFunc__E)
                  00011d90    0000007e     slnetifndk_msp432e4.aem4f : slnetifndk.oem4f (.text:SlNetIfNDK_getConnectionStatus)
                  00011e0e    0000007e     slnetsock_release.a : slnetutils.oem4f (.text:setAddrInfo)
                  00011e8c    0000007c     nettool_ipv4.aem4f : config.oem4f (.text:CfgGetNextEntry)
                  00011f08    0000007c     stk.aem4f : igmp.oem4f (.text:IGMPDoMCast)
                  00011f84    0000007c               : igmp.oem4f (.text:IGMPJoin)
                  00012000    0000007c               : socket.oem4f (.text:NDK_getsockopt)
                  0001207c    0000007c               : socket.oem4f (.text:NDK_setsockopt)
                  000120f8    0000007c               : nimu.oem4f (.text:NIMURegister)
                  00012174    0000007c     netctrl_min_ipv4.aem4f : netsrv.oem4f (.text:NS_BootTask)
                  000121f0    0000007c     stk.aem4f : pbm.oem4f (.text:PBM_free)
                  0001226c    0000007c     rtsv7M4_T_le_v4SPD16_eabi.lib : fflush.c.obj (.text:fflush)
                  000122e8    0000007c     os.aem4f : mem.oem4f (.text:mmBulkFree)
                  00012364    0000007c     drivers_msp432e4.aem4f : UARTMSP432E4.oem4f (.text:writeData)
                  000123e0    0000007a     stk.aem4f : sock.oem4f (.text:SockAccept)
                  0001245a    0000007a     rtsv7M4_T_le_v4SPD16_eabi.lib : memset_t2.asm.obj (.text)
                  000124d4    00000078     stk.aem4f : socket.oem4f (.text:NDK_sendto)
                  0001254c    00000078               : tcptime.oem4f (.text:TcpXmitTimer)
                  000125c4    00000078               : fileuser.oem4f (.text:fdOpenSession)
                  0001263c    00000078     os.aem4f : os_ll.oem4f (.text:llExit)
                  000126b4    00000076     stk.aem4f : pipe.oem4f (.text:PipeSend)
                  0001272a    00000076     msp432e4_driverlib.a : uart.o (.text:UARTConfigSetExpClk)
                  000127a0    00000075     stk.aem4f : tcptime.oem4f (.text:TcpTimeoutSackRexmt)
                  00012815    00000003     --HOLE-- [fill = 0]
                  00012818    00000075     sysbios.aem4f : BIOS.obj (.text:xdc_runtime_System_formatNum__I)
                  0001288d    00000003     --HOLE-- [fill = 0]
                  00012890    00000074     drivers_msp432e4.aem4f : EMACMSP432E4.oem4f (.text:EMACMSP432E4_processTransmitted)
                  00012904    00000074     stk.aem4f : igmp.oem4f (.text:IGMPLeaveHostGroup)
                  00012978    00000074               : socket.oem4f (.text:NDK_recvfrom)
                  000129ec    00000074               : nimu.oem4f (.text:NIMUShutdown)
                  00012a60    00000074               : raweth.oem4f (.text:RawEthRxPacket)
                  00012ad4    00000074     slnetsock_release.a : slnetsock.oem4f (.text:SlNetSock_AllocVirtualSocket)
                  00012b48    00000074     stk.aem4f : sockpcb.oem4f (.text:SockPcbConnect)
                  00012bbc    00000074     rtsv7M4_T_le_v4SPD16_eabi.lib : fclose.c.obj (.text:__TI_closefile)
                  00012c30    00000074     hal_timer.aem4f : lltimer.oem4f (.text:llTimerTick)
                  00012ca4    00000004     os.aem4f : NDK_SemaphoreP_tirtos.oem4f (.text:NDK_SemaphoreP_post)
                  00012ca8    00000074     sysbios.aem4f : BIOS.obj (.text:xdc_runtime_Core_deleteObject__I)
                  00012d1c    00000070     stk.aem4f : socket.oem4f (.text:NDK_accept)
                  00012d8c    00000070               : socket.oem4f (.text:NDK_send)
                  00012dfc    00000070               : rtable.oem4f (.text:RtFlush)
                  00012e6c    00000070     netctrl_min_ipv4.aem4f : netsrv.oem4f (.text:SPConfig)
                  00012edc    00000070     stk.aem4f : sock.oem4f (.text:SockShutdown)
                  00012f4c    00000070     nettool_ipv4.aem4f : dhcptags.oem4f (.text:dhcpDecodeType)
                  00012fbc    00000070     slnetsock_release.a : netdb.oem4f (.text:getaddrinfo)
                  0001302c    00000070     os.aem4f : mem.oem4f (.text:mmBulkAlloc)
                  0001309c    00000004              : ossys.oem4f (.text:NDK_vsprintf)
                  000130a0    00000070     sysbios.aem4f : BIOS.obj (.text:ti_sysbios_heaps_HeapMem_initPrimary__I)
                  00013110    0000006e     stk.aem4f : socket.oem4f (.text:NDK_recv)
                  0001317e    00000002     --HOLE-- [fill = 0]
                  00013180    0000006e               : rtable.oem4f (.text:RtWalkNext)
                  000131ee    0000006e     rtsv7M4_T_le_v4SPD16_eabi.lib : _printfi.c.obj (.text:_mcpy)
                  0001325c    0000006d     stk.aem4f : node.oem4f (.text:NodeNew)
                  000132c9    00000003     --HOLE-- [fill = 0]
                  000132cc    0000006c     os.aem4f : ossys.oem4f (.text:DbgPrintf)
                  00013338    0000006c     msp432e4_driverlib.a : emac.o (.text:EMACPHYConfigSet)
                  000133a4    0000006c     rtsv7M4_T_le_v4SPD16_eabi.lib : hostrename.c.obj (.text:HOSTrename)
                  00013410    0000006c     stk.aem4f : node.oem4f (.text:NodeTreeNew)
                  0001347c    0000006c               : pbm.oem4f (.text:PBM_open)
                  000134e8    0000006c     drivers_msp432e4.aem4f : PowerMSP432E4.oem4f (.text:Power_releaseDependency)
                  00013554    0000006c     stk.aem4f : raweth.oem4f (.text:RawEthTxPacket)
                  000135c0    0000006c     slnetsock_release.a : slnetutils.oem4f (.text:SlNetUtil_str2BinIpV4)
                  0001362c    0000006c     stk.aem4f : udp.oem4f (.text:UdpChecksum)
                  00013698    0000006c     hal_timer.aem4f : lltimer.oem4f (.text:llTimerGetTime)
                  00013704    00000004     stk.aem4f : node.oem4f (.text:NodeSetRt)
                  00013708    0000006c     sysbios.aem4f : BIOS.obj (.text:pthread_cancel)
                  00013774    00000004     stk.aem4f : rawethsock.oem4f (.text:RawEthSockGetCtx)
                  00013778    0000006c     sysbios.aem4f : BIOS.obj (.text:ti_sysbios_knl_Swi_restoreHwi__E)
                  000137e4    0000006a     stk.aem4f : tcpprot.oem4f (.text:TcpPrInherit)
                  0001384e    00000002     --HOLE-- [fill = 0]
                  00013850    00000068     rtsv7M4_T_le_v4SPD16_eabi.lib : hostlseek.c.obj (.text:HOSTlseek)
                  000138b8    00000068     stk.aem4f : socket.oem4f (.text:NDK_socket)
                  00013920    00000068     drivers_msp432e4.aem4f : PowerMSP432E4.oem4f (.text:Power_setDependency)
                  00013988    00000068     stk.aem4f : sock.oem4f (.text:SockListen)
                  000139f0    00000068               : sockpcb.oem4f (.text:SockPcbFindRaw)
                  00013a58    00000068               : rtable.oem4f (.text:_RtNodeInsert)
                  00013ac0    00000068     rtsv7M4_T_le_v4SPD16_eabi.lib : copy_decompress_lzss.c.obj (.text:decompress:lzss:__TI_decompress_lzss)
                  00013b28    00000068     sysbios.aem4f : BIOS.obj (.text:pthread_exit)
                  00013b90    00000068     drivers_msp432e4.aem4f : UARTMSP432E4.oem4f (.text:readIsrBinaryBlocking)
                  00013bf8    00000066     ti_ndk_config.obj (.text:configTcp)
                  00013c5e    00000002     --HOLE-- [fill = 0]
                  00013c60    00000064     nettool_ipv4.aem4f : config.oem4f (.text:CfgFree)
                  00013cc4    00000064     stk.aem4f : file.oem4f (.text:FdWaitEvent)
                  00013d28    00000064               : pbm.oem4f (.text:PBMQ_enq)
                  00013d8c    00000064     drivers_msp432e4.aem4f : PowerMSP432E4.oem4f (.text:Power_init)
                  00013df0    00000064     slnetifndk_msp432e4.aem4f : slnetifndk.oem4f (.text:SlNetIfNDK_getHostByName)
                  00013e54    00000064     stk.aem4f : sockint.oem4f (.text:SockSpawnAbort)
                  00013eb8    00000064               : tcpprot.oem4f (.text:TcpPrGetOption)
                  00013f1c    00000064     rtsv7M4_T_le_v4SPD16_eabi.lib : s_frexp.c.obj (.text:frexp)
                  00013f80    00000064                                   : fseek.c.obj (.text:fseek)
                  00013fe4    00000064     drivers_msp432e4.aem4f : UARTMSP432E4.oem4f (.text:readIsrBinaryCallback)
                  00014048    00000064     sysbios.aem4f : BIOS.obj (.text:ti_sysbios_family_arm_lm4_Timer_Module_startup__E)
                  000140ac    00000004     stk.aem4f : rawethsock_prot.oem4f (.text:RawEthSockPrAttach)
                  000140b0    00000064     sysbios.aem4f : BIOS.obj (.text:ti_sysbios_family_arm_m3_Hwi_dispatchC__I)
                  00014114    00000064     stk.aem4f : lliin.oem4f (.text:updateRtTable)
                  00014178    00000062               : ipin.oem4f (.text:IPRouteIP)
                  000141da    00000002     --HOLE-- [fill = 0]
                  000141dc    00000062               : sb.oem4f (.text:SBNew)
                  0001423e    00000062     rtsv7M4_T_le_v4SPD16_eabi.lib : _io_perm.c.obj (.text:__TI_wrt_ok)
                  000142a0    00000060     nettool_ipv4.aem4f : config.oem4f (.text:CfgGetEntryCnt)
                  00014300    00000060     msp432e4_driverlib.a : emac.o (.text:EMACConfigGet)
                  00014360    00000060                          : emac.o (.text:EMACIntDisable)
                  000143c0    00000060     rtsv7M4_T_le_v4SPD16_eabi.lib : hostopen.c.obj (.text:HOSTopen)
                  00014420    00000060     stk.aem4f : socket.oem4f (.text:NDK_getpeername)
                  00014480    00000060               : socket.oem4f (.text:NDK_getsockname)
                  000144e0    00000060               : socket.oem4f (.text:NDK_shutdown)
                  00014540    00000060               : nimu.oem4f (.text:NIMUUnregister)
                  000145a0    00000060               : node.oem4f (.text:NodeFind)
                  00014600    00000060               : rtc.oem4f (.text:RTCMsg)
                  00014660    00000060     os.aem4f : task.oem4f (.text:TaskCreate)
                  000146c0    00000060     stk.aem4f : tcp.oem4f (.text:TcpChecksum)
                  00014720    00000060     nettool_ipv4.aem4f : dhcptags.oem4f (.text:dhcpBuildOptions)
                  00014780    00000060     sysbios.aem4f : BIOS.obj (.text:ti_sysbios_family_arm_lm4_Seconds_getTime__E)
                  000147e0    00000060                   : BIOS.obj (.text:ti_sysbios_knl_Semaphore_post__E)
                  00014840    00000060                   : BIOS.obj (.text:ti_sysbios_knl_Swi_run__I)
                  000148a0    0000005e     msp432e4_driverlib.a : emac.o (.text:EMACIntEnable)
                  000148fe    0000005e     stk.aem4f : route.oem4f (.text:RtRemove)
                  0001495c    0000005e     nettool_ipv4.aem4f : dhcpsm.oem4f (.text:StateSelecting)
                  000149ba    0000005e     stk.aem4f : vlan.oem4f (.text:VLANReceivePacket)
                  00014a18    0000005c     nettool_ipv4.aem4f : config.oem4f (.text:CfgSetExecuteOrder)
                  00014a74    0000005c     display.aem4f : Display.oem4f (.text:Display_doOpen)
                  00014ad0    0000005c     msp432e4_driverlib.a : emac.o (.text:EMACAddrSet)
                  00014b2c    0000005c                          : emac.o (.text:EMACIntStatus)
                  00014b88    0000005c                          : gpio.o (.text:GPIODirModeSet)
                  00014be4    0000005c     stk.aem4f : nimu.oem4f (.text:NIMUIoctlSpecialCmd)
                  00014c40    0000005c     netctrl_min_ipv4.aem4f : netsrv.oem4f (.text:SPService)
                  00014c9c    0000005c     rtsv7M4_T_le_v4SPD16_eabi.lib : close.c.obj (.text:close)
                  00014cf8    0000005c     drivers_msp432e4.aem4f : UARTMSP432E4.oem4f (.text:getPowerResourceId)
                  00014d54    00000004     stk.aem4f : rawethsock_prot.oem4f (.text:RawEthSockPrDetach)
                  00014d58    0000005c     sysbios.aem4f : BIOS.obj (.text:ti_sysbios_knl_Swi_schedule__I)
                  00014db4    00000004     os.aem4f : semaphore.oem4f (.text:SemReset)
                  00014db8    0000005c     sysbios.aem4f : BIOS.obj (.text:ti_sysbios_knl_Task_startCore__E)
                  00014e14    00000004     dpl_msp432e4.aem4f : SemaphoreP_tirtos.oem4f (.text:SemaphoreP_post)
                  00014e18    0000005c     sysbios.aem4f : BIOS.obj (.text:xdc_runtime_Startup_exec__E)
                  00014e74    0000005a     stk.aem4f : rawethsock.oem4f (.text:RawEthSockCheck)
                  00014ece    0000005a               : route.oem4f (.text:RtRedirect)
                  00014f28    0000005a               : tcpprot.oem4f (.text:TcpValidateMetrics)
                  00014f82    0000005a     nettool_ipv4.aem4f : dhcpbild.oem4f (.text:dhcpBuildDecline)
                  00014fdc    00000058     stk.aem4f : bind.oem4f (.text:BindFree)
                  00015034    00000058     msp432e4_driverlib.a : emac.o (.text:EMACIntClear)
                  0001508c    00000058     rtsv7M4_T_le_v4SPD16_eabi.lib : hostread.c.obj (.text:HOSTread)
                  000150e4    00000058                                   : hostwrite.c.obj (.text:HOSTwrite)
                  0001513c    00000058     stk.aem4f : igmp.oem4f (.text:IGMPTimer)
                  00015194    00000058     slnetsock_release.a : slnetsock.oem4f (.text:SlNetSock_recv)
                  000151ec    00000058                         : slnetsock.oem4f (.text:SlNetSock_send)
                  00015244    00000058     boot.aem4f : boot.oem4f (.text)
                  0001529c    00000058     sysbios.aem4f : m3_Hwi_asm_switch.obj (.text:ti_sysbios_family_arm_m3_Hwi_initStacks__E)
                  000152f4    00000056     rtsv7M4_T_le_v4SPD16_eabi.lib : _printfi.c.obj (.text:_pconv_f)
                  0001534a    00000002     --HOLE-- [fill = 0]
                  0001534c    00000054     nettool_ipv4.aem4f : config.oem4f (.text:CfgEntryDeRef)
                  000153a0    00000054     stk.aem4f : rawethsock_pcb.oem4f (.text:RawEthSockPcbAttach)
                  000153f4    00000054               : tcptime.oem4f (.text:TcpTimeoutPersist)
                  00015448    00000054     rtsv7M4_T_le_v4SPD16_eabi.lib : ltoa.c.obj (.text:ltoa)
                  0001549c    00000004     slnetsock_release.a : slnetif.oem4f (.text:SlNetIf_init)
                  000154a0    00000054     sysbios.aem4f : BIOS.obj (.text:ti_sysbios_family_arm_lm4_Timer_initDevice__I)
                  000154f4    00000054     release_pem4f.oem4f (.text:ti_sysbios_family_arm_m3_Hwi_create)
                  00015548    00000054     sysbios.aem4f : BIOS.obj (.text:timer_gettime)
                  0001559c    00000052     nettool_ipv4.aem4f : dnscomn.oem4f (.text:DNSReplyFree)
                  000155ee    00000052     stk.aem4f : igmp.oem4f (.text:IGMPLeave)
                  00015640    00000052               : socket.oem4f (.text:NDK_bind)
                  00015692    00000052               : tcpprot.oem4f (.text:TcpPrDetach)
                  000156e4    00000052     rtsv7M4_T_le_v4SPD16_eabi.lib : _printfi.c.obj (.text:_ecpy)
                  00015736    00000002     --HOLE-- [fill = 0]
                  00015738    00000050     dpl_msp432e4.aem4f : ClockP_tirtos.oem4f (.text:ClockP_create)
                  00015788    00000050     msp432e4_driverlib.a : emac.o (.text:EMACConfigSet)
                  000157d8    00000050     stk.aem4f : socket.oem4f (.text:NDK_connect)
                  00015828    00000050               : route.oem4f (.text:RtNew)
                  00015878    00000050     slnetsock_release.a : slnetif.oem4f (.text:SlNetIf_queryIf)
                  000158c8    00000050     drivers_msp432e4.aem4f : UARTMSP432E4.oem4f (.text:UARTMSP432E4_hwiIntFxn)
                  00015918    00000050     scpi.obj (.text:scpi_query_event_handler)
                  00015968    00000050     sysbios.aem4f : BIOS.obj (.text:ti_sysbios_family_arm_m3_Hwi_Module_startup__E)
                  000159b8    00000050                   : BIOS.obj (.text:ti_sysbios_knl_Clock_Instance_init__E)
                  00015a08    00000050     release_pem4f.oem4f (.text:ti_sysbios_knl_Task_create)
                  00015a58    0000004e     msp432e4_driverlib.a : emac.o (.text:EMACPHYWrite)
                  00015aa6    0000004e     stk.aem4f : node.oem4f (.text:NodeDeRef)
                  00015af4    0000004e               : file.oem4f (.text:fdint_lockfd)
                  00015b42    0000004e     os.aem4f : mem.oem4f (.text:mmCopy)
                  00015b90    0000004c     msp432e4_driverlib.a : emac.o (.text:EMACPHYRead)
                  00015bdc    0000004c     nettool_ipv4.aem4f : ipaddr.oem4f (.text:NtAddNetwork)
                  00015c28    0000004c     slnetsock_release.a : slnetsock.oem4f (.text:SlNetSock_freeVirtualSocket)
                  00015c74    0000004c     stk.aem4f : sockint.oem4f (.text:SockValidateRoute)
                  00015cc0    0000004c               : timer.oem4f (.text:TimerListInsert)
                  00015d0c    0000004c     drivers_msp432e4.aem4f : UARTMSP432E4.oem4f (.text:UARTMSP432E4_writePolling)
                  00015d58    0000004c     rtsv7M4_T_le_v4SPD16_eabi.lib : fflush.c.obj (.text:__TI_doflush)
                  00015da4    0000004c                                   : atoi.c.obj (.text:atoi)
                  00015df0    0000004c                                   : cpy_tbl.c.obj (.text:copy_in)
                  00015e3c    0000004c     os.aem4f : mem.oem4f (.text:mmZeroInit)
                  00015e88    0000004c     drivers_msp432e4.aem4f : UARTMSP432E4.oem4f (.text:ringBufGet)
                  00015ed4    0000004c     rtsv7M4_T_le_v4SPD16_eabi.lib : snprintf.c.obj (.text:snprintf)
                  00015f20    0000004c     sysbios.aem4f : BIOS.obj (.text:ti_sysbios_heaps_HeapMem_getStats__E)
                  00015f6c    00000004     slnetsock_release.a : slnetutils.oem4f (.text:SlNetUtil_init)
                  00015f70    0000004c     sysbios.aem4f : BIOS.obj (.text:ti_sysbios_knl_Swi_runLoop__I)
                  00015fbc    00000004     stk.aem4f : sock.oem4f (.text:SockGetCtx)
                  00015fc0    0000004c     sysbios.aem4f : BIOS.obj (.text:ti_sysbios_knl_Task_allBlockedFunction__I)
                  0001600c    00000004     dpl_msp432e4.aem4f : SystemP_tirtos.oem4f (.text:SystemP_vsnprintf)
                  00016010    0000004c     sysbios.aem4f : BIOS.obj (.text:ti_sysbios_knl_Task_schedule__I)
                  0001605c    0000004a     display.aem4f : DisplayUart.oem4f (.text:DisplayUartMin_open)
                  000160a6    0000004a     netctrl_min_ipv4.aem4f : netsrv.oem4f (.text:ServiceKill)
                  000160f0    0000004a     stk.aem4f : sock.oem4f (.text:SockDisconnect)
                  0001613a    00000002     --HOLE-- [fill = 0]
                  0001613c    0000004a               : timer.oem4f (.text:TimerNew)
                  00016186    0000004a     nettool_ipv4.aem4f : config.oem4f (.text:_CfgEntryScan)
                  000161d0    00000048                        : config.oem4f (.text:CfgNew)
                  00016218    00000048     stk.aem4f : lli.oem4f (.text:LLIMsg)
                  00016260    00000048               : node.oem4f (.text:NodeWalk)
                  000162a8    00000048               : rawethsock_pcb.oem4f (.text:RawEthSockPcbDetach)
                  000162f0    00000048     slnetsock_release.a : slnetsock.oem4f (.text:SlNetSock_init)
                  00016338    00000048                         : slnetsock.oem4f (.text:SlNetSock_setOpt)
                  00016380    00000048     stk.aem4f : sockpcb.oem4f (.text:SockPcbResolveChain)
                  000163c8    00000048               : tcpprot.oem4f (.text:TcpDrop)
                  00016410    00000048     drivers_msp432e4.aem4f : UARTMSP432E4.oem4f (.text:UARTMSP432E4_writeCancel)
                  00016458    00000048     stk.aem4f : lli.oem4f (.text:_LLIExpListInsert)
                  000164a0    00000048               : rtable.oem4f (.text:_RtExpListInsert)
                  000164e8    00000048     rtsv7M4_T_le_v4SPD16_eabi.lib : exit.c.obj (.text:exit)
                  00016530    00000048                                   : fd_toi_t2.asm.obj (.text)
                  00016578    00000048     ti_ndk_config.obj (.text:ti_ndk_config_Global_startupFxn)
                  000165c0    00000048     sysbios.aem4f : BIOS.obj (.text:ti_sysbios_family_arm_lm4_Timer_enableTimers__I)
                  00016608    00000048                   : BIOS.obj (.text:ti_sysbios_family_arm_m3_Hwi_disableInterrupt__E)
                  00016650    00000048                   : BIOS.obj (.text:ti_sysbios_family_arm_m3_Hwi_enableInterrupt__E)
                  00016698    00000048                   : BIOS.obj (.text:ti_sysbios_knl_Mailbox_Module_startup__E)
                  000166e0    00000048                   : BIOS.obj (.text:ti_sysbios_knl_Task_deleteTerminatedTasksFunc__I)
                  00016728    00000048                   : BIOS.obj (.text:xdc_runtime_Core_assignParams__I)
                  00016770    00000046     display.aem4f : DisplayUart.oem4f (.text:DisplayUartMin_vprintf)
                  000167b6    00000046     nettool_ipv4.aem4f : ipaddr.oem4f (.text:NtIfIdx2Ip)
                  000167fc    00000046     stk.aem4f : rawethsock.oem4f (.text:RawEthSockSend)
                  00016842    00000046     drivers_msp432e4.aem4f : RingBuf.oem4f (.text:RingBuf_put)
                  00016888    00000046     os.aem4f : semaphore.oem4f (.text:SemCreateBinary)
                  000168ce    00000046     stk.aem4f : tcpprot.oem4f (.text:TcpPrCtlError)
                  00016914    00000044     nettool_ipv4.aem4f : dnspkt.oem4f (.text:DNSBuildRequest)
                  00016958    00000044     msp432e4_driverlib.a : gpio.o (.text:GPIOPinConfigure)
                  0001699c    00000044     rtsv7M4_T_le_v4SPD16_eabi.lib : hostclose.c.obj (.text:HOSTclose)
                  000169e0    00000044                                   : hostunlink.c.obj (.text:HOSTunlink)
                  00016a24    00000044     stk.aem4f : icmp.oem4f (.text:ICMPChecksum)
                  00016a68    00000044               : ipfrag.oem4f (.text:IPReasmFree)
                  00016aac    00000044               : lli.oem4f (.text:LLIGetValidTime)
                  00016af0    00000044               : rtable.oem4f (.text:RouteMsg)
                  00016b34    00000044               : rtable.oem4f (.text:RtWalkEnd)
                  00016b78    00000044     slnetsock_release.a : slnetutils.oem4f (.text:SlNetUtil_strTok)
                  00016bbc    00000044     stk.aem4f : sock.oem4f (.text:SockIntAbort)
                  00016c00    00000044               : sockpcb.oem4f (.text:SockPcbDetach)
                  00016c44    00000044     msp432e4_driverlib.a : sysctl.o (.text:SysCtlPeripheralPresent)
                  00016c88    00000044                          : sysctl.o (.text:SysCtlPeripheralReady)
                  00016ccc    00000044     drivers_msp432e4.aem4f : UART.oem4f (.text:UART_init)
                  00016d10    00000044     rtsv7M4_T_le_v4SPD16_eabi.lib : getdevice.c.obj (.text:getdevice)
                  00016d54    00000044                                   : fd_tou_t2.asm.obj (.text)
                  00016d98    00000044     ti_net_config.obj (.text:ti_net_SlNet_initConfig)
                  00016ddc    00000004     os.aem4f : task.oem4f (.text:TaskSelf)
                  00016de0    00000044     sysbios.aem4f : BIOS.obj (.text:ti_sysbios_family_arm_lm4_Timer_isrStub__E)
                  00016e24    00000004     os.aem4f : task.oem4f (.text:TaskSetPri)
                  00016e28    00000044     sysbios.aem4f : BIOS.obj (.text:ti_sysbios_family_arm_m3_Hwi_getStackInfo__E)
                  00016e6c    00000004     hal_ser_stub.aem4f : llserstb.oem4f (.text:_llSerialInit)
                  00016e70    00000044     sysbios.aem4f : BIOS.obj (.text:ti_sysbios_knl_Mailbox_postInit__I)
                  00016eb4    00000004     rtsv7M4_T_le_v4SPD16_eabi.lib : exit.c.obj (.text:abort:abort)
                  00016eb8    00000044     sysbios.aem4f : BIOS.obj (.text:ti_sysbios_knl_Swi_post__E)
                  00016efc    00000004     stk.aem4f : listlib.oem4f (.text:list_get_head)
                  00016f00    00000044     sysbios.aem4f : BIOS.obj (.text:xdc_runtime_System_atexit__E)
                  00016f44    00000042     stk.aem4f : socket.oem4f (.text:NDK_listen)
                  00016f86    00000042               : rawethsock.oem4f (.text:RawEthSockShutdown)
                  00016fc8    00000042               : tcpprot.oem4f (.text:TcpPrSendOOB)
                  0001700a    00000042               : fileuser.oem4f (.text:fdCloseSession)
                  0001704c    00000040     dpl_msp432e4.aem4f : HwiP_tirtos.oem4f (.text:HwiP_create)
                  0001708c    00000040     stk.aem4f : lliin.oem4f (.text:LLIValidateRoute)
                  000170cc    00000040               : pbm.oem4f (.text:PBM_copy)
                  0001710c    00000040     drivers_msp432e4.aem4f : RingBuf.oem4f (.text:RingBuf_get)
                  0001714c    00000040     os.aem4f : semaphore.oem4f (.text:SemCreate)
                  0001718c    00000040     slnetsock_release.a : slnetsock.oem4f (.text:SlNetSock_bind)
                  000171cc    00000040     stk.aem4f : sockpcb.oem4f (.text:SockPcbRtChange)
                  0001720c    00000040     msp432e4_driverlib.a : sysctl.o (.text:SysCtlPeripheralDisable)
                  0001724c    00000040                          : sysctl.o (.text:SysCtlPeripheralEnable)
                  0001728c    00000040                          : sysctl.o (.text:SysCtlPeripheralPowerOff)
                  000172cc    00000040                          : sysctl.o (.text:SysCtlPeripheralPowerOn)
                  0001730c    00000040                          : sysctl.o (.text:SysCtlPeripheralSleepDisable)
                  0001734c    00000040                          : sysctl.o (.text:SysCtlPeripheralSleepEnable)
                  0001738c    00000040     stk.aem4f : tcpprot.oem4f (.text:TcpPrSend)
                  000173cc    00000040     drivers_msp432e4.aem4f : UARTMSP432E4.oem4f (.text:UARTMSP432E4_read)
                  0001740c    00000040                            : UART.oem4f (.text:UART_open)
                  0001744c    00000040     rtsv7M4_T_le_v4SPD16_eabi.lib : u_divt2.asm.obj (.text)
                  0001748c    00000040                                   : sprintf.c.obj (.text:sprintf)
                  000174cc    00000004     stk.aem4f : listlib.oem4f (.text:list_get_next)
                  000174d0    00000040     sysbios.aem4f : BIOS.obj (.text:ti_sysbios_family_arm_lm4_Timer_startup__E)
                  00017510    00000040                   : BIOS.obj (.text:ti_sysbios_heaps_HeapMem_Instance_init__E)
                  00017550    0000003e     nettool_ipv4.aem4f : dhcpmain.oem4f (.text:DHCPClose)
                  0001758e    00000002     --HOLE-- [fill = 0]
                  00017590    0000003e     stk.aem4f : nimu.oem4f (.text:NIMUAllocateName)
                  000175ce    0000003e     slnetsock_release.a : slnetsock.oem4f (.text:SlNetSock_close)
                  0001760c    0000003e     stk.aem4f : tcpprot.oem4f (.text:TcpPrDisconnect)
                  0001764a    0000003e     rtsv7M4_T_le_v4SPD16_eabi.lib : _printfi.c.obj (.text:_fcpy)
                  00017688    0000003e     stk.aem4f : file.oem4f (.text:fdint_unlockfd)
                  000176c6    0000003c     nettool_ipv4.aem4f : config.oem4f (.text:CfgEntryGetData)
                  00017702    00000002     --HOLE-- [fill = 0]
                  00017704    0000003c     stk.aem4f : exec.oem4f (.text:ExecClose)
                  00017740    0000003c               : node.oem4f (.text:NodeUpdatePL)
                  0001777c    0000003c               : rtable.oem4f (.text:RtWalkBegin)
                  000177b8    0000003c               : tcpprot.oem4f (.text:TcpPrConnect)
                  000177f4    0000003c               : tcptime.oem4f (.text:TcpSetPersist)
                  00017830    0000003c               : rtc.oem4f (.text:_RTCSendRtAdv)
                  0001786c    0000003c               : rtable.oem4f (.text:_RtNodeRemove)
                  000178a8    0000003c     hal_timer.aem4f : lltimer.oem4f (.text:_llTimerInit)
                  000178e4    00000004     release_pem4f.oem4f (.text:ti_sysbios_BIOS_RtsGateProxy_enter__E)
                  000178e8    0000003c     sysbios.aem4f : BIOS.obj (.text:ti_sysbios_family_arm_m3_Hwi_Instance_finalize__E)
                  00017924    0000003c     release_pem4f.oem4f (.text:ti_sysbios_knl_Clock_create)
                  00017960    0000003c     sysbios.aem4f : BIOS.obj (.text:ti_sysbios_knl_Swi_restore__E)
                  0001799c    00000004     release_pem4f.oem4f (.text:ti_sysbios_BIOS_RtsGateProxy_leave__E)
                  000179a0    0000003c     sysbios.aem4f : BIOS.obj (.text:timer_delete)
                  000179dc    00000004                   : BIOS.obj (.text:ti_sysbios_family_arm_lm4_Timer_masterEnable__I)
                  000179e0    0000003c                   : BIOS.obj (.text:xdc_runtime_System_processAtExit__E)
                  00017a1c    0000003a     stk.aem4f : ip.oem4f (.text:IPChecksum)
                  00017a56    00000002     --HOLE-- [fill = 0]
                  00017a58    00000038               : ipfrag.oem4f (.text:IPReasmTimeout)
                  00017a90    00000038               : node.oem4f (.text:NodeGetRt)
                  00017ac8    00000038     slnetsock_release.a : slnetif.oem4f (.text:SlNetIf_configCheck)
                  00017b00    00000038                         : slnetsock.oem4f (.text:SlNetSock_listen)
                  00017b38    00000038                         : slnetutils.oem4f (.text:SlNetUtil_htonl)
                  00017b70    00000038     stk.aem4f : tcpprot.oem4f (.text:TcpClose)
                  00017ba8    00000038               : timer.oem4f (.text:TimerHSTick)
                  00017be0    00000038     rtsv7M4_T_le_v4SPD16_eabi.lib : trgmsg.c.obj (.text:__TI_writemsg)
                  00017c18    00000038     nettool_ipv4.aem4f : dhcptags.oem4f (.text:dhcpOptionsClear)
                  00017c50    00000038     stk.aem4f : file.oem4f (.text:fdint_waitevent)
                  00017c88    00000038     rtsv7M4_T_le_v4SPD16_eabi.lib : fs_tod_t2.asm.obj (.text)
                  00017cc0    00000038     sysbios.aem4f : BIOS.obj (.text:ti_sysbios_knl_Task_processVitalTaskFlag__I)
                  00017cf8    00000036     drivers_msp432e4.aem4f : UARTMSP432E4.oem4f (.text:UARTMSP432E4_readCancel)
                  00017d2e    00000036     rtsv7M4_T_le_v4SPD16_eabi.lib : strncpy.c.obj (.text:strncpy)
                  00017d64    00000034     nettool_ipv4.aem4f : config.oem4f (.text:CfgSetService)
                  00017d98    00000034     drivers_msp432e4.aem4f : EMACMSP432E4.oem4f (.text:EMACMSP432E4_emacPoll)
                  00017dcc    00000034                            : EMACMSP432E4.oem4f (.text:EMACMSP432E4_isLinkUp)
                  00017e00    00000034     stk.aem4f : nimu.oem4f (.text:NIMUFindByName)
                  00017e34    00000034               : rawethsock.oem4f (.text:RawEthSockClose)
                  00017e68    00000034               : rawethsock.oem4f (.text:RawEthSockNotify)
                  00017e9c    00000034     slnetsock_release.a : slnetutils.oem4f (.text:SlNetUtil_htons)
                  00017ed0    00000034     stk.aem4f : sockprot.oem4f (.text:SockPrCtlError)
                  00017f04    00000034     rtsv7M4_T_le_v4SPD16_eabi.lib : fopen.c.obj (.text:__TI_cleanup)
                  00017f38    00000034                                   : trgmsg.c.obj (.text:__TI_readmsg)
                  00017f6c    00000004     release_pem4f.oem4f (.text:ti_sysbios_family_arm_m3_Hwi_delete)
                  00017f70    00000034     sysbios.aem4f : BIOS.obj (.text:_pthread_delete$43)
                  00017fa4    00000034     slnetifndk_msp432e4.aem4f : slnetifndk.oem4f (.text:addSktToTable)
                  00017fd8    00000034     nettool_ipv4.aem4f : dhcpbild.oem4f (.text:dhcpBuildDiscover)
                  0001800c    00000034     os.aem4f : mem.oem4f (.text:mmUnInitPage)
                  00018040    00000034              : ossys.oem4f (.text:stricmp)
                  00018074    00000034     release_pem4f.oem4f (.text:ti_sysbios_knl_Semaphore_create)
                  000180a8    00000032     nettool_ipv4.aem4f : config.oem4f (.text:CfgGetImmediate)
                  000180da    00000032     stk.aem4f : pipe.oem4f (.text:PipeCheck)
                  0001810c    00000032               : route.oem4f (.text:RtDeRef)
                  0001813e    00000032               : route.oem4f (.text:RtSetFailure)
                  00018170    00000032               : sb.oem4f (.text:SBFlush)
                  000181a2    00000032               : sb.oem4f (.text:SBSetMax)
                  000181d4    00000032     nettool_ipv4.aem4f : config.oem4f (.text:_CfgAcquire)
                  00018206    00000032                        : dhcpsm.oem4f (.text:dhcpIPRemove)
                  00018238    00000032     sysbios.aem4f : BIOS.obj (.text:ti_sysbios_hal_Hwi_initStack)
                  0001826a    00000006     display.aem4f : DisplayUart.oem4f (.text:DisplayUartMin_getType)
                  00018270    00000032     sysbios.aem4f : BIOS.obj (.text:xdc_runtime_System_putchar__I)
                  000182a2    00000002     --HOLE-- [fill = 0]
                  000182a4    00000030     ti_drivers_config.obj (.text:Board_init)
                  000182d4    00000030     drivers_msp432e4.aem4f : GPIOMSP432E4.oem4f (.text:GPIOMSP432E4_undoPinConfig)
                  00018304    00000030     netctrl_min_ipv4.aem4f : netsrv.oem4f (.text:NS_PreBoot)
                  00018334    00000030     slnetsock_release.a : slnetif.oem4f (.text:SlNetIf_getIDByName)
                  00018364    00000030                         : slnetutils.oem4f (.text:SlNetUtil_gaiStrErr)
                  00018394    00000030     stk.aem4f : sock.oem4f (.text:SockBind)
                  000183c4    00000030               : sock.oem4f (.text:SockGetName)
                  000183f4    00000030               : sockpcb.oem4f (.text:SockPcbAttach)
                  00018424    00000030     msp432e4_driverlib.a : uart.o (.text:UARTDisable)
                  00018454    00000030     rtsv7M4_T_le_v4SPD16_eabi.lib : snprintf.c.obj (.text:_outs)
                  00018484    00000030     nettool_ipv4.aem4f : dhcpsock.oem4f (.text:dhcpPacketSend)
                  000184b4    00000030     stk.aem4f : file.oem4f (.text:fdint_setevent)
                  000184e4    00000030     rtsv7M4_T_le_v4SPD16_eabi.lib : getdevice.c.obj (.text:finddevice)
                  00018514    00000030     stk.aem4f : listlib.oem4f (.text:list_remove_node)
                  00018544    00000030     main_tirtos.obj (.text:main)
                  00018574    00000030     release_pem4f.oem4f (.text:ti_sysbios_BIOS_atExitFunc__I)
                  000185a4    00000030     release_pem4f.oem4f (.text:ti_sysbios_BIOS_startFunc__I)
                  000185d4    00000004     release_pem4f.oem4f (.text:ti_sysbios_family_arm_m3_TaskSupport_Module__startupDone__S)
                  000185d8    00000030     sysbios.aem4f : BIOS.obj (.text:ti_sysbios_family_arm_lm4_Timer_stop__E)
                  00018608    00000030                   : BIOS.obj (.text:ti_sysbios_family_arm_m3_TaskSupport_start__E)
                  00018638    00000030     release_pem4f.oem4f (.text:ti_sysbios_gates_GateHwi_Object__create__S)
                  00018668    00000030     release_pem4f.oem4f (.text:ti_sysbios_gates_GateMutex_Object__create__S)
                  00018698    00000030     sysbios.aem4f : BIOS.obj (.text:ti_sysbios_gates_GateMutex_enter__E)
                  000186c8    00000030     release_pem4f.oem4f (.text:ti_sysbios_heaps_HeapMem_Object__create__S)
                  000186f8    00000030     release_pem4f.oem4f (.text:ti_sysbios_knl_Clock_construct)
                  00018728    00000030     release_pem4f.oem4f (.text:ti_sysbios_knl_Semaphore_construct)
                  00018758    00000030     sysbios.aem4f : BIOS.obj (.text:ti_sysbios_knl_Semaphore_pendTimeout__I)
                  00018788    00000030                   : BIOS.obj (.text:ti_sysbios_knl_Task_restore__E)
                  000187b8    00000030                   : BIOS.obj (.text:ti_sysbios_knl_Task_unblockI__E)
                  000187e8    0000002e     drivers_msp432e4.aem4f : EMACMSP432E4.oem4f (.text:EMACMSP432E4_emacioctl)
                  00018816    0000002e     stk.aem4f : sb.oem4f (.text:SBFree)
                  00018844    0000002e     rtsv7M4_T_le_v4SPD16_eabi.lib : i_tofd_t2.asm.obj (.text)
                  00018872    0000002e     release_pem4f.oem4f (.text:ti_sysbios_rts_MemAlloc_alloc)
                  000188a0    0000002c     stk.aem4f : file.oem4f (.text:FdSignalEvent)
                  000188cc    0000002c               : igmp.oem4f (.text:IGMPTestGroup)
                  000188f8    0000002c     os.aem4f : NDK_SemaphoreP_tirtos.oem4f (.text:NDK_SemaphoreP_createBinary)
                  00018924    0000002c     stk.aem4f : nimu.oem4f (.text:NIMUAllocateIndex)
                  00018950    0000002c               : nimu.oem4f (.text:NIMUPacketServiceCheck)
                  0001897c    0000002c               : pipe.oem4f (.text:PipeClose)
                  000189a8    0000002c     dpl_msp432e4.aem4f : SemaphoreP_tirtos.oem4f (.text:SemaphoreP_createBinary)
                  000189d4    0000002c     msp432e4_driverlib.a : sysctl.o (.text:SysCtlPeripheralClockGating)
                  00018a00    0000002c     stk.aem4f : lli.oem4f (.text:_LLIExpListRemove)
                  00018a2c    0000002c               : lli.oem4f (.text:_LLITimeoutFlush)
                  00018a58    0000002c               : rtable.oem4f (.text:_RtExpListRemove)
                  00018a84    00000004     release_pem4f.oem4f (.text:ti_sysbios_heaps_HeapMem_Module_GateProxy_enter__E)
                  00018a88    0000002c     sysbios.aem4f : BIOS.obj (.text:_pthread_cleanupFxn)
                  00018ab4    00000004     release_pem4f.oem4f (.text:ti_sysbios_heaps_HeapMem_Module_GateProxy_leave__E)
                  00018ab8    0000002c     sysbios.aem4f : BIOS.obj (.text:clockFxn$41)
                  00018ae4    0000002c     slnetsock_release.a : slnetutils.oem4f (.text:mergeLists)
                  00018b10    0000002c     rtsv7M4_T_le_v4SPD16_eabi.lib : strncmp.c.obj (.text:strncmp)
                  00018b3c    0000002c     release_pem4f.oem4f (.text:ti_sysbios_gates_GateHwi_Handle__label__S)
                  00018b68    0000002c     release_pem4f.oem4f (.text:ti_sysbios_gates_GateMutex_Handle__label__S)
                  00018b94    0000002c     release_pem4f.oem4f (.text:ti_sysbios_heaps_HeapMem_Handle__label__S)
                  00018bc0    0000002c     release_pem4f.oem4f (.text:ti_sysbios_knl_Clock_doTick__I)
                  00018bec    00000004     release_pem4f.oem4f (.text:ti_sysbios_knl_Clock_TimerProxy_getMaxTicks__E)
                  00018bf0    0000002c     sysbios.aem4f : BIOS.obj (.text:ti_sysbios_knl_Clock_getTimeout__E)
                  00018c1c    0000002c     release_pem4f.oem4f (.text:ti_sysbios_knl_Queue_construct)
                  00018c48    0000002c     rtsv7M4_T_le_v4SPD16_eabi.lib : unlink.c.obj (.text:unlink)
                  00018c74    0000002a     display.aem4f : Display.oem4f (.text:Display_doPrintf)
                  00018c9e    0000002a     stk.aem4f : pbm.oem4f (.text:PBMQ_deq)
                  00018cc8    0000002a     netctrl_min_ipv4.aem4f : netsrv.oem4f (.text:ServiceCallback)
                  00018cf2    0000002a     slnetsock_release.a : slnetutils.oem4f (.text:SlNetUtil_inetPton)
                  00018d1c    0000002a     stk.aem4f : tcpin.oem4f (.text:TcpEnterTimeWait)
                  00018d46    0000002a     nettool_ipv4.aem4f : config.oem4f (.text:_CfgRelease)
                  00018d70    0000002a     release_pem4f.oem4f (.text:calloc)
                  00018d9a    0000002a     ti_ndk_config.obj (.text:configUdp)
                  00018dc4    0000002a     nettool_ipv4.aem4f : dhcpsock.oem4f (.text:dhcpPacketReceive)
                  00018dee    00000002     --HOLE-- [fill = 0]
                  00018df0    0000002a     sysbios.aem4f : BIOS.obj (.text:sem_init)
                  00018e1a    00000002     --HOLE-- [fill = 0]
                  00018e1c    00000028     stk.aem4f : bind.oem4f (.text:BindFindByNet)
                  00018e44    00000028     display.aem4f : Display.oem4f (.text:Display_doInit)
                  00018e6c    00000028     msp432e4_driverlib.a : flash.o (.text:FlashUserGet)
                  00018e94    00000028     stk.aem4f : lli.oem4f (.text:LLIFree)
                  00018ebc    00000028     netctrl_min_ipv4.aem4f : netctrl.oem4f (.text:NC_SystemClose)
                  00018ee4    00000028     stk.aem4f : socket.oem4f (.text:NDK_registerHook)
                  00018f0c    00000028               : nimu.oem4f (.text:NIMUCreatePacket)
                  00018f34    00000028               : nimu.oem4f (.text:NIMUPacketService)
                  00018f5c    00000028     slnetsock_release.a : slnetif.oem4f (.text:SlNetIf_getIfByID)
                  00018f84    00000028                         : slnetsock.oem4f (.text:SlNetSock_sdsClr)
                  00018fac    00000028                         : slnetsock.oem4f (.text:SlNetSock_sdsIsSet)
                  00018fd4    00000028     stk.aem4f : timer.oem4f (.text:TimerListRemove)
                  00018ffc    00000028               : vlan.oem4f (.text:VLANInit)
                  00019024    00000028     rtsv7M4_T_le_v4SPD16_eabi.lib : lseek.c.obj (.text:lseek)
                  0001904c    00000028     slnetifndk_msp432e4.aem4f : slnetifndk.oem4f (.text:removeSktFromTable)
                  00019074    00000028     drivers_msp432e4.aem4f : EMACMSP432E4.oem4f (.text:signalLinkChange)
                  0001909c    00000028     sysbios.aem4f : m3_Hwi_asm.obj (.text:ti_sysbios_family_arm_m3_Hwi_excHandlerAsm__I)
                  000190c4    00000004     release_pem4f.oem4f (.text:ti_sysbios_knl_Clock_delete)
                  000190c8    00000028     sysbios.aem4f : BIOS.obj (.text:ti_sysbios_knl_Clock_addI__E)
                  000190f0    00000028                   : BIOS.obj (.text:ti_sysbios_knl_Swi_Module_startup__E)
                  00019118    00000028     rtsv7M4_T_le_v4SPD16_eabi.lib : vsprintf.c.obj (.text:vsprintf)
                  00019140    00000028                                   : write.c.obj (.text:write)
                  00019168    00000026     nettool_ipv4.aem4f : config.oem4f (.text:CfgEntryInfo)
                  0001918e    00000026     sysbios.aem4f : m3_Hwi_asm.obj (.text:ti_sysbios_family_arm_m3_Hwi_pendSV__I)
                  000191b4    00000004     release_pem4f.oem4f (.text:ti_sysbios_knl_Semaphore_delete)
                  000191b8    00000026     sysbios.aem4f : BIOS.obj (.text:xdc_runtime_System_vprintf__E)
                  000191de    00000002     --HOLE-- [fill = 0]
                  000191e0    00000024     stk.aem4f : bind.oem4f (.text:BindFindByHost)
                  00019204    00000024               : bind.oem4f (.text:BindGetIFByDBCast)
                  00019228    00000024     drivers_msp432e4.aem4f : EMACMSP432E4.oem4f (.text:EMACMSP432E4_pkt_service)
                  0001924c    00000024     stk.aem4f : exec.oem4f (.text:ExecTimer)
                  00019270    00000024     msp432e4_driverlib.a : gpio.o (.text:GPIOPinTypeEthernetLED)
                  00019294    00000024                          : gpio.o (.text:GPIOPinTypeUART)
                  000192b8    00000024     stk.aem4f : nimu.oem4f (.text:NIMUFindByIndex)
                  000192dc    00000024               : rtc.oem4f (.text:RTCAddHook)
                  00019300    00000024               : rawethsock_pcb.oem4f (.text:RawEthSockPcbFind)
                  00019324    00000024               : route.oem4f (.text:RtFree)
                  00019348    00000024               : route.oem4f (.text:RtSetTimeout)
                  0001936c    00000024     slnetsock_release.a : slnetif.oem4f (.text:SlNetIf_getConnectionStatus)
                  00019390    00000024     stk.aem4f : sockpcb.oem4f (.text:SockPcbCleanup)
                  000193b4    00000024               : tcpprot.oem4f (.text:TcpPrListen)
                  000193d8    00000024               : tcptime.oem4f (.text:TcpTimeoutWait2)
                  000193fc    00000024     msp432e4_driverlib.a : uart.o (.text:UARTCharPutNonBlocking)
                  00019420    00000024                          : uart.o (.text:UARTEnable)
                  00019444    00000024     stk.aem4f : vlan.oem4f (.text:VLANFindSourceInterface)
                  00019468    00000024     nettool_ipv4.aem4f : config.oem4f (.text:_CfgEntryProcess)
                  0001948c    00000024     rtsv7M4_T_le_v4SPD16_eabi.lib : memmov.c.obj (.text:memmove)
                  000194b0    00000024     sysbios.aem4f : BIOS.obj (.text:pthread_attr_init)
                  000194d4    00000024     scpi.obj (.text:scpi_error_event_handler)
                  000194f8    00000024     scpi.obj (.text:scpi_error_partial_event_handler)
                  0001951c    00000024     scpi.obj (.text:scpi_write_event_handler)
                  00019540    00000024     os.aem4f : task.oem4f (.text:ti_ndk_os_threadStub)
                  00019564    00000024     release_pem4f.oem4f (.text:ti_sysbios_BIOS_registerRTSLock__I)
                  00019588    00000024     release_pem4f.oem4f (.text:ti_sysbios_BIOS_removeRTSLock__I)
                  000195ac    00000024     release_pem4f.oem4f (.text:ti_sysbios_gates_GateMutex_Object__delete__S)
                  000195d0    00000024     sysbios.aem4f : BIOS.obj (.text:ti_sysbios_knl_Clock_Module_startup__E)
                  000195f4    00000024     release_pem4f.oem4f (.text:ti_sysbios_knl_Clock_Object__delete__S)
                  00019618    00000024     sysbios.aem4f : BIOS.obj (.text:ti_sysbios_knl_Clock_start__E)
                  0001963c    00000004     release_pem4f.oem4f (.text:ti_sysbios_knl_Task_delete)
                  00019640    00000024     sysbios.aem4f : BIOS.obj (.text:ti_sysbios_knl_Semaphore_Instance_init__E)
                  00019664    00000024     release_pem4f.oem4f (.text:ti_sysbios_knl_Semaphore_Object__delete__S)
                  00019688    00000024     sysbios.aem4f : BIOS.obj (.text:ti_sysbios_knl_Task_restoreHwi__E)
                  000196ac    00000004     release_pem4f.oem4f (.text:xdc_runtime_System_Module_GateProxy_enter__E)
                  000196b0    00000024     sysbios.aem4f : BIOS.obj (.text:xdc_runtime_Error_policyMin__E)
                  000196d4    00000022     nettool_ipv4.aem4f : config.oem4f (.text:CfgEntryRef)
                  000196f6    00000022     msp432e4_driverlib.a : emac.o (.text:EMACReset)
                  00019718    00000022                          : emac.o (.text:EMACRxEnable)
                  0001973a    00000022                          : emac.o (.text:EMACTxEnable)
                  0001975c    00000004     release_pem4f.oem4f (.text:xdc_runtime_System_Module_GateProxy_leave__E)
                  00019760    00000022     sysbios.aem4f : BIOS.obj (.text:ti_sysbios_family_arm_lm4_Timer_write__I)
                  00019782    00000002     --HOLE-- [fill = 0]
                  00019784    00000020     msp432e4_driverlib.a : emac.o (.text:EMACFrameFilterSet)
                  000197a4    00000020     drivers_msp432e4.aem4f : EMACMSP432E4.oem4f (.text:EMACMSP432E4_primeRx)
                  000197c4    00000020     netctrl_min_ipv4.aem4f : netctrl.oem4f (.text:NC_BootComplete)
                  000197e4    00000020     stk.aem4f : nimu.oem4f (.text:NIMUGetNumOfObject)
                  00019804    00000020               : rtc.oem4f (.text:RTCRemoveHook)
                  00019824    00000020     drivers_msp432e4.aem4f : RingBuf.oem4f (.text:RingBuf_peek)
                  00019844    00000020     stk.aem4f : tcp.oem4f (.text:TcpTimeoutRemove)
                  00019864    00000020               : vlan.oem4f (.text:VLANFindNode)
                  00019884    00000020               : fileuser.oem4f (.text:fdsetTestEntry)
                  000198a4    00000020     rtsv7M4_T_le_v4SPD16_eabi.lib : memchr.c.obj (.text:memchr)
                  000198c4    00000020     release_pem4f.oem4f (.text:ti_sysbios_BIOS_rtsLock__I)
                  000198e4    00000020     release_pem4f.oem4f (.text:ti_sysbios_family_arm_m3_Hwi_Object__delete__S)
                  00019904    00000020     release_pem4f.oem4f (.text:ti_sysbios_gates_GateHwi_Object__delete__S)
                  00019924    00000020     release_pem4f.oem4f (.text:ti_sysbios_heaps_HeapMem_Object__delete__S)
                  00019944    00000020     release_pem4f.oem4f (.text:ti_sysbios_knl_Clock_destruct)
                  00019964    00000004     --HOLE-- [fill = 0]
                  00019968    00000020     sysbios.aem4f : BIOS.obj (.text:ti_sysbios_knl_Idle_run__E)
                  00019988    00000020     release_pem4f.oem4f (.text:ti_sysbios_knl_Semaphore_destruct)
                  000199a8    00000020     release_pem4f.oem4f (.text:ti_sysbios_knl_Task_Object__delete__S)
                  000199c8    0000001e     msp432e4_driverlib.a : uart.o (.text:UARTBusy)
                  000199e6    0000001e                          : uart.o (.text:UARTCharPut)
                  00019a04    0000001e                          : uart.o (.text:UARTCharsAvail)
                  00019a22    0000001e                          : uart.o (.text:UARTIntStatus)
                  00019a40    0000001e     stk.aem4f : fileuser.oem4f (.text:fdError)
                  00019a5e    0000001e               : listlib.oem4f (.text:list_remove)
                  00019a7c    0000001e     rtsv7M4_T_le_v4SPD16_eabi.lib : strcat.c.obj (.text:strcat)
                  00019a9a    0000001e     sysbios.aem4f : m3_Hwi_asm_switch.obj (.text:ti_sysbios_family_xxx_Hwi_switchAndRunFunc)
                  00019ab8    0000001c     stk.aem4f : bind.oem4f (.text:BindFindByIF)
                  00019ad4    0000001c               : exec.oem4f (.text:ExecBroadcast)
                  00019af0    0000001c     os.aem4f : ossys.oem4f (.text:NDK_sprintf)
                  00019b0c    0000001c     stk.aem4f : nimu.oem4f (.text:NIMUAddHeader)
                  00019b28    0000001c               : sockprot.oem4f (.text:SockPrDetach)
                  00019b44    0000001c     os.aem4f : task.oem4f (.text:TaskDestroy)
                  00019b60    0000001c     msp432e4_driverlib.a : uart.o (.text:UARTCharGetNonBlocking)
                  00019b7c    0000001c                          : uart.o (.text:UARTFlowControlSet)
                  00019b98    0000001c                          : uart.o (.text:UARTTxIntModeSet)
                  00019bb4    0000001c     rtsv7M4_T_le_v4SPD16_eabi.lib : assert.c.obj (.text:_abort_msg)
                  00019bd0    0000001c     slnetifndk_msp432e4.aem4f : slnetifndk.oem4f (.text:findSlNetSockIf)
[...]
0001adbb  UART_count                                                      
0001aee8  _ctypes_                                                        
0001afe9  Display_defaultParams                                           
0001afea  ti_sysbios_family_arm_m3_Hwi_Module__id__C                      
0001afec  Code2Err                                                        
0001b156  ti_sysbios_heaps_HeapMem_Module__id__C                          
0001b158  ti_sysbios_knl_Task_Object__PARAMS__C                           
0001b1ce  ti_sysbios_knl_Task_Module__id__C                               
0001b1d0  ti_sysbios_family_arm_m3_Hwi_Object__PARAMS__C                  
0001b200  ti_sysbios_knl_Task_hooks__A                                    
0001b25c  UARTMSP432E4_fxnTable                                           
0001b284  ti_sysbios_heaps_HeapMem_Module__FXNS__C                        
0001b2ac  UART_defaultParams                                              
0001b2d0  ti_sysbios_gates_GateHwi_Module__FXNS__C                        
0001b2f4  ti_sysbios_gates_GateMutex_Module__FXNS__C                      
0001b318  ti_sysbios_heaps_HeapMem_Object__PARAMS__C                      
0001b33c  ti_sysbios_knl_Clock_Object__PARAMS__C                          
0001b360  ti_sysbios_knl_Semaphore_Object__PARAMS__C                      
0001b384  DisplayUartMin_fxnTable                                         
0001b3e4  ti_sysbios_family_arm_m3_Hwi_Object__DESC__C                    
0001b404  ti_sysbios_gates_GateHwi_Object__DESC__C                        
0001b424  ti_sysbios_gates_GateMutex_Object__DESC__C                      
0001b444  ti_sysbios_heaps_HeapMem_Object__DESC__C                        
0001b464  ti_sysbios_knl_Clock_Object__DESC__C                            
0001b484  ti_sysbios_knl_Queue_Object__DESC__C                            
0001b4a4  ti_sysbios_knl_Semaphore_Object__DESC__C                        
0001b4c4  ti_sysbios_knl_Task_Object__DESC__C                             
0001b4e4  xdc_runtime_Startup_sfxnTab__A                                  
0001b504  EMACMSP432E4_hwAttrs                                            
0001b534  ti_ndk_config_Global_rawPageSize                                
0001b538  ti_ndk_config_Global_rawPageCount                               
0001b53c  ti_ndk_config_Global_smallest                                   
0001b540  ti_ndk_config_Global_largest                                    
0001b544  ti_ndk_config_Global_numFrameBuf                                
0001b548  ti_ndk_config_Global_sizeFrameBuf                               
0001b54c  ti_sysbios_gates_GateHwi_Object__PARAMS__C                      
0001b564  ti_sysbios_gates_GateMutex_Object__PARAMS__C                    
0001b57c  ti_sysbios_knl_Queue_Object__PARAMS__C                          
0001b594  displayUartHWAttrs                                              
0001b5cc  xdc_runtime_Startup_firstFxns__A                                
0001b5dc  xdc_runtime_Startup_sfxnRts__A                                  
0001b5ec  Display_config                                                  
0001b5f8  UART_config                                                     
0001b604  ti_sysbios_knl_Idle_funcList__A                                 
0001b610  PowerMSP432E4_config                                            
0001b620  ti_sysbios_knl_Idle_funcList__C                                 
0001b628  ti_sysbios_knl_Task_hooks__C                                    
0001b630  xdc_runtime_Startup_firstFxns__C                                
0001b638  xdc_runtime_Startup_lastFxns__C                                 
0001b640  ti_sysbios_family_arm_lm4_Timer_enableFunc__C                   
0001b644  ti_sysbios_family_arm_lm4_Timer_numTimerDevices__C              
0001b648  ti_sysbios_family_arm_lm4_Timer_startupNeeded__C                
0001b64c  ti_sysbios_family_arm_m3_Hwi_E_alreadyDefined__C                
0001b650  ti_sysbios_family_arm_m3_Hwi_E_badIntNum__C                     
0001b654  ti_sysbios_family_arm_m3_Hwi_NUM_INTERRUPTS__C                  
0001b658  ti_sysbios_family_arm_m3_Hwi_Object__count__C                   
0001b65c  ti_sysbios_family_arm_m3_Hwi_ccr__C                             
0001b660  ti_sysbios_family_arm_m3_Hwi_excHandlerFunc__C                  
0001b664  ti_sysbios_family_arm_m3_Hwi_nullIsrFunc__C                     
0001b668  ti_sysbios_family_arm_m3_Hwi_priGroup__C                        
0001b66c  ti_sysbios_family_arm_m3_TaskSupport_stackAlignment__C          
0001b670  ti_sysbios_gates_GateMutex_Instance_State_sem__O                
0001b674  ti_sysbios_heaps_HeapMem_E_memory__C                            
0001b678  ti_sysbios_heaps_HeapMem_Module__gateObj__C                     
0001b67c  ti_sysbios_heaps_HeapMem_Object__count__C                       
0001b680  ti_sysbios_heaps_HeapMem_primaryHeapBaseAddr__C                 
0001b684  ti_sysbios_heaps_HeapMem_primaryHeapEndAddr__C                  
0001b688  ti_sysbios_heaps_HeapMem_reqAlign__C                            
0001b68c  ti_sysbios_knl_Clock_Module_State_clockQ__O                     
0001b690  ti_sysbios_knl_Clock_tickPeriod__C                              
0001b694  ti_sysbios_knl_Mailbox_Instance_State_freeQue__O                
0001b698  ti_sysbios_knl_Mailbox_Object__count__C                         
0001b69c  ti_sysbios_knl_Mailbox_maxTypeAlign__C                          
0001b6a0  ti_sysbios_knl_Semaphore_Instance_State_pendQ__O                
0001b6a4  ti_sysbios_knl_Swi_Object__count__C                             
0001b6a8  ti_sysbios_knl_Task_E_deleteNotAllowed__C                       
0001b6ac  ti_sysbios_knl_Task_Module_State_inactiveQ__O                   
0001b6b0  ti_sysbios_knl_Task_Module_State_terminatedQ__O                 
0001b6b4  ti_sysbios_knl_Task_Object__count__C                            
0001b6b8  ti_sysbios_knl_Task_Object__heap__C                             
0001b6bc  ti_sysbios_knl_Task_allBlockedFunc__C                           
0001b6c0  ti_sysbios_knl_Task_defaultStackHeap__C                         
0001b6c4  ti_sysbios_knl_Task_defaultStackSize__C                         
0001b6c8  ti_sysbios_knl_Task_numConstructedTasks__C                      
0001b6cc  xdc_runtime_Error_E_memory__C                                   
0001b6d0  xdc_runtime_Error_policyFxn__C                                  
0001b6d4  xdc_runtime_IGateProvider_Interface__BASE__C                    
0001b6d8  xdc_runtime_IHeap_Interface__BASE__C                            
0001b6dc  xdc_runtime_IModule_Interface__BASE__C                          
0001b6e0  xdc_runtime_Memory_defaultHeapInstance__C                       
0001b6e4  xdc_runtime_Startup_execImpl__C                                 
0001b6e8  xdc_runtime_Startup_maxPasses__C                                
0001b6ec  xdc_runtime_Startup_sfxnRts__C                                  
0001b6f0  xdc_runtime_Startup_sfxnTab__C                                  
0001b6f4  xdc_runtime_SysCallback_abortFxn__C                             
0001b6f8  xdc_runtime_SysCallback_exitFxn__C                              
0001b6fc  xdc_runtime_SysCallback_putchFxn__C                             
0001b700  xdc_runtime_SysCallback_readyFxn__C                             
0001b704  xdc_runtime_System_Module__gateObj__C                           
0001b708  xdc_runtime_System_abortFxn__C                                  
0001b70c  xdc_runtime_System_exitFxn__C                                   
0001b710  xdc_runtime_System_extendFxn__C                                 
0001b714  xdc_runtime_System_maxAtexitHandlers__C                         
0001b718  xdc_runtime_Memory_Module__id__C                                
0001b71a  xdc_runtime_Error_policy__C                                     
0001b720  __TI_static_base__                                              
0001bc6c  __TI_Handler_Table_Base                                         
0001bc78  __TI_Handler_Table_Limit                                        
0001bc80  __TI_CINIT_Base                                                 
0001bc90  __TI_CINIT_Limit                                                
00020000  HEAPSIZE                                                        
20000000  ti_sysbios_family_arm_m3_Hwi_ramVectors                         
20000360  __primary_heap_start__                                          
20020360  __primary_heap_end__                                            
20020360  ti_ndk_config_Global_pit                                        
20020408  ti_ndk_config_Global_pitBuffer                                  
20024c08  ti_ndk_config_Global_pBufMem                                    
20028808  ti_ndk_config_Global_pHdrMem                                    
20028f00  ti_sysbios_family_arm_m3_Hwi_dispatchTable                      
20029260  ti_sysbios_knl_Task_Instance_State_0_stack__A                   
20029460  __CIOBUF_                                                       
20029880  NDK_tcps                                                        
200299ec  __TI_tmpnams                                                    
20029c94  NDK_ips                                                         
20029cfc  nimu_mcb                                                        
20029d60  uartMSP432E4Objects                                             
20029dc4  NDK_ICMPIn                                                      
20029e10  NDK_ICMPOut                                                     
20029ec4  ti_ndk_socket_fdtable                                           
20029eec  vlan_mcb                                                        
20029f14  NDK_udps                                                        
2002a020  stkEvent                                                        
2002a05c  NDK_raweths                                                     
2002a06c  NDK_raws                                                        
2002a07c  PBMQ_free                                                       
2002a088  displayUartObject                                               
2002a094  tpseudo                                                         
2002a0a0  upseudo                                                         
2002a0bc  parmbuf                                                         
2002a0c4  ti_sysbios_knl_Task_Instance_State_0_hookEnv__A                 
2002a0d8  ClockP_tickPeriod                                               
2002a0dc  _IGMPInDiscard                                                  
2002a0e0  _IGMPInQuery                                                    
2002a0e4  _IGMPInQueryGroup                                               
2002a0e8  _IGMPInResponse                                                 
2002a0ec  _IGMPOutResponse                                                
2002a0f0  display                                                         
2002a0f4  raweth_pcb                                                      
2002a0f8  PowerMSP432E4_module                                            
2002a264  _ftable                                                         
2002a354  _ipcfg                                                          
2002a494  STR_INP                                                         
2002a498  STR_INPUT                                                       
2002a49c  STR_POS                                                         
2002a4a0  STR_POSITION                                                    
2002a4a4  STR_A0                                                          
2002a4a8  STR_A1                                                          
2002a4ac  STR_A2                                                          
2002a4b0  STR_A3                                                          
2002a4b4  STR_ANGL                                                        
2002a4b8  STR_ANGLE                                                       
2002a4bc  STR_INIT                                                        
2002a4c0  STR_INITIATE                                                    
2002a4c4  STR_IMM                                                         
2002a4c8  STR_IMMEDIATE                                                   
2002a4cc  STR_LIM                                                         
2002a4d0  STR_LIMIT                                                       
2002a4d4  STR_DIR                                                         
2002a4d8  STR_DIRECTION                                                   
2002a4dc  STR_LOW                                                         
2002a4e0  STR_HIGH                                                        
2002a4e4  STR_STAT                                                        
2002a4e8  STR_STATE                                                       
2002a4ec  STR_SENS                                                        
2002a4f0  STR_SENSE                                                       
2002a4f4  STR_OPC                                                         
2002a4f8  STR_IDN                                                         
2002a4fc  STR_RST                                                         
2002a500  STR_REPLY_OK1                                                   
2002a504  STR_REPLY_OK2                                                   
2002a508  STR_REPLY_ERR                                                   
2002a50c  STR_REPLY_ERR_PARTIAL                                           
2002a510  STR_REPLY_IDN                                                   
2002a514  ti_sysbios_knl_Swi_Module_State_0_readyQ__A                     
2002a594  ti_sysbios_knl_Task_Module_State_0_readyQ__A                    
2002a614  _device                                                         
2002a68c  SlNetIfConfigNDK                                                
2002a6e4  ti_sysbios_gates_GateMutex_Object__table__V                     
2002a738  _stream                                                         
2002a7d8  ti_sysbios_knl_Task_Object__table__V                            
2002a824  ti_sysbios_knl_Task_Module__state__V                            
2002a8e8  ti_sysbios_family_arm_lm4_Timer_Module_State_0_device__A        
2002a928  ti_sysbios_family_arm_lm4_Timer_Object__table__V                
2002a99c  ti_sysbios_family_arm_m3_Hwi_Module__state__V                   
2002aa00  ti_sysbios_knl_Swi_Object__table__V                             
2002aa5c  ti_sysbios_knl_Clock_Module__state__V                           
2002aa88  _oscfg                                                          
2002aad4  ti_sysbios_BIOS_Module__state__V                                
2002aaf8  pstrMsgName                                                     
2002ab18  ti_sysbios_family_arm_lm4_Timer_Module_State_0_handles__A       
2002ab38  xdc_runtime_Error_IgnoreBlock                                   
2002ab74  ti_ndk_config_Global_Id2Size                                    
2002ab90  ti_sysbios_knl_Swi_Module__state__V                             
2002abac  ti_ndk_socket_max_fd                                            
2002abb4  LocalIPAddr                                                     
2002abb8  LocalIPMask                                                     
2002abbc  GatewayIP                                                       
2002abc0  DomainName                                                      
2002abc4  ti_sysbios_family_arm_m3_Hwi_Object__table__V                   
2002abdc  ti_sysbios_heaps_HeapMem_Object__table__V                       
2002ac4c  __TI_ft_end                                                     
2002ac50  __aeabi_stdin                                                   
2002ac54  __aeabi_stdout                                                  
2002ac58  __aeabi_stderr                                                  
2002ac64  _IGMPForceVersion1                                              
2002ac6c  ti_sysbios_family_arm_lm4_Seconds_Module__state__V              
2002ac7c  __TI_cleanup_ptr                                                
2002ac80  __TI_dtors_ptr                                                  
2002ac84  __TI_enable_exit_profile_output                                 
2002ac88  NDK_createSockCtx                                               
2002ac8c  NDK_closeSockCtx                                                
2002ac90  NDK_netStartError                                               
2002ac94  ti_sysbios_family_arm_lm4_Timer_Module__state__V                
2002acac  _lock                                                           
2002acb0  _unlock                                                         
2002acb4  NIMUDeviceTable                                                 
2002accc  NDK_ICMPInErrors                                                
2002acd0  NDK_ICMPOutErrors                                               
2002acd4  _IPExecuting                                                    
2002acf4  tcp_iss                                                         
2002acf8  ptTimeFirst                                                     
2002ad04  ti_sysbios_family_arm_m3_Hwi_Module__root__V                    
2002ad0c  ti_sysbios_gates_GateHwi_Module__root__V                        
2002ad14  ti_sysbios_gates_GateMutex_Module__root__V                      
2002ad1c  ti_sysbios_heaps_HeapMem_Module__root__V                        
2002ad24  ti_sysbios_knl_Clock_Module__root__V                            
2002ad2c  ti_sysbios_knl_Queue_Module__root__V                            
2002ad34  ti_sysbios_knl_Semaphore_Module__root__V                        
2002ad3c  ti_sysbios_knl_Task_Module__root__V                             
2002ad44  xdc_runtime_Startup_Module__state__V                            
2002ad4c  xdc_runtime_System_Module_State_0_atexitHandlers__A             
2002ad54  xdc_runtime_System_Module__state__V                             
2002ad78  main_func_sp                                                    
2002ad84  _IPReasmPtr                                                     
2002ad98  ti_sysbios_family_arm_m3_Hwi_Module_State_0_excContext__A       
2002ad9c  ti_sysbios_family_arm_m3_Hwi_Module_State_0_excStack__A         
2002ada0  ti_sysbios_gates_GateHwi_Object__table__V                       
2002ada4  ti_sysbios_knl_Task_Module_State_0_idleTask__A                  
2002ada8  ti_sysbios_rts_ti_ReentSupport_Module__state__V                 
2002adac  xdc_runtime_Memory_Module__state__V                             
2002adb4  ti_sysbios_family_arm_m3_Hwi_Module_State_0_excActive__A        
2003fc00  __stack                                                         
20040000  __STACK_END                                                     
e000e000  ti_sysbios_family_arm_m3_Hwi_nvic                               
ffffffff  __TI_pprof_out_hndl                                             
ffffffff  __TI_prof_data_size                                             
ffffffff  __TI_prof_data_start                                            
ffffffff  __binit__                                                       
ffffffff  __c_args__                                                      
ffffffff  binit                                                           
UNDEFED   SHT$$INIT_ARRAY$$Base                                           
UNDEFED   SHT$$INIT_ARRAY$$Limit                                          

[1187 symbols]
