******************************************************************************
                  TI ARM Linker PC v18.12.3                    
******************************************************************************
>> Linked Wed Nov 20 22:51:36 2019

OUTPUT FILE NAME:   <tcpecho_MSP_EXP432E401Y_tirtos_ccs.out>
ENTRY POINT SYMBOL: "_c_int00"  address: 000143e5


MEMORY CONFIGURATION

         name            origin    length      used     unused   attr    fill
----------------------  --------  ---------  --------  --------  ----  --------
  FLASH                 00000000   00100000  0001ab09  000e54f7  R  X
  SRAM                  20000000   00040000  0002af36  000150ca  RW X


SEGMENT ALLOCATION MAP

run origin  load origin   length   init length attrs members
----------  ----------- ---------- ----------- ----- -------
00000000    00000000    0001ab10   0001ab10    r-x
  00000000    00000000    0000003c   0000003c    r-- .resetVecs
  00000040    00000040    000199fa   000199fa    r-x .text
  00019a3c    00019a3c    00000bcb   00000bcb    r-- .const
  0001a608    0001a608    00000508   00000508    r-- .cinit
20000360    20000360    00020000   00000000    r--
  20000360    20000360    00020000   00000000    r-- .priheap
20020360    20020360    0000a7d6   00000000    rw-
  20020360    20020360    00009b98   00000000    rw- .bss
  20029ef8    20029ef8    00000c3e   00000000    rw- .data
2003fc00    2003fc00    00000400   00000000    rw-
  2003fc00    2003fc00    00000400   00000000    rw- .stack


SECTION ALLOCATION MAP

 output                                  attributes/
section   page    origin      length       input sections
--------  ----  ----------  ----------   ----------------
.text      0    00000040    000199fa     
                  00000040    00000c84     stk.aem4f : tcpin.oem4f (.text:TcpInput)
                  00000cc4    00000a4e     rtsv7M4_T_le_v4SPD16_eabi.lib : _printfi.c.obj (.text:__TI_printfi)
                  00001712    00000002     ti_drivers_config.obj (.text:Board_initHook)
                  00001714    000008b0     stk.aem4f : tcpout.oem4f (.text:TcpOutput)
                  00001fc4    00000494     slnetifndk_msp432e4.aem4f : slnetifndk.oem4f (.text:SlNetIfNDK_getSockOpt)
                  00002458    00000468     sysbios.aem4f : BIOS.obj (.text:xdc_runtime_System_doPrint__I)
                  000028c0    00000450     stk.aem4f : ipout.oem4f (.text:IPTxPacket)
                  00002d10    000003e8     tcpEcho.obj (.text:tcpHandler)
                  000030f8    00000396     nettool_ipv4.aem4f : dnscomn.oem4f (.text:DNSResolveByName)
                  0000348e    00000002     display.aem4f : DisplayUart.oem4f (.text:DisplayUartMin_clear)
                  00003490    00000380     stk.aem4f : ipin.oem4f (.text:IPRxPacket)
                  00003810    00000350     slnetsock_release.a : slnetutils.oem4f (.text:SlNetUtil_getAddrInfo)
                  00003b60    0000030a     nettool_ipv4.aem4f : dnscomn.oem4f (.text:DNSResolveByAddr)
                  00003e6a    00000002     display.aem4f : DisplayUart.oem4f (.text:DisplayUartMin_clearLines)
                  00003e6c    000002ea     nettool_ipv4.aem4f : dnscomn.oem4f (.text:DNSResolveByNS)
                  00004156    00000002     display.aem4f : DisplayUart.oem4f (.text:DisplayUartMin_init)
                  00004158    000002e4     drivers_msp432e4.aem4f : UARTMSP432E4.oem4f (.text:UARTMSP432E4_open)
                  0000443c    000002a8     slnetifndk_msp432e4.aem4f : slnetifndk.oem4f (.text:SlNetIfNDK_setSockOpt)
                  000046e4    00000004     stk.aem4f : bind.oem4f (.text:BindGetIF)
                  000046e8    000002a0     sysbios.aem4f : BIOS.obj (.text:ti_sysbios_family_arm_msp432e4_init_Boot_sysCtlClockFreqSetI__I)
                  00004988    00000284     stk.aem4f : sock.oem4f (.text:SockSet)
                  00004c0c    00000270     rtsv7M4_T_le_v4SPD16_eabi.lib : _printfi.c.obj (.text:_pconv_a)
                  00004e7c    00000264     stk.aem4f : icmpin.oem4f (.text:ICMPInput)
                  000050e0    0000025e               : fileuser.oem4f (.text:fdPoll)
                  0000533e    00000002               : nat.oem4f (.text:NatMsg)
                  00005340    0000025c     tcpEchoHooks.obj (.text:netIPAddrHook)
                  0000559c    00000258     stk.aem4f : ipfrag.oem4f (.text:IPReasm)
                  000057f4    0000023a     msp432e4_driverlib.a : gpio.o (.text:GPIOPadConfigSet)
                  00005a2e    00000002     drivers_msp432e4.aem4f : UARTMSP432E4.oem4f (.text:UARTMSP432E4_init)
                  00005a30    00000224     stk.aem4f : udp.oem4f (.text:UdpInput)
                  00005c54    00000218     netctrl_min_ipv4.aem4f : netctrl.oem4f (.text:NC_NetStart)
                  00005e6c    00000218     slnetifndk_msp432e4.aem4f : slnetifndk.oem4f (.text:SlNetIfNDK_recvFrom)
                  00006084    00000200                               : slnetifndk.oem4f (.text:SlNetIfNDK_sendTo)
                  00006284    000001f8     stk.aem4f : sock.oem4f (.text:SockGet)
                  0000647c    000001ec     slnetifndk_msp432e4.aem4f : slnetifndk.oem4f (.text:SlNetIfNDK_accept)
                  00006668    000001ec     stk.aem4f : sock.oem4f (.text:SockRecv)
                  00006854    000001d0               : lliin.oem4f (.text:LLIRxPacket)
                  00006a24    000001d0     rtsv7M4_T_le_v4SPD16_eabi.lib : _printfi.c.obj (.text:_pconv_g)
                  00006bf4    000001cc     drivers_msp432e4.aem4f : EMACMSP432E4.oem4f (.text:EMACMSP432E4_emacStart)
                  00006dc0    000001b6     rtsv7M4_T_le_v4SPD16_eabi.lib : fd_add_t2.asm.obj (.text)
                  00006f76    00000002     hal_ser_stub.aem4f : llserstb.oem4f (.text:_llSerialServiceCheck)
                  00006f78    000001b4     stk.aem4f : sock.oem4f (.text:SockNew)
                  0000712c    000001b0               : lliout.oem4f (.text:LLITxIpPacket)
                  000072dc    0000019c     os.aem4f : mem.oem4f (.text:mmAlloc)
                  00007478    00000198     nettool_ipv4.aem4f : dnsclnt.oem4f (.text:DNSResolve)
                  00007610    00000198     stk.aem4f : igmp.oem4f (.text:IGMPInput)
                  000077a8    00000194     nettool_ipv4.aem4f : dhcpmain.oem4f (.text:DHCPOpen)
                  0000793c    00000188                        : ipaddr.oem4f (.text:NtGetPublicHost)
                  00007ac4    00000188     stk.aem4f : fileuser.oem4f (.text:fdSelect)
                  00007c4c    00000188     release_pem4f.oem4f (.text:xdc_runtime_System_printfExtend__I)
                  00007dd4    00000184     slnetifndk_msp432e4.aem4f : slnetifndk.oem4f (.text:SlNetIfNDK_getPeerName)
                  00007f58    00000184                               : slnetifndk.oem4f (.text:SlNetIfNDK_getSockName)
                  000080dc    0000017c     drivers_msp432e4.aem4f : EMACMSP432E4.oem4f (.text:EMACMSP432E4_NIMUInit)
                  00008258    00000178     slnetifndk_msp432e4.aem4f : slnetifndk.oem4f (.text:SlNetIfNDK_recv)
                  000083d0    00000170     nettool_ipv4.aem4f : dnscomn.oem4f (.text:DNSResolveExternal)
                  00008540    00000170     stk.aem4f : rtc.oem4f (.text:RTCReport)
                  000086b0    0000016e     nettool_ipv4.aem4f : dnspkt.oem4f (.text:DNSReadRecord)
                  0000881e    00000002     hal_ser_stub.aem4f : llserstb.oem4f (.text:_llSerialShutdown)
                  00008820    0000016c     slnetifndk_msp432e4.aem4f : slnetifndk.oem4f (.text:SlNetIfNDK_send)
                  0000898c    0000016a     stk.aem4f : sb.oem4f (.text:SBRead)
                  00008af6    00000002     hal_userled_stub.aem4f : llled.oem4f (.text:_llUserLedInit)
                  00008af8    00000168     slnetifndk_msp432e4.aem4f : slnetifndk.oem4f (.text:SlNetIfNDK_connect)
                  00008c60    00000160     stk.aem4f : sock.oem4f (.text:SockConnect)
                  00008dc0    00000158               : icmp.oem4f (.text:ICMPGenPacket)
                  00008f18    00000154     sysbios.aem4f : BIOS.obj (.text:ti_sysbios_knl_Task_Instance_finalize__E)
                  0000906c    0000014c     nettool_ipv4.aem4f : dnspkt.oem4f (.text:DNSGetReply)
                  000091b8    00000148     stk.aem4f : udp.oem4f (.text:UdpOutput)
                  00009300    00000144               : bind.oem4f (.text:BindNew)
                  00009444    00000144     slnetifndk_msp432e4.aem4f : slnetifndk.oem4f (.text:SlNetIfNDK_select)
                  00009588    00000144     stk.aem4f : sockpcb.oem4f (.text:SockPcbResolve)
                  000096cc    00000140               : tcp.oem4f (.text:TcpTimeoutCheck)
                  0000980c    0000013c     nettool_ipv4.aem4f : config.oem4f (.text:CfgAddEntry)
                  00009948    0000013c     netctrl_min_ipv4.aem4f : netctrl.oem4f (.text:NetScheduler)
                  00009a84    0000013c     slnetifndk_msp432e4.aem4f : slnetifndk.oem4f (.text:SlNetIfNDK_ifCreateContext)
                  00009bc0    0000013c     stk.aem4f : sockint.oem4f (.text:SockNotify)
                  00009cfc    0000013c               : sock.oem4f (.text:SockSend)
                  00009e38    0000013c     rtsv7M4_T_le_v4SPD16_eabi.lib : _printfi.c.obj (.text:_pconv_e)
                  00009f74    00000136                                   : fd_div_t2.asm.obj (.text)
                  0000a0aa    00000002     hal_userled_stub.aem4f : llled.oem4f (.text:_llUserLedShutdown)
                  0000a0ac    00000134     drivers_msp432e4.aem4f : EMACMSP432E4.oem4f (.text:EMACMSP432E4_handleRx)
                  0000a1e0    00000130     sysbios.aem4f : BIOS.obj (.text:ti_sysbios_knl_Semaphore_pend__E)
                  0000a310    0000012c     ti_ndk_config.obj (.text:ndkStackThread)
                  0000a43c    00000124     rtsv7M4_T_le_v4SPD16_eabi.lib : _printfi.c.obj (.text:fcvt)
                  0000a560    00000120     slnetifndk_msp432e4.aem4f : slnetifndk.oem4f (.text:SlNetIfNDK_close)
                  0000a680    00000120     sysbios.aem4f : BIOS.obj (.text:xdc_runtime_Startup_startMods__I)
                  0000a7a0    00000118     stk.aem4f : tcpout.oem4f (.text:TcpGenPacket)
                  0000a8b8    00000114               : nimu.oem4f (.text:NIMUIoctl)
                  0000a9cc    00000114               : raw.oem4f (.text:RawInput)
                  0000aae0    00000114     slnetifndk_msp432e4.aem4f : slnetifndk.oem4f (.text:SlNetIfNDK_getIPAddr)
                  0000abf4    00000114     rtsv7M4_T_le_v4SPD16_eabi.lib : fputs.c.obj (.text:fputs)
                  0000ad08    00000110     stk.aem4f : node.oem4f (.text:NodeTreeFree)
                  0000ae18    00000110               : route.oem4f (.text:RtCreate)
                  0000af28    00000110               : rtable.oem4f (.text:RtFind)
                  0000b038    00000110     rtsv7M4_T_le_v4SPD16_eabi.lib : s_scalbn.c.obj (.text:scalbn)
                  0000b148    00000110                                   : strtoul.c.obj (.text:strtoul)
                  0000b258    00000110     sysbios.aem4f : BIOS.obj (.text:ti_sysbios_knl_Task_postInit__I)
                  0000b368    0000010c                   : BIOS.obj (.text:ti_sysbios_family_arm_lm4_Timer_start__E)
                  0000b474    00000108     slnetsock_release.a : slnetutils.oem4f (.text:SlNetUtil_str2BinIpV6)
                  0000b57c    00000104     nettool_ipv4.aem4f : dhcppkt.oem4f (.text:dhcpPacketProcess)
                  0000b680    00000102                        : inetaddr.oem4f (.text:inet_aton)
                  0000b782    00000002     rtsv7M4_T_le_v4SPD16_eabi.lib : _lock.c.obj (.text:_nop)
                  0000b784    00000100     slnetsock_release.a : errnoutil.oem4f (.text:ErrnoUtil_set)
                  0000b884    00000100     stk.aem4f : igmp.oem4f (.text:IGMPSendReply)
                  0000b984    000000fc     rtsv7M4_T_le_v4SPD16_eabi.lib : fd_mul_t2.asm.obj (.text)
                  0000ba80    000000fa     stk.aem4f : tcpprot.oem4f (.text:TcpPrSetOption)
                  0000bb7a    00000002     hal_ser_stub.aem4f : llserstb.oem4f (.text:llSerialService)
                  0000bb7c    000000f8     stk.aem4f : icmp.oem4f (.text:ICMPSendRtAdv)
                  0000bc74    000000f8     slnetsock_release.a : slnetutils.oem4f (.text:SlNetUtil_inetAton)
                  0000bd6c    000000f8     os.aem4f : os_ll.oem4f (.text:llEnter)
                  0000be64    00000004     stk.aem4f : bind.oem4f (.text:BindGetNext)
                  0000be68    000000f8     sysbios.aem4f : BIOS.obj (.text:timer_create)
                  0000bf60    000000f4     stk.aem4f : sock.oem4f (.text:SockClose)
                  0000c054    000000f4     slnetifndk_msp432e4.aem4f : slnetifndk.oem4f (.text:getBSDSlNetErr)
                  0000c148    000000f0     stk.aem4f : lliout.oem4f (.text:LLIGenArpPacket)
                  0000c238    000000f0               : rawethsock.oem4f (.text:RawEthSockNew)
                  0000c328    000000f0     sysbios.aem4f : BIOS.obj (.text:pthread_create)
                  0000c418    000000f0                   : m3_Hwi_asm.obj (.text:ti_sysbios_family_arm_m3_Hwi_dispatch__I)
                  0000c508    000000f0                   : BIOS.obj (.text:ti_sysbios_knl_Task_Instance_init__E)
                  0000c5f8    000000ee     nettool_ipv4.aem4f : dnspkt.oem4f (.text:DNSWriteRecord)
                  0000c6e6    00000002     tcpEchoHooks.obj (.text:netOpenHook)
                  0000c6e8    000000ee     slnetifndk_msp432e4.aem4f : slnetifndk.oem4f (.text:SlNetIfNDK_socket)
                  0000c7d6    00000002     ti_ndk_config.obj (.text:networkClose)
                  0000c7d8    000000ec     sysbios.aem4f : BIOS.obj (.text:clock_gettime)
                  0000c8c4    000000ea     stk.aem4f : pipe.oem4f (.text:PipeRecv)
                  0000c9ae    000000e8     nettool_ipv4.aem4f : dnspkt.oem4f (.text:DNSWriteName)
                  0000ca96    00000002     rtsv7M4_T_le_v4SPD16_eabi.lib : div0.asm.obj (.text)
                  0000ca98    000000e8     slnetsock_release.a : slnetif.oem4f (.text:SlNetIf_add)
                  0000cb80    000000e8     tcpEcho.obj (.text:tcpWorker)
                  0000cc68    000000e8     sysbios.aem4f : BIOS.obj (.text:timer_settime)
                  0000cd50    000000e4     stk.aem4f : sockpcb.oem4f (.text:SockPcbBind)
                  0000ce34    000000e0     msp432e4_driverlib.a : emac.o (.text:EMACInit)
                  0000cf14    000000e0     stk.aem4f : tcptime.oem4f (.text:TcpTimeoutRexmt)
                  0000cff4    000000de     nettool_ipv4.aem4f : dhcpsock.oem4f (.text:dhcpSocketOpen)
                  0000d0d2    00000002     release_pem4f.oem4f (.text:ti_sysbios_BIOS_nullFunc__I)
                  0000d0d4    000000dc     stk.aem4f : sb.oem4f (.text:SBWrite)
                  0000d1b0    000000dc     rtsv7M4_T_le_v4SPD16_eabi.lib : setvbuf.c.obj (.text:setvbuf)
                  0000d28c    000000da     nettool_ipv4.aem4f : dhcpsm.oem4f (.text:dhcpState)
                  0000d366    00000002     --HOLE-- [fill = 0]
                  0000d368    000000d8     stk.aem4f : node.oem4f (.text:NodeAdd)
                  0000d440    000000d1               : nimu.oem4f (.text:NIMUReceivePacket)
                  0000d511    00000003     --HOLE-- [fill = 0]
                  0000d514    000000d0     netctrl_min_ipv4.aem4f : netsrv.oem4f (.text:SPIpNet)
                  0000d5e4    000000d0     slnetifndk_msp432e4.aem4f : slnetifndk.oem4f (.text:SlNetIfNDK_shutdown)
                  0000d6b4    000000d0     nettool_ipv4.aem4f : dhcpsm.oem4f (.text:dhcpIPAdd)
                  0000d784    00000004     dpl_msp432e4.aem4f : ClockP_tirtos.oem4f (.text:ClockP_getCpuFreq)
                  0000d788    000000d0     sysbios.aem4f : BIOS.obj (.text:ti_sysbios_heaps_HeapMem_alloc__E)
                  0000d858    000000cc     stk.aem4f : rawethsock.oem4f (.text:RawEthSockGet)
                  0000d924    000000cc     slnetifndk_msp432e4.aem4f : slnetifndk.oem4f (.text:SlNetIfNDK_bind)
                  0000d9f0    000000cc     nettool_ipv4.aem4f : dhcpbild.oem4f (.text:dhcpBuildHeader)
                  0000dabc    000000cc                        : dhcppkt.oem4f (.text:dhcpVerifyMessage)
                  0000db88    000000c8     slnetifndk_msp432e4.aem4f : slnetifndk.oem4f (.text:SlNetIfNDK_listen)
                  0000dc50    000000c4     stk.aem4f : igmp.oem4f (.text:IGMPJoinHostGroup)
                  0000dd14    000000c4     nettool_ipv4.aem4f : dhcpsm.oem4f (.text:StateBound)
                  0000ddd8    000000c4     sysbios.aem4f : BIOS.obj (.text:ti_sysbios_knl_Task_sleep__E)
                  0000de9c    000000c0     nettool_ipv4.aem4f : dnspkt.oem4f (.text:DNSReadName)
                  0000df5c    000000c0     stk.aem4f : nimu.oem4f (.text:NIMUInit)
                  0000e01c    000000be     nettool_ipv4.aem4f : dnsclnt.oem4f (.text:DNSGetHostByName)
                  0000e0da    000000bc     stk.aem4f : sockpcb.oem4f (.text:SockPcbFind)
                  0000e196    00000002     --HOLE-- [fill = 0]
                  0000e198    000000bc               : vlan.oem4f (.text:VLANDeinit)
                  0000e254    00000004     dpl_msp432e4.aem4f : ClockP_tirtos.oem4f (.text:ClockP_setTimeout)
                  0000e258    000000bc     sysbios.aem4f : BIOS.obj (.text:ti_sysbios_knl_Task_exit__E)
                  0000e314    00000004     dpl_msp432e4.aem4f : ClockP_tirtos.oem4f (.text:ClockP_start)
                  0000e318    000000bc     sysbios.aem4f : BIOS.obj (.text:xdc_runtime_Core_createObject__I)
                  0000e3d4    000000ba     stk.aem4f : icmpin.oem4f (.text:ICMPRevSrcRoute)
                  0000e48e    00000002     --HOLE-- [fill = 0]
                  0000e490    000000b8               : lli.oem4f (.text:_LLITimeoutCheck)
                  0000e548    000000b8     ti_ndk_config.obj (.text:configIp)
                  0000e600    000000b8     sysbios.aem4f : BIOS.obj (.text:ti_sysbios_family_arm_m3_Hwi_Instance_init__E)
                  0000e6b8    000000b6     drivers_msp432e4.aem4f : UARTMSP432E4.oem4f (.text:readTaskCallback)
                  0000e76e    00000002     --HOLE-- [fill = 0]
                  0000e770    000000b4     stk.aem4f : tcptime.oem4f (.text:TcpTimeoutKeep)
                  0000e824    000000b2               : rawethsock.oem4f (.text:RawEthSockSet)
                  0000e8d6    000000b2     drivers_msp432e4.aem4f : UARTMSP432E4.oem4f (.text:UARTMSP432E4_close)
                  0000e988    000000b1     rtsv7M4_T_le_v4SPD16_eabi.lib : _printfi.c.obj (.text:_ltostr)
                  0000ea39    00000001     --HOLE-- [fill = 0]
                  0000ea3a    00000006     display.aem4f : DisplayUart.oem4f (.text:DisplayUartMin_control)
                  0000ea40    000000b0     sysbios.aem4f : BIOS.obj (.text:ti_sysbios_family_arm_lm4_Timer_enableTiva__I)
                  0000eaf0    000000ac     drivers_msp432e4.aem4f : EMACMSP432E4.oem4f (.text:EMACMSP432E4_initDMADescriptors)
                  0000eb9c    000000ac     stk.aem4f : rtable.oem4f (.text:RtTimeoutCheck)
                  0000ec48    000000ac     os.aem4f : task.oem4f (.text:TaskGetEnv)
                  0000ecf4    000000a8     stk.aem4f : sockint.oem4f (.text:SockCreatePacket)
                  0000ed9c    000000a8     drivers_msp432e4.aem4f : UARTMSP432E4.oem4f (.text:readTaskBlocking)
                  0000ee44    000000a4     os.aem4f : task.oem4f (.text:TaskSetEnv)
                  0000eee8    000000a4     sysbios.aem4f : BIOS.obj (.text:ti_sysbios_knl_Task_setPri__E)
                  0000ef8c    000000a0     drivers_msp432e4.aem4f : EMACMSP432E4.oem4f (.text:EMACMSP432E4_emacStop)
                  0000f02c    000000a0     stk.aem4f : ip.oem4f (.text:IPGetRoute)
                  0000f0cc    000000a0     auto_init.aem4f : auto_init.oem4f (.text)
                  0000f16c    0000009e     nettool_ipv4.aem4f : dnsclnt.oem4f (.text:DNSGetHostArrayByName)
                  0000f20a    00000002     --HOLE-- [fill = 0]
                  0000f20c    0000009e     stk.aem4f : nimu.oem4f (.text:NIMUAddEthernetHeader)
                  0000f2aa    0000009e     drivers_msp432e4.aem4f : UARTMSP432E4.oem4f (.text:UARTMSP432E4_readPolling)
                  0000f348    0000009c     stk.aem4f : exec.oem4f (.text:ExecOpen)
                  0000f3e4    00000004     dpl_msp432e4.aem4f : ClockP_tirtos.oem4f (.text:ClockP_stop)
                  0000f3e8    0000009c     sysbios.aem4f : BIOS.obj (.text:_pthread_removeThreadKeys)
                  0000f484    0000009c     rtsv7M4_T_le_v4SPD16_eabi.lib : memcpy_t2.asm.obj (.text)
                  0000f520    00000098     netctrl_min_ipv4.aem4f : netctrl.oem4f (.text:NC_SystemOpen)
                  0000f5b8    00000098                            : netsrv.oem4f (.text:ServiceScan)
                  0000f650    00000098     drivers_msp432e4.aem4f : UARTMSP432E4.oem4f (.text:UARTMSP432E4_write)
                  0000f6e8    00000096     rtsv7M4_T_le_v4SPD16_eabi.lib : ull_div_t2.asm.obj (.text)
                  0000f77e    00000002     --HOLE-- [fill = 0]
                  0000f780    00000094     nettool_ipv4.aem4f : config.oem4f (.text:CfgExecute)
                  0000f814    00000094                        : config.oem4f (.text:CfgRemoveEntry)
                  0000f8a8    00000094     os.aem4f : mem.oem4f (.text:_mmInit)
                  0000f93c    00000094     drivers_msp432e4.aem4f : UARTMSP432E4.oem4f (.text:readIsrTextBlocking)
                  0000f9d0    00000094     sysbios.aem4f : BIOS.obj (.text:ti_sysbios_family_arm_m3_Hwi_initNVIC__E)
                  0000fa64    00000092     slnetsock_release.a : slnetsock.oem4f (.text:SlNetSock_create)
                  0000faf6    00000002     --HOLE-- [fill = 0]
                  0000faf8    00000090     stk.aem4f : igmp.oem4f (.text:IGMPMsg)
                  0000fb88    00000090     slnetsock_release.a : slnetsock.oem4f (.text:SlNetSock_getVirtualSdConf)
                  0000fc18    00000090     drivers_msp432e4.aem4f : UARTMSP432E4.oem4f (.text:UARTMSP432E4_control)
                  0000fca8    00000090     slnetsock_release.a : slnetutils.oem4f (.text:createAddrInfo)
                  0000fd38    00000090     nettool_ipv4.aem4f : dhcpbild.oem4f (.text:dhcpBuildRequest)
                  0000fdc8    00000090     os.aem4f : mem.oem4f (.text:mmInitPage)
                  0000fe58    00000090     sysbios.aem4f : BIOS.obj (.text:ti_sysbios_knl_Task_Module_startup__E)
                  0000fee8    0000008e     nettool_ipv4.aem4f : dnscomn.oem4f (.text:DNSResolveQuery)
                  0000ff76    00000002     --HOLE-- [fill = 0]
                  0000ff78    0000008c     stk.aem4f : ip.oem4f (.text:IPMsg)
                  00010004    0000008c     slnetsock_release.a : slnetsock.oem4f (.text:SlNetSock_accept)
                  00010090    0000008c     msp432e4_driverlib.a : sysctl.o (.text:SysCtlPeripheralReset)
                  0001011c    0000008c     sysbios.aem4f : m3_TaskSupport_asm.obj (.text:ti_sysbios_family_arm_m3_TaskSupport_buildTaskStack)
                  000101a8    0000008c                   : BIOS.obj (.text:xdc_runtime_Memory_alloc__E)
                  00010234    0000008a     netctrl_min_ipv4.aem4f : netsrv.oem4f (.text:SPRoute)
                  000102be    00000002     --HOLE-- [fill = 0]
                  000102c0    00000088                            : netsrv.oem4f (.text:ServiceSpawn)
                  00010348    00000088     stk.aem4f : sockpcb.oem4f (.text:SockPcbCtlError)
                  000103d0    00000088     drivers_msp432e4.aem4f : UARTMSP432E4.oem4f (.text:readIsrTextCallback)
                  00010458    00000086     stk.aem4f : sock.oem4f (.text:SockCheck)
                  000104de    00000086     nettool_ipv4.aem4f : dhcpsm.oem4f (.text:StateRequesting)
                  00010564    00000086     rtsv7M4_T_le_v4SPD16_eabi.lib : fd_cmp_t2.asm.obj (.text:__aeabi_cdcmple)
                  000105ea    00000086                                   : fd_cmp_t2.asm.obj (.text:__aeabi_cdrcmple)
                  00010670    00000086     sysbios.aem4f : BIOS.obj (.text:xdc_runtime_Core_constructObject__I)
                  000106f6    00000002     --HOLE-- [fill = 0]
                  000106f8    00000084     nettool_ipv4.aem4f : config.oem4f (.text:CfgGetEntry)
                  0001077c    00000084     drivers_msp432e4.aem4f : EMACMSP432E4.oem4f (.text:EMACMSP432E4_hwiIntFxn)
                  00010800    00000084                            : EMACMSP432E4.oem4f (.text:EMACMSP432E4_processPendingTx)
                  00010884    00000084                            : EMACMSP432E4.oem4f (.text:EMACMSP432E4_processPhyInterrupt)
                  00010908    00000084     stk.aem4f : raw.oem4f (.text:RawOutput)
                  0001098c    00000084     slnetsock_release.a : slnetutils.oem4f (.text:SlNetUtil_getHostByName)
                  00010a10    00000084     stk.aem4f : sockpcb.oem4f (.text:SockCleanPcb)
                  00010a94    00000084               : tcpprot.oem4f (.text:TcpPrAttach)
                  00010b18    00000084               : fileuser.oem4f (.text:fdClose)
                  00010b9c    00000084     os.aem4f : mem.oem4f (.text:mmFree)
                  00010c20    00000084     sysbios.aem4f : BIOS.obj (.text:ti_sysbios_family_arm_m3_Hwi_postInit__I)
                  00010ca4    00000004     dpl_msp432e4.aem4f : HwiP_tirtos.oem4f (.text:HwiP_disable)
                  00010ca8    00000084     sysbios.aem4f : BIOS.obj (.text:ti_sysbios_heaps_HeapMem_free__E)
                  00010d2c    00000082     nettool_ipv4.aem4f : dhcpsm.oem4f (.text:StateRenewRebind)
                  00010dae    00000002     --HOLE-- [fill = 0]
                  00010db0    00000080     stk.aem4f : lli.oem4f (.text:LLINew)
                  00010e30    00000080               : pbm.oem4f (.text:PBM_alloc)
                  00010eb0    00000080     sysbios.aem4f : BIOS.obj (.text:ti_sysbios_knl_Clock_workFunc__E)
                  00010f30    0000007e     slnetifndk_msp432e4.aem4f : slnetifndk.oem4f (.text:SlNetIfNDK_getConnectionStatus)
                  00010fae    0000007e     slnetsock_release.a : slnetutils.oem4f (.text:setAddrInfo)
                  0001102c    0000007c     nettool_ipv4.aem4f : config.oem4f (.text:CfgGetNextEntry)
                  000110a8    0000007c     stk.aem4f : igmp.oem4f (.text:IGMPDoMCast)
                  00011124    0000007c               : igmp.oem4f (.text:IGMPJoin)
                  000111a0    0000007c               : socket.oem4f (.text:NDK_getsockopt)
                  0001121c    0000007c               : socket.oem4f (.text:NDK_setsockopt)
                  00011298    0000007c               : nimu.oem4f (.text:NIMURegister)
                  00011314    0000007c     netctrl_min_ipv4.aem4f : netsrv.oem4f (.text:NS_BootTask)
                  00011390    0000007c     stk.aem4f : pbm.oem4f (.text:PBM_free)
                  0001140c    0000007c     rtsv7M4_T_le_v4SPD16_eabi.lib : fflush.c.obj (.text:fflush)
                  00011488    0000007c     os.aem4f : mem.oem4f (.text:mmBulkFree)
                  00011504    0000007c     drivers_msp432e4.aem4f : UARTMSP432E4.oem4f (.text:writeData)
                  00011580    0000007a     stk.aem4f : sock.oem4f (.text:SockAccept)
                  000115fa    0000007a     rtsv7M4_T_le_v4SPD16_eabi.lib : memset_t2.asm.obj (.text)
                  00011674    00000078     stk.aem4f : socket.oem4f (.text:NDK_sendto)
                  000116ec    00000078               : tcptime.oem4f (.text:TcpXmitTimer)
                  00011764    00000078               : fileuser.oem4f (.text:fdOpenSession)
                  000117dc    00000078     os.aem4f : os_ll.oem4f (.text:llExit)
                  00011854    00000076     stk.aem4f : pipe.oem4f (.text:PipeSend)
                  000118ca    00000076     msp432e4_driverlib.a : uart.o (.text:UARTConfigSetExpClk)
                  00011940    00000075     stk.aem4f : tcptime.oem4f (.text:TcpTimeoutSackRexmt)
                  000119b5    00000003     --HOLE-- [fill = 0]
                  000119b8    00000075     sysbios.aem4f : BIOS.obj (.text:xdc_runtime_System_formatNum__I)
                  00011a2d    00000003     --HOLE-- [fill = 0]
                  00011a30    00000074     drivers_msp432e4.aem4f : EMACMSP432E4.oem4f (.text:EMACMSP432E4_processTransmitted)
                  00011aa4    00000074     stk.aem4f : igmp.oem4f (.text:IGMPLeaveHostGroup)
                  00011b18    00000074               : socket.oem4f (.text:NDK_recvfrom)
                  00011b8c    00000074               : nimu.oem4f (.text:NIMUShutdown)
                  00011c00    00000074               : raweth.oem4f (.text:RawEthRxPacket)
                  00011c74    00000074     slnetsock_release.a : slnetsock.oem4f (.text:SlNetSock_AllocVirtualSocket)
                  00011ce8    00000074     stk.aem4f : sockpcb.oem4f (.text:SockPcbConnect)
                  00011d5c    00000074     rtsv7M4_T_le_v4SPD16_eabi.lib : fclose.c.obj (.text:__TI_closefile)
                  00011dd0    00000074     hal_timer.aem4f : lltimer.oem4f (.text:llTimerTick)
                  00011e44    00000004     os.aem4f : oem.oem4f (.text:NDK_HwiP_disable)
                  00011e48    00000074     sysbios.aem4f : BIOS.obj (.text:xdc_runtime_Core_deleteObject__I)
                  00011ebc    00000070     stk.aem4f : socket.oem4f (.text:NDK_accept)
                  00011f2c    00000070               : socket.oem4f (.text:NDK_send)
                  00011f9c    00000070               : rtable.oem4f (.text:RtFlush)
                  0001200c    00000070     netctrl_min_ipv4.aem4f : netsrv.oem4f (.text:SPConfig)
                  0001207c    00000070     stk.aem4f : sock.oem4f (.text:SockShutdown)
                  000120ec    00000070     nettool_ipv4.aem4f : dhcptags.oem4f (.text:dhcpDecodeType)
                  0001215c    00000070     slnetsock_release.a : netdb.oem4f (.text:getaddrinfo)
                  000121cc    00000070     os.aem4f : mem.oem4f (.text:mmBulkAlloc)
                  0001223c    00000004              : NDK_SemaphoreP_tirtos.oem4f (.text:NDK_SemaphoreP_post)
                  00012240    00000070     sysbios.aem4f : BIOS.obj (.text:ti_sysbios_heaps_HeapMem_initPrimary__I)
                  000122b0    0000006e     stk.aem4f : socket.oem4f (.text:NDK_recv)
                  0001231e    00000002     --HOLE-- [fill = 0]
                  00012320    0000006e               : rtable.oem4f (.text:RtWalkNext)
                  0001238e    0000006e     rtsv7M4_T_le_v4SPD16_eabi.lib : _printfi.c.obj (.text:_mcpy)
                  000123fc    0000006d     stk.aem4f : node.oem4f (.text:NodeNew)
                  00012469    00000003     --HOLE-- [fill = 0]
                  0001246c    0000006c     os.aem4f : ossys.oem4f (.text:DbgPrintf)
                  000124d8    0000006c     msp432e4_driverlib.a : emac.o (.text:EMACPHYConfigSet)
                  00012544    0000006c     rtsv7M4_T_le_v4SPD16_eabi.lib : hostrename.c.obj (.text:HOSTrename)
                  000125b0    0000006c     stk.aem4f : node.oem4f (.text:NodeTreeNew)
                  0001261c    0000006c               : pbm.oem4f (.text:PBM_open)
                  00012688    0000006c     drivers_msp432e4.aem4f : PowerMSP432E4.oem4f (.text:Power_releaseDependency)
                  000126f4    0000006c     stk.aem4f : raweth.oem4f (.text:RawEthTxPacket)
                  00012760    0000006c     slnetsock_release.a : slnetutils.oem4f (.text:SlNetUtil_str2BinIpV4)
                  000127cc    0000006c     stk.aem4f : udp.oem4f (.text:UdpChecksum)
                  00012838    0000006c     hal_timer.aem4f : lltimer.oem4f (.text:llTimerGetTime)
                  000128a4    00000004     os.aem4f : ossys.oem4f (.text:NDK_vsprintf)
                  000128a8    0000006c     sysbios.aem4f : BIOS.obj (.text:pthread_cancel)
                  00012914    00000004     stk.aem4f : node.oem4f (.text:NodeSetRt)
                  00012918    0000006c     sysbios.aem4f : BIOS.obj (.text:ti_sysbios_knl_Swi_restoreHwi__E)
                  00012984    0000006a     stk.aem4f : tcpprot.oem4f (.text:TcpPrInherit)
                  000129ee    00000002     --HOLE-- [fill = 0]
                  000129f0    00000068     rtsv7M4_T_le_v4SPD16_eabi.lib : hostlseek.c.obj (.text:HOSTlseek)
                  00012a58    00000068     stk.aem4f : socket.oem4f (.text:NDK_socket)
                  00012ac0    00000068     drivers_msp432e4.aem4f : PowerMSP432E4.oem4f (.text:Power_setDependency)
                  00012b28    00000068     stk.aem4f : sock.oem4f (.text:SockListen)
                  00012b90    00000068               : sockpcb.oem4f (.text:SockPcbFindRaw)
                  00012bf8    00000068               : rtable.oem4f (.text:_RtNodeInsert)
                  00012c60    00000068     rtsv7M4_T_le_v4SPD16_eabi.lib : copy_decompress_lzss.c.obj (.text:decompress:lzss:__TI_decompress_lzss)
                  00012cc8    00000068     sysbios.aem4f : BIOS.obj (.text:pthread_exit)
                  00012d30    00000068     drivers_msp432e4.aem4f : UARTMSP432E4.oem4f (.text:readIsrBinaryBlocking)
                  00012d98    00000066     ti_ndk_config.obj (.text:configTcp)
                  00012dfe    00000002     --HOLE-- [fill = 0]
                  00012e00    00000064     nettool_ipv4.aem4f : config.oem4f (.text:CfgFree)
                  00012e64    00000064     stk.aem4f : file.oem4f (.text:FdWaitEvent)
                  00012ec8    00000064               : pbm.oem4f (.text:PBMQ_enq)
                  00012f2c    00000064     drivers_msp432e4.aem4f : PowerMSP432E4.oem4f (.text:Power_init)
                  00012f90    00000064     slnetifndk_msp432e4.aem4f : slnetifndk.oem4f (.text:SlNetIfNDK_getHostByName)
                  00012ff4    00000064     stk.aem4f : sockint.oem4f (.text:SockSpawnAbort)
                  00013058    00000064               : tcpprot.oem4f (.text:TcpPrGetOption)
                  000130bc    00000064     rtsv7M4_T_le_v4SPD16_eabi.lib : s_frexp.c.obj (.text:frexp)
                  00013120    00000064                                   : fseek.c.obj (.text:fseek)
                  00013184    00000064     drivers_msp432e4.aem4f : UARTMSP432E4.oem4f (.text:readIsrBinaryCallback)
                  000131e8    00000064     sysbios.aem4f : BIOS.obj (.text:ti_sysbios_family_arm_lm4_Timer_Module_startup__E)
                  0001324c    00000004     stk.aem4f : rawethsock.oem4f (.text:RawEthSockGetCtx)
                  00013250    00000064     sysbios.aem4f : BIOS.obj (.text:ti_sysbios_family_arm_m3_Hwi_dispatchC__I)
                  000132b4    00000064     stk.aem4f : lliin.oem4f (.text:updateRtTable)
                  00013318    00000062               : ipin.oem4f (.text:IPRouteIP)
                  0001337a    00000002     --HOLE-- [fill = 0]
                  0001337c    00000062               : sb.oem4f (.text:SBNew)
                  000133de    00000062     rtsv7M4_T_le_v4SPD16_eabi.lib : _io_perm.c.obj (.text:__TI_wrt_ok)
                  00013440    00000060     nettool_ipv4.aem4f : config.oem4f (.text:CfgGetEntryCnt)
                  000134a0    00000060     msp432e4_driverlib.a : emac.o (.text:EMACConfigGet)
                  00013500    00000060                          : emac.o (.text:EMACIntDisable)
                  00013560    00000060     rtsv7M4_T_le_v4SPD16_eabi.lib : hostopen.c.obj (.text:HOSTopen)
                  000135c0    00000060     stk.aem4f : socket.oem4f (.text:NDK_getpeername)
                  00013620    00000060               : socket.oem4f (.text:NDK_getsockname)
                  00013680    00000060               : socket.oem4f (.text:NDK_shutdown)
                  000136e0    00000060               : nimu.oem4f (.text:NIMUUnregister)
                  00013740    00000060               : node.oem4f (.text:NodeFind)
                  000137a0    00000060               : rtc.oem4f (.text:RTCMsg)
                  00013800    00000060     os.aem4f : task.oem4f (.text:TaskCreate)
                  00013860    00000060     stk.aem4f : tcp.oem4f (.text:TcpChecksum)
                  000138c0    00000060     nettool_ipv4.aem4f : dhcptags.oem4f (.text:dhcpBuildOptions)
                  00013920    00000060     sysbios.aem4f : BIOS.obj (.text:ti_sysbios_family_arm_lm4_Seconds_getTime__E)
                  00013980    00000060                   : BIOS.obj (.text:ti_sysbios_knl_Semaphore_post__E)
                  000139e0    00000060                   : BIOS.obj (.text:ti_sysbios_knl_Swi_run__I)
                  00013a40    0000005e     msp432e4_driverlib.a : emac.o (.text:EMACIntEnable)
                  00013a9e    0000005e     stk.aem4f : route.oem4f (.text:RtRemove)
                  00013afc    0000005e     nettool_ipv4.aem4f : dhcpsm.oem4f (.text:StateSelecting)
                  00013b5a    0000005e     stk.aem4f : vlan.oem4f (.text:VLANReceivePacket)
                  00013bb8    0000005c     nettool_ipv4.aem4f : config.oem4f (.text:CfgSetExecuteOrder)
                  00013c14    0000005c     display.aem4f : Display.oem4f (.text:Display_doOpen)
                  00013c70    0000005c     msp432e4_driverlib.a : emac.o (.text:EMACAddrSet)
                  00013ccc    0000005c                          : emac.o (.text:EMACIntStatus)
                  00013d28    0000005c                          : gpio.o (.text:GPIODirModeSet)
                  00013d84    0000005c     stk.aem4f : nimu.oem4f (.text:NIMUIoctlSpecialCmd)
                  00013de0    0000005c     netctrl_min_ipv4.aem4f : netsrv.oem4f (.text:SPService)
                  00013e3c    0000005c     rtsv7M4_T_le_v4SPD16_eabi.lib : close.c.obj (.text:close)
                  00013e98    0000005c     drivers_msp432e4.aem4f : UARTMSP432E4.oem4f (.text:getPowerResourceId)
                  00013ef4    00000004     stk.aem4f : rawethsock_prot.oem4f (.text:RawEthSockPrAttach)
                  00013ef8    0000005c     sysbios.aem4f : BIOS.obj (.text:ti_sysbios_knl_Swi_schedule__I)
                  00013f54    00000004     stk.aem4f : rawethsock_prot.oem4f (.text:RawEthSockPrDetach)
                  00013f58    0000005c     sysbios.aem4f : BIOS.obj (.text:ti_sysbios_knl_Task_startCore__E)
                  00013fb4    00000004     os.aem4f : semaphore.oem4f (.text:SemReset)
                  00013fb8    0000005c     sysbios.aem4f : BIOS.obj (.text:xdc_runtime_Startup_exec__E)
                  00014014    0000005a     stk.aem4f : rawethsock.oem4f (.text:RawEthSockCheck)
                  0001406e    0000005a               : route.oem4f (.text:RtRedirect)
                  000140c8    0000005a               : tcpprot.oem4f (.text:TcpValidateMetrics)
                  00014122    0000005a     nettool_ipv4.aem4f : dhcpbild.oem4f (.text:dhcpBuildDecline)
                  0001417c    00000058     stk.aem4f : bind.oem4f (.text:BindFree)
                  000141d4    00000058     msp432e4_driverlib.a : emac.o (.text:EMACIntClear)
                  0001422c    00000058     rtsv7M4_T_le_v4SPD16_eabi.lib : hostread.c.obj (.text:HOSTread)
                  00014284    00000058                                   : hostwrite.c.obj (.text:HOSTwrite)
                  000142dc    00000058     stk.aem4f : igmp.oem4f (.text:IGMPTimer)
                  00014334    00000058     slnetsock_release.a : slnetsock.oem4f (.text:SlNetSock_recv)
                  0001438c    00000058                         : slnetsock.oem4f (.text:SlNetSock_send)
                  000143e4    00000058     boot.aem4f : boot.oem4f (.text)
                  0001443c    00000058     sysbios.aem4f : m3_Hwi_asm_switch.obj (.text:ti_sysbios_family_arm_m3_Hwi_initStacks__E)
                  00014494    00000056     rtsv7M4_T_le_v4SPD16_eabi.lib : _printfi.c.obj (.text:_pconv_f)
                  000144ea    00000002     --HOLE-- [fill = 0]
                  000144ec    00000054     nettool_ipv4.aem4f : config.oem4f (.text:CfgEntryDeRef)
                  00014540    00000054     stk.aem4f : rawethsock_pcb.oem4f (.text:RawEthSockPcbAttach)
                  00014594    00000054               : tcptime.oem4f (.text:TcpTimeoutPersist)
                  000145e8    00000054     rtsv7M4_T_le_v4SPD16_eabi.lib : ltoa.c.obj (.text:ltoa)
                  0001463c    00000004     dpl_msp432e4.aem4f : SemaphoreP_tirtos.oem4f (.text:SemaphoreP_post)
                  00014640    00000054     sysbios.aem4f : BIOS.obj (.text:ti_sysbios_family_arm_lm4_Timer_initDevice__I)
                  00014694    00000054     release_pem4f.oem4f (.text:ti_sysbios_family_arm_m3_Hwi_create)
                  000146e8    00000054     sysbios.aem4f : BIOS.obj (.text:timer_gettime)
                  0001473c    00000052     nettool_ipv4.aem4f : dnscomn.oem4f (.text:DNSReplyFree)
                  0001478e    00000052     stk.aem4f : igmp.oem4f (.text:IGMPLeave)
                  000147e0    00000052               : socket.oem4f (.text:NDK_bind)
                  00014832    00000052               : tcpprot.oem4f (.text:TcpPrDetach)
                  00014884    00000052     rtsv7M4_T_le_v4SPD16_eabi.lib : _printfi.c.obj (.text:_ecpy)
                  000148d6    00000002     --HOLE-- [fill = 0]
                  000148d8    00000050     dpl_msp432e4.aem4f : ClockP_tirtos.oem4f (.text:ClockP_create)
                  00014928    00000050     msp432e4_driverlib.a : emac.o (.text:EMACConfigSet)
                  00014978    00000050     stk.aem4f : socket.oem4f (.text:NDK_connect)
                  000149c8    00000050               : route.oem4f (.text:RtNew)
                  00014a18    00000050     slnetsock_release.a : slnetif.oem4f (.text:SlNetIf_queryIf)
                  00014a68    00000050     drivers_msp432e4.aem4f : UARTMSP432E4.oem4f (.text:UARTMSP432E4_hwiIntFxn)
                  00014ab8    00000050     sysbios.aem4f : BIOS.obj (.text:ti_sysbios_family_arm_m3_Hwi_Module_startup__E)
                  00014b08    00000050                   : BIOS.obj (.text:ti_sysbios_knl_Clock_Instance_init__E)
                  00014b58    00000050     release_pem4f.oem4f (.text:ti_sysbios_knl_Task_create)
                  00014ba8    0000004e     msp432e4_driverlib.a : emac.o (.text:EMACPHYWrite)
                  00014bf6    0000004e     stk.aem4f : node.oem4f (.text:NodeDeRef)
                  00014c44    0000004e               : file.oem4f (.text:fdint_lockfd)
                  00014c92    0000004e     os.aem4f : mem.oem4f (.text:mmCopy)
                  00014ce0    0000004c     msp432e4_driverlib.a : emac.o (.text:EMACPHYRead)
                  00014d2c    0000004c     nettool_ipv4.aem4f : ipaddr.oem4f (.text:NtAddNetwork)
                  00014d78    0000004c     slnetsock_release.a : slnetsock.oem4f (.text:SlNetSock_freeVirtualSocket)
                  00014dc4    0000004c     stk.aem4f : sockint.oem4f (.text:SockValidateRoute)
                  00014e10    0000004c               : timer.oem4f (.text:TimerListInsert)
                  00014e5c    0000004c     drivers_msp432e4.aem4f : UARTMSP432E4.oem4f (.text:UARTMSP432E4_writePolling)
                  00014ea8    0000004c     rtsv7M4_T_le_v4SPD16_eabi.lib : fflush.c.obj (.text:__TI_doflush)
                  00014ef4    0000004c                                   : atoi.c.obj (.text:atoi)
                  00014f40    0000004c                                   : cpy_tbl.c.obj (.text:copy_in)
                  00014f8c    0000004c     os.aem4f : mem.oem4f (.text:mmZeroInit)
                  00014fd8    0000004c     drivers_msp432e4.aem4f : UARTMSP432E4.oem4f (.text:ringBufGet)
                  00015024    00000004     slnetsock_release.a : slnetif.oem4f (.text:SlNetIf_init)
                  00015028    0000004c     sysbios.aem4f : BIOS.obj (.text:ti_sysbios_heaps_HeapMem_getStats__E)
                  00015074    00000004     slnetsock_release.a : slnetutils.oem4f (.text:SlNetUtil_init)
                  00015078    0000004c     sysbios.aem4f : BIOS.obj (.text:ti_sysbios_knl_Swi_runLoop__I)
                  000150c4    00000004     stk.aem4f : sock.oem4f (.text:SockGetCtx)
                  000150c8    0000004c     sysbios.aem4f : BIOS.obj (.text:ti_sysbios_knl_Task_allBlockedFunction__I)
                  00015114    00000004     dpl_msp432e4.aem4f : SystemP_tirtos.oem4f (.text:SystemP_vsnprintf)
                  00015118    0000004c     sysbios.aem4f : BIOS.obj (.text:ti_sysbios_knl_Task_schedule__I)
                  00015164    0000004a     display.aem4f : DisplayUart.oem4f (.text:DisplayUartMin_open)
                  000151ae    0000004a     netctrl_min_ipv4.aem4f : netsrv.oem4f (.text:ServiceKill)
                  000151f8    0000004a     stk.aem4f : sock.oem4f (.text:SockDisconnect)
                  00015242    00000002     --HOLE-- [fill = 0]
                  00015244    0000004a               : timer.oem4f (.text:TimerNew)
                  0001528e    0000004a     nettool_ipv4.aem4f : config.oem4f (.text:_CfgEntryScan)
                  000152d8    00000048                        : config.oem4f (.text:CfgNew)
                  00015320    00000048     stk.aem4f : lli.oem4f (.text:LLIMsg)
                  00015368    00000048               : node.oem4f (.text:NodeWalk)
                  000153b0    00000048               : rawethsock_pcb.oem4f (.text:RawEthSockPcbDetach)
                  000153f8    00000048     slnetsock_release.a : slnetsock.oem4f (.text:SlNetSock_init)
                  00015440    00000048                         : slnetsock.oem4f (.text:SlNetSock_setOpt)
                  00015488    00000048     stk.aem4f : sockpcb.oem4f (.text:SockPcbResolveChain)
                  000154d0    00000048               : tcpprot.oem4f (.text:TcpDrop)
                  00015518    00000048     drivers_msp432e4.aem4f : UARTMSP432E4.oem4f (.text:UARTMSP432E4_writeCancel)
                  00015560    00000048     stk.aem4f : lli.oem4f (.text:_LLIExpListInsert)
                  000155a8    00000048               : rtable.oem4f (.text:_RtExpListInsert)
                  000155f0    00000048     rtsv7M4_T_le_v4SPD16_eabi.lib : exit.c.obj (.text:exit)
                  00015638    00000048                                   : fd_toi_t2.asm.obj (.text)
                  00015680    00000048     ti_ndk_config.obj (.text:ti_ndk_config_Global_startupFxn)
                  000156c8    00000048     sysbios.aem4f : BIOS.obj (.text:ti_sysbios_family_arm_lm4_Timer_enableTimers__I)
                  00015710    00000048                   : BIOS.obj (.text:ti_sysbios_family_arm_m3_Hwi_disableInterrupt__E)
                  00015758    00000048                   : BIOS.obj (.text:ti_sysbios_family_arm_m3_Hwi_enableInterrupt__E)
                  000157a0    00000048                   : BIOS.obj (.text:ti_sysbios_knl_Mailbox_Module_startup__E)
                  000157e8    00000048                   : BIOS.obj (.text:ti_sysbios_knl_Task_deleteTerminatedTasksFunc__I)
                  00015830    00000048                   : BIOS.obj (.text:xdc_runtime_Core_assignParams__I)
                  00015878    00000046     display.aem4f : DisplayUart.oem4f (.text:DisplayUartMin_vprintf)
                  000158be    00000046     nettool_ipv4.aem4f : ipaddr.oem4f (.text:NtIfIdx2Ip)
                  00015904    00000046     stk.aem4f : rawethsock.oem4f (.text:RawEthSockSend)
                  0001594a    00000046     drivers_msp432e4.aem4f : RingBuf.oem4f (.text:RingBuf_put)
                  00015990    00000046     os.aem4f : semaphore.oem4f (.text:SemCreateBinary)
                  000159d6    00000046     stk.aem4f : tcpprot.oem4f (.text:TcpPrCtlError)
                  00015a1c    00000044     nettool_ipv4.aem4f : dnspkt.oem4f (.text:DNSBuildRequest)
                  00015a60    00000044     msp432e4_driverlib.a : gpio.o (.text:GPIOPinConfigure)
                  00015aa4    00000044     rtsv7M4_T_le_v4SPD16_eabi.lib : hostclose.c.obj (.text:HOSTclose)
                  00015ae8    00000044                                   : hostunlink.c.obj (.text:HOSTunlink)
                  00015b2c    00000044     stk.aem4f : icmp.oem4f (.text:ICMPChecksum)
                  00015b70    00000044               : ipfrag.oem4f (.text:IPReasmFree)
                  00015bb4    00000044               : lli.oem4f (.text:LLIGetValidTime)
                  00015bf8    00000044               : rtable.oem4f (.text:RouteMsg)
                  00015c3c    00000044               : rtable.oem4f (.text:RtWalkEnd)
                  00015c80    00000044     slnetsock_release.a : slnetutils.oem4f (.text:SlNetUtil_strTok)
                  00015cc4    00000044     stk.aem4f : sock.oem4f (.text:SockIntAbort)
                  00015d08    00000044               : sockpcb.oem4f (.text:SockPcbDetach)
                  00015d4c    00000044     msp432e4_driverlib.a : sysctl.o (.text:SysCtlPeripheralPresent)
                  00015d90    00000044                          : sysctl.o (.text:SysCtlPeripheralReady)
                  00015dd4    00000044     drivers_msp432e4.aem4f : UART.oem4f (.text:UART_init)
                  00015e18    00000044     rtsv7M4_T_le_v4SPD16_eabi.lib : getdevice.c.obj (.text:getdevice)
                  00015e5c    00000044                                   : fd_tou_t2.asm.obj (.text)
                  00015ea0    00000044     ti_net_config.obj (.text:ti_net_SlNet_initConfig)
                  00015ee4    00000004     os.aem4f : task.oem4f (.text:TaskSelf)
                  00015ee8    00000044     sysbios.aem4f : BIOS.obj (.text:ti_sysbios_family_arm_lm4_Timer_isrStub__E)
                  00015f2c    00000004     os.aem4f : task.oem4f (.text:TaskSetPri)
                  00015f30    00000044     sysbios.aem4f : BIOS.obj (.text:ti_sysbios_family_arm_m3_Hwi_getStackInfo__E)
                  00015f74    00000004     hal_ser_stub.aem4f : llserstb.oem4f (.text:_llSerialInit)
                  00015f78    00000044     sysbios.aem4f : BIOS.obj (.text:ti_sysbios_knl_Mailbox_postInit__I)
                  00015fbc    00000004     rtsv7M4_T_le_v4SPD16_eabi.lib : exit.c.obj (.text:abort:abort)
                  00015fc0    00000044     sysbios.aem4f : BIOS.obj (.text:ti_sysbios_knl_Swi_post__E)
                  00016004    00000004     stk.aem4f : listlib.oem4f (.text:list_get_head)
                  00016008    00000044     sysbios.aem4f : BIOS.obj (.text:xdc_runtime_System_atexit__E)
                  0001604c    00000042     stk.aem4f : socket.oem4f (.text:NDK_listen)
                  0001608e    00000042               : rawethsock.oem4f (.text:RawEthSockShutdown)
                  000160d0    00000042               : tcpprot.oem4f (.text:TcpPrSendOOB)
                  00016112    00000042               : fileuser.oem4f (.text:fdCloseSession)
                  00016154    00000040     dpl_msp432e4.aem4f : HwiP_tirtos.oem4f (.text:HwiP_create)
                  00016194    00000040     stk.aem4f : lliin.oem4f (.text:LLIValidateRoute)
                  000161d4    00000040               : pbm.oem4f (.text:PBM_copy)
                  00016214    00000040     drivers_msp432e4.aem4f : RingBuf.oem4f (.text:RingBuf_get)
                  00016254    00000040     os.aem4f : semaphore.oem4f (.text:SemCreate)
                  00016294    00000040     slnetsock_release.a : slnetsock.oem4f (.text:SlNetSock_bind)
                  000162d4    00000040     stk.aem4f : sockpcb.oem4f (.text:SockPcbRtChange)
                  00016314    00000040     msp432e4_driverlib.a : sysctl.o (.text:SysCtlPeripheralDisable)
                  00016354    00000040                          : sysctl.o (.text:SysCtlPeripheralEnable)
                  00016394    00000040                          : sysctl.o (.text:SysCtlPeripheralPowerOff)
                  000163d4    00000040                          : sysctl.o (.text:SysCtlPeripheralPowerOn)
                  00016414    00000040                          : sysctl.o (.text:SysCtlPeripheralSleepDisable)
                  00016454    00000040                          : sysctl.o (.text:SysCtlPeripheralSleepEnable)
                  00016494    00000040     stk.aem4f : tcpprot.oem4f (.text:TcpPrSend)
                  000164d4    00000040     drivers_msp432e4.aem4f : UARTMSP432E4.oem4f (.text:UARTMSP432E4_read)
                  00016514    00000040                            : UART.oem4f (.text:UART_open)
                  00016554    00000040     rtsv7M4_T_le_v4SPD16_eabi.lib : u_divt2.asm.obj (.text)
                  00016594    00000040                                   : sprintf.c.obj (.text:sprintf)
                  000165d4    00000004     stk.aem4f : listlib.oem4f (.text:list_get_next)
                  000165d8    00000040     sysbios.aem4f : BIOS.obj (.text:ti_sysbios_family_arm_lm4_Timer_startup__E)
                  00016618    00000040                   : BIOS.obj (.text:ti_sysbios_heaps_HeapMem_Instance_init__E)
                  00016658    0000003e     nettool_ipv4.aem4f : dhcpmain.oem4f (.text:DHCPClose)
                  00016696    00000002     --HOLE-- [fill = 0]
                  00016698    0000003e     stk.aem4f : nimu.oem4f (.text:NIMUAllocateName)
                  000166d6    0000003e     slnetsock_release.a : slnetsock.oem4f (.text:SlNetSock_close)
                  00016714    0000003e     stk.aem4f : tcpprot.oem4f (.text:TcpPrDisconnect)
                  00016752    0000003e     rtsv7M4_T_le_v4SPD16_eabi.lib : _printfi.c.obj (.text:_fcpy)
                  00016790    0000003e     stk.aem4f : file.oem4f (.text:fdint_unlockfd)
                  000167ce    0000003c     nettool_ipv4.aem4f : config.oem4f (.text:CfgEntryGetData)
                  0001680a    00000002     --HOLE-- [fill = 0]
                  0001680c    0000003c     stk.aem4f : exec.oem4f (.text:ExecClose)
                  00016848    0000003c               : node.oem4f (.text:NodeUpdatePL)
                  00016884    0000003c               : rtable.oem4f (.text:RtWalkBegin)
                  000168c0    0000003c               : tcpprot.oem4f (.text:TcpPrConnect)
                  000168fc    0000003c               : tcptime.oem4f (.text:TcpSetPersist)
                  00016938    0000003c               : rtc.oem4f (.text:_RTCSendRtAdv)
                  00016974    0000003c               : rtable.oem4f (.text:_RtNodeRemove)
                  000169b0    0000003c     hal_timer.aem4f : lltimer.oem4f (.text:_llTimerInit)
                  000169ec    00000004     release_pem4f.oem4f (.text:ti_sysbios_BIOS_RtsGateProxy_enter__E)
                  000169f0    0000003c     sysbios.aem4f : BIOS.obj (.text:ti_sysbios_family_arm_m3_Hwi_Instance_finalize__E)
                  00016a2c    0000003c     release_pem4f.oem4f (.text:ti_sysbios_knl_Clock_create)
                  00016a68    0000003c     sysbios.aem4f : BIOS.obj (.text:ti_sysbios_knl_Swi_restore__E)
                  00016aa4    00000004     release_pem4f.oem4f (.text:ti_sysbios_BIOS_RtsGateProxy_leave__E)
                  00016aa8    0000003c     sysbios.aem4f : BIOS.obj (.text:timer_delete)
                  00016ae4    00000004                   : BIOS.obj (.text:ti_sysbios_family_arm_lm4_Timer_masterEnable__I)
                  00016ae8    0000003c                   : BIOS.obj (.text:xdc_runtime_System_processAtExit__E)
                  00016b24    0000003a     stk.aem4f : ip.oem4f (.text:IPChecksum)
                  00016b5e    00000002     --HOLE-- [fill = 0]
                  00016b60    00000038               : ipfrag.oem4f (.text:IPReasmTimeout)
                  00016b98    00000038               : node.oem4f (.text:NodeGetRt)
                  00016bd0    00000038     slnetsock_release.a : slnetif.oem4f (.text:SlNetIf_configCheck)
                  00016c08    00000038                         : slnetsock.oem4f (.text:SlNetSock_listen)
                  00016c40    00000038                         : slnetutils.oem4f (.text:SlNetUtil_htonl)
                  00016c78    00000038     stk.aem4f : tcpprot.oem4f (.text:TcpClose)
                  00016cb0    00000038               : timer.oem4f (.text:TimerHSTick)
                  00016ce8    00000038     rtsv7M4_T_le_v4SPD16_eabi.lib : trgmsg.c.obj (.text:__TI_writemsg)
                  00016d20    00000038     nettool_ipv4.aem4f : dhcptags.oem4f (.text:dhcpOptionsClear)
                  00016d58    00000038     stk.aem4f : file.oem4f (.text:fdint_waitevent)
                  00016d90    00000038     rtsv7M4_T_le_v4SPD16_eabi.lib : fs_tod_t2.asm.obj (.text)
                  00016dc8    00000038     sysbios.aem4f : BIOS.obj (.text:ti_sysbios_knl_Task_processVitalTaskFlag__I)
                  00016e00    00000036     drivers_msp432e4.aem4f : UARTMSP432E4.oem4f (.text:UARTMSP432E4_readCancel)
                  00016e36    00000036     rtsv7M4_T_le_v4SPD16_eabi.lib : strncpy.c.obj (.text:strncpy)
                  00016e6c    00000034     nettool_ipv4.aem4f : config.oem4f (.text:CfgSetService)
                  00016ea0    00000034     drivers_msp432e4.aem4f : EMACMSP432E4.oem4f (.text:EMACMSP432E4_emacPoll)
                  00016ed4    00000034                            : EMACMSP432E4.oem4f (.text:EMACMSP432E4_isLinkUp)
                  00016f08    00000034     stk.aem4f : nimu.oem4f (.text:NIMUFindByName)
                  00016f3c    00000034               : rawethsock.oem4f (.text:RawEthSockClose)
                  00016f70    00000034               : rawethsock.oem4f (.text:RawEthSockNotify)
                  00016fa4    00000034     slnetsock_release.a : slnetutils.oem4f (.text:SlNetUtil_htons)
                  00016fd8    00000034     stk.aem4f : sockprot.oem4f (.text:SockPrCtlError)
                  0001700c    00000034     rtsv7M4_T_le_v4SPD16_eabi.lib : fopen.c.obj (.text:__TI_cleanup)
                  00017040    00000034                                   : trgmsg.c.obj (.text:__TI_readmsg)
                  00017074    00000004     release_pem4f.oem4f (.text:ti_sysbios_family_arm_m3_Hwi_delete)
                  00017078    00000034     sysbios.aem4f : BIOS.obj (.text:_pthread_delete$43)
                  000170ac    00000034     slnetifndk_msp432e4.aem4f : slnetifndk.oem4f (.text:addSktToTable)
                  000170e0    00000034     nettool_ipv4.aem4f : dhcpbild.oem4f (.text:dhcpBuildDiscover)
                  00017114    00000034     os.aem4f : mem.oem4f (.text:mmUnInitPage)
                  00017148    00000034              : ossys.oem4f (.text:stricmp)
                  0001717c    00000034     release_pem4f.oem4f (.text:ti_sysbios_knl_Semaphore_create)
                  000171b0    00000032     nettool_ipv4.aem4f : config.oem4f (.text:CfgGetImmediate)
                  000171e2    00000032     stk.aem4f : pipe.oem4f (.text:PipeCheck)
                  00017214    00000032               : route.oem4f (.text:RtDeRef)
                  00017246    00000032               : route.oem4f (.text:RtSetFailure)
                  00017278    00000032               : sb.oem4f (.text:SBFlush)
                  000172aa    00000032               : sb.oem4f (.text:SBSetMax)
                  000172dc    00000032     nettool_ipv4.aem4f : config.oem4f (.text:_CfgAcquire)
                  0001730e    00000032                        : dhcpsm.oem4f (.text:dhcpIPRemove)
                  00017340    00000032     sysbios.aem4f : BIOS.obj (.text:ti_sysbios_hal_Hwi_initStack)
                  00017372    00000006     display.aem4f : DisplayUart.oem4f (.text:DisplayUartMin_getType)
                  00017378    00000032     sysbios.aem4f : BIOS.obj (.text:xdc_runtime_System_putchar__I)
                  000173aa    00000002     --HOLE-- [fill = 0]
                  000173ac    00000030     ti_drivers_config.obj (.text:Board_init)
                  000173dc    00000030     drivers_msp432e4.aem4f : GPIOMSP432E4.oem4f (.text:GPIOMSP432E4_undoPinConfig)
                  0001740c    00000030     netctrl_min_ipv4.aem4f : netsrv.oem4f (.text:NS_PreBoot)
                  0001743c    00000030     slnetsock_release.a : slnetif.oem4f (.text:SlNetIf_getIDByName)
                  0001746c    00000030                         : slnetutils.oem4f (.text:SlNetUtil_gaiStrErr)
                  0001749c    00000030     stk.aem4f : sock.oem4f (.text:SockBind)
                  000174cc    00000030               : sock.oem4f (.text:SockGetName)
                  000174fc    00000030               : sockpcb.oem4f (.text:SockPcbAttach)
                  0001752c    00000030     msp432e4_driverlib.a : uart.o (.text:UARTDisable)
                  0001755c    00000030     nettool_ipv4.aem4f : dhcpsock.oem4f (.text:dhcpPacketSend)
                  0001758c    00000030     stk.aem4f : file.oem4f (.text:fdint_setevent)
                  000175bc    00000030     rtsv7M4_T_le_v4SPD16_eabi.lib : getdevice.c.obj (.text:finddevice)
                  000175ec    00000030     stk.aem4f : listlib.oem4f (.text:list_remove_node)
                  0001761c    00000030     main_tirtos.obj (.text:main)
                  0001764c    00000030     release_pem4f.oem4f (.text:ti_sysbios_BIOS_atExitFunc__I)
                  0001767c    00000030     release_pem4f.oem4f (.text:ti_sysbios_BIOS_startFunc__I)
                  000176ac    00000004     release_pem4f.oem4f (.text:ti_sysbios_family_arm_m3_TaskSupport_Module__startupDone__S)
                  000176b0    00000030     sysbios.aem4f : BIOS.obj (.text:ti_sysbios_family_arm_lm4_Timer_stop__E)
                  000176e0    00000030                   : BIOS.obj (.text:ti_sysbios_family_arm_m3_TaskSupport_start__E)
                  00017710    00000030     release_pem4f.oem4f (.text:ti_sysbios_gates_GateHwi_Object__create__S)
                  00017740    00000030     release_pem4f.oem4f (.text:ti_sysbios_gates_GateMutex_Object__create__S)
                  00017770    00000030     sysbios.aem4f : BIOS.obj (.text:ti_sysbios_gates_GateMutex_enter__E)
                  000177a0    00000030     release_pem4f.oem4f (.text:ti_sysbios_heaps_HeapMem_Object__create__S)
                  000177d0    00000030     release_pem4f.oem4f (.text:ti_sysbios_knl_Clock_construct)
                  00017800    00000030     release_pem4f.oem4f (.text:ti_sysbios_knl_Semaphore_construct)
                  00017830    00000030     sysbios.aem4f : BIOS.obj (.text:ti_sysbios_knl_Semaphore_pendTimeout__I)
                  00017860    00000030                   : BIOS.obj (.text:ti_sysbios_knl_Task_restore__E)
                  00017890    00000030                   : BIOS.obj (.text:ti_sysbios_knl_Task_unblockI__E)
                  000178c0    0000002e     drivers_msp432e4.aem4f : EMACMSP432E4.oem4f (.text:EMACMSP432E4_emacioctl)
                  000178ee    0000002e     stk.aem4f : sb.oem4f (.text:SBFree)
                  0001791c    0000002e     rtsv7M4_T_le_v4SPD16_eabi.lib : i_tofd_t2.asm.obj (.text)
                  0001794a    0000002e     release_pem4f.oem4f (.text:ti_sysbios_rts_MemAlloc_alloc)
                  00017978    0000002c     stk.aem4f : file.oem4f (.text:FdSignalEvent)
                  000179a4    0000002c               : igmp.oem4f (.text:IGMPTestGroup)
                  000179d0    0000002c     os.aem4f : NDK_SemaphoreP_tirtos.oem4f (.text:NDK_SemaphoreP_createBinary)
                  000179fc    0000002c     stk.aem4f : nimu.oem4f (.text:NIMUAllocateIndex)
                  00017a28    0000002c               : nimu.oem4f (.text:NIMUPacketServiceCheck)
                  00017a54    0000002c               : pipe.oem4f (.text:PipeClose)
                  00017a80    0000002c     dpl_msp432e4.aem4f : SemaphoreP_tirtos.oem4f (.text:SemaphoreP_createBinary)
                  00017aac    0000002c     msp432e4_driverlib.a : sysctl.o (.text:SysCtlPeripheralClockGating)
                  00017ad8    0000002c     stk.aem4f : lli.oem4f (.text:_LLIExpListRemove)
                  00017b04    0000002c               : lli.oem4f (.text:_LLITimeoutFlush)
                  00017b30    0000002c               : rtable.oem4f (.text:_RtExpListRemove)
                  00017b5c    00000004     release_pem4f.oem4f (.text:ti_sysbios_heaps_HeapMem_Module_GateProxy_enter__E)
                  00017b60    0000002c     sysbios.aem4f : BIOS.obj (.text:_pthread_cleanupFxn)
                  00017b8c    00000004     release_pem4f.oem4f (.text:ti_sysbios_heaps_HeapMem_Module_GateProxy_leave__E)
                  00017b90    0000002c     sysbios.aem4f : BIOS.obj (.text:clockFxn$41)
                  00017bbc    0000002c     slnetsock_release.a : slnetutils.oem4f (.text:mergeLists)
                  00017be8    0000002c     release_pem4f.oem4f (.text:ti_sysbios_gates_GateHwi_Handle__label__S)
                  00017c14    0000002c     release_pem4f.oem4f (.text:ti_sysbios_gates_GateMutex_Handle__label__S)
                  00017c40    0000002c     release_pem4f.oem4f (.text:ti_sysbios_heaps_HeapMem_Handle__label__S)
                  00017c6c    0000002c     release_pem4f.oem4f (.text:ti_sysbios_knl_Clock_doTick__I)
                  00017c98    0000002c     sysbios.aem4f : BIOS.obj (.text:ti_sysbios_knl_Clock_getTimeout__E)
                  00017cc4    0000002c     release_pem4f.oem4f (.text:ti_sysbios_knl_Queue_construct)
                  00017cf0    0000002c     rtsv7M4_T_le_v4SPD16_eabi.lib : unlink.c.obj (.text:unlink)
                  00017d1c    0000002a     display.aem4f : Display.oem4f (.text:Display_doPrintf)
                  00017d46    0000002a     stk.aem4f : pbm.oem4f (.text:PBMQ_deq)
                  00017d70    0000002a     netctrl_min_ipv4.aem4f : netsrv.oem4f (.text:ServiceCallback)
                  00017d9a    0000002a     slnetsock_release.a : slnetutils.oem4f (.text:SlNetUtil_inetPton)
                  00017dc4    0000002a     stk.aem4f : tcpin.oem4f (.text:TcpEnterTimeWait)
                  00017dee    0000002a     nettool_ipv4.aem4f : config.oem4f (.text:_CfgRelease)
                  00017e18    0000002a     release_pem4f.oem4f (.text:calloc)
                  00017e42    0000002a     ti_ndk_config.obj (.text:configUdp)
                  00017e6c    0000002a     nettool_ipv4.aem4f : dhcpsock.oem4f (.text:dhcpPacketReceive)
                  00017e96    00000002     --HOLE-- [fill = 0]
                  00017e98    0000002a     sysbios.aem4f : BIOS.obj (.text:sem_init)
                  00017ec2    00000002     --HOLE-- [fill = 0]
                  00017ec4    00000028     stk.aem4f : bind.oem4f (.text:BindFindByNet)
                  00017eec    00000028     display.aem4f : Display.oem4f (.text:Display_doInit)
                  00017f14    00000028     msp432e4_driverlib.a : flash.o (.text:FlashUserGet)
                  00017f3c    00000028     stk.aem4f : lli.oem4f (.text:LLIFree)
                  00017f64    00000028     netctrl_min_ipv4.aem4f : netctrl.oem4f (.text:NC_SystemClose)
                  00017f8c    00000028     stk.aem4f : socket.oem4f (.text:NDK_registerHook)
                  00017fb4    00000028               : nimu.oem4f (.text:NIMUCreatePacket)
                  00017fdc    00000028               : nimu.oem4f (.text:NIMUPacketService)
                  00018004    00000028     slnetsock_release.a : slnetif.oem4f (.text:SlNetIf_getIfByID)
                  0001802c    00000028                         : slnetsock.oem4f (.text:SlNetSock_sdsClr)
                  00018054    00000028                         : slnetsock.oem4f (.text:SlNetSock_sdsIsSet)
                  0001807c    00000028     stk.aem4f : timer.oem4f (.text:TimerListRemove)
                  000180a4    00000028               : vlan.oem4f (.text:VLANInit)
                  000180cc    00000028     rtsv7M4_T_le_v4SPD16_eabi.lib : lseek.c.obj (.text:lseek)
                  000180f4    00000028     slnetifndk_msp432e4.aem4f : slnetifndk.oem4f (.text:removeSktFromTable)
                  0001811c    00000028     drivers_msp432e4.aem4f : EMACMSP432E4.oem4f (.text:signalLinkChange)
                  00018144    00000028     sysbios.aem4f : m3_Hwi_asm.obj (.text:ti_sysbios_family_arm_m3_Hwi_excHandlerAsm__I)
                  0001816c    00000004     release_pem4f.oem4f (.text:ti_sysbios_knl_Clock_TimerProxy_getMaxTicks__E)
                  00018170    00000028     sysbios.aem4f : BIOS.obj (.text:ti_sysbios_knl_Clock_addI__E)
                  00018198    00000028                   : BIOS.obj (.text:ti_sysbios_knl_Swi_Module_startup__E)
                  000181c0    00000028     rtsv7M4_T_le_v4SPD16_eabi.lib : vsprintf.c.obj (.text:vsprintf)
                  000181e8    00000028                                   : write.c.obj (.text:write)
                  00018210    00000026     nettool_ipv4.aem4f : config.oem4f (.text:CfgEntryInfo)
                  00018236    00000026     sysbios.aem4f : m3_Hwi_asm.obj (.text:ti_sysbios_family_arm_m3_Hwi_pendSV__I)
                  0001825c    00000004     release_pem4f.oem4f (.text:ti_sysbios_knl_Clock_delete)
                  00018260    00000026     sysbios.aem4f : BIOS.obj (.text:xdc_runtime_System_vprintf__E)
                  00018286    00000002     --HOLE-- [fill = 0]
                  00018288    00000024     stk.aem4f : bind.oem4f (.text:BindFindByHost)
                  000182ac    00000024               : bind.oem4f (.text:BindGetIFByDBCast)
                  000182d0    00000024     drivers_msp432e4.aem4f : EMACMSP432E4.oem4f (.text:EMACMSP432E4_pkt_service)
                  000182f4    00000024     stk.aem4f : exec.oem4f (.text:ExecTimer)
                  00018318    00000024     msp432e4_driverlib.a : gpio.o (.text:GPIOPinTypeEthernetLED)
                  0001833c    00000024                          : gpio.o (.text:GPIOPinTypeUART)
                  00018360    00000024     stk.aem4f : nimu.oem4f (.text:NIMUFindByIndex)
                  00018384    00000024               : rtc.oem4f (.text:RTCAddHook)
                  000183a8    00000024               : rawethsock_pcb.oem4f (.text:RawEthSockPcbFind)
                  000183cc    00000024               : route.oem4f (.text:RtFree)
                  000183f0    00000024               : route.oem4f (.text:RtSetTimeout)
                  00018414    00000024     slnetsock_release.a : slnetif.oem4f (.text:SlNetIf_getConnectionStatus)
                  00018438    00000024     stk.aem4f : sockpcb.oem4f (.text:SockPcbCleanup)
                  0001845c    00000024               : tcpprot.oem4f (.text:TcpPrListen)
                  00018480    00000024               : tcptime.oem4f (.text:TcpTimeoutWait2)
                  000184a4    00000024     msp432e4_driverlib.a : uart.o (.text:UARTCharPutNonBlocking)
                  000184c8    00000024                          : uart.o (.text:UARTEnable)
                  000184ec    00000024     stk.aem4f : vlan.oem4f (.text:VLANFindSourceInterface)
                  00018510    00000024     nettool_ipv4.aem4f : config.oem4f (.text:_CfgEntryProcess)
                  00018534    00000024     rtsv7M4_T_le_v4SPD16_eabi.lib : memmov.c.obj (.text:memmove)
                  00018558    00000024     sysbios.aem4f : BIOS.obj (.text:pthread_attr_init)
                  0001857c    00000024     os.aem4f : task.oem4f (.text:ti_ndk_os_threadStub)
                  000185a0    00000024     release_pem4f.oem4f (.text:ti_sysbios_BIOS_registerRTSLock__I)
                  000185c4    00000024     release_pem4f.oem4f (.text:ti_sysbios_BIOS_removeRTSLock__I)
                  000185e8    00000024     release_pem4f.oem4f (.text:ti_sysbios_gates_GateMutex_Object__delete__S)
                  0001860c    00000004     release_pem4f.oem4f (.text:ti_sysbios_knl_Semaphore_delete)
                  00018610    00000024     sysbios.aem4f : BIOS.obj (.text:ti_sysbios_knl_Clock_Module_startup__E)
                  00018634    00000024     release_pem4f.oem4f (.text:ti_sysbios_knl_Clock_Object__delete__S)
                  00018658    00000024     sysbios.aem4f : BIOS.obj (.text:ti_sysbios_knl_Clock_start__E)
                  0001867c    00000004     release_pem4f.oem4f (.text:ti_sysbios_knl_Task_delete)
                  00018680    00000024     sysbios.aem4f : BIOS.obj (.text:ti_sysbios_knl_Semaphore_Instance_init__E)
                  000186a4    00000024     release_pem4f.oem4f (.text:ti_sysbios_knl_Semaphore_Object__delete__S)
                  000186c8    00000024     sysbios.aem4f : BIOS.obj (.text:ti_sysbios_knl_Task_restoreHwi__E)
                  000186ec    00000004     release_pem4f.oem4f (.text:xdc_runtime_System_Module_GateProxy_enter__E)
                  000186f0    00000024     sysbios.aem4f : BIOS.obj (.text:xdc_runtime_Error_policyMin__E)
                  00018714    00000022     nettool_ipv4.aem4f : config.oem4f (.text:CfgEntryRef)
                  00018736    00000022     msp432e4_driverlib.a : emac.o (.text:EMACReset)
                  00018758    00000022                          : emac.o (.text:EMACRxEnable)
                  0001877a    00000022                          : emac.o (.text:EMACTxEnable)
                  0001879c    00000004     release_pem4f.oem4f (.text:xdc_runtime_System_Module_GateProxy_leave__E)
                  000187a0    00000022     sysbios.aem4f : BIOS.obj (.text:ti_sysbios_family_arm_lm4_Timer_write__I)
                  000187c2    00000002     --HOLE-- [fill = 0]
                  000187c4    00000020     msp432e4_driverlib.a : emac.o (.text:EMACFrameFilterSet)
                  000187e4    00000020     drivers_msp432e4.aem4f : EMACMSP432E4.oem4f (.text:EMACMSP432E4_primeRx)
                  00018804    00000020     netctrl_min_ipv4.aem4f : netctrl.oem4f (.text:NC_BootComplete)
                  00018824    00000020     stk.aem4f : nimu.oem4f (.text:NIMUGetNumOfObject)
                  00018844    00000020               : rtc.oem4f (.text:RTCRemoveHook)
                  00018864    00000020     drivers_msp432e4.aem4f : RingBuf.oem4f (.text:RingBuf_peek)
                  00018884    00000020     stk.aem4f : tcp.oem4f (.text:TcpTimeoutRemove)
                  000188a4    00000020               : vlan.oem4f (.text:VLANFindNode)
                  000188c4    00000020               : fileuser.oem4f (.text:fdsetTestEntry)
                  000188e4    00000020     rtsv7M4_T_le_v4SPD16_eabi.lib : memchr.c.obj (.text:memchr)
                  00018904    00000020     release_pem4f.oem4f (.text:ti_sysbios_BIOS_rtsLock__I)
                  00018924    00000020     release_pem4f.oem4f (.text:ti_sysbios_family_arm_m3_Hwi_Object__delete__S)
                  00018944    00000020     release_pem4f.oem4f (.text:ti_sysbios_gates_GateHwi_Object__delete__S)
                  00018964    00000020     release_pem4f.oem4f (.text:ti_sysbios_heaps_HeapMem_Object__delete__S)
                  00018984    00000020     release_pem4f.oem4f (.text:ti_sysbios_knl_Clock_destruct)
                  000189a4    00000004     --HOLE-- [fill = 0]
                  000189a8    00000020     sysbios.aem4f : BIOS.obj (.text:ti_sysbios_knl_Idle_run__E)
                  000189c8    00000020     release_pem4f.oem4f (.text:ti_sysbios_knl_Semaphore_destruct)
                  000189e8    00000020     release_pem4f.oem4f (.text:ti_sysbios_knl_Task_Object__delete__S)
                  00018a08    0000001e     msp432e4_driverlib.a : uart.o (.text:UARTBusy)
                  00018a26    0000001e                          : uart.o (.text:UARTCharPut)
                  00018a44    0000001e                          : uart.o (.text:UARTCharsAvail)
                  00018a62    0000001e                          : uart.o (.text:UARTIntStatus)
                  00018a80    0000001e     stk.aem4f : fileuser.oem4f (.text:fdError)
                  00018a9e    0000001e               : listlib.oem4f (.text:list_remove)
                  00018abc    0000001e     rtsv7M4_T_le_v4SPD16_eabi.lib : strcat.c.obj (.text:strcat)
                  00018ada    0000001e     sysbios.aem4f : m3_Hwi_asm_switch.obj (.text:ti_sysbios_family_xxx_Hwi_switchAndRunFunc)
                  00018af8    0000001c     stk.aem4f : bind.oem4f (.text:BindFindByIF)
                  00018b14    0000001c               : exec.oem4f (.text:ExecBroadcast)
                  00018b30    0000001c     os.aem4f : ossys.oem4f (.text:NDK_sprintf)
                  00018b4c    0000001c     stk.aem4f : nimu.oem4f (.text:NIMUAddHeader)
                  00018b68    0000001c               : sockprot.oem4f (.text:SockPrDetach)
                  00018b84    0000001c     os.aem4f : task.oem4f (.text:TaskDestroy)
                  00018ba0    0000001c     msp432e4_driverlib.a : uart.o (.text:UARTCharGetNonBlocking)
                  00018bbc    0000001c                          : uart.o (.text:UARTFlowControlSet)
                  00018bd8    0000001c                          : uart.o (.text:UARTTxIntModeSet)
                  00018bf4    0000001c     rtsv7M4_T_le_v4SPD16_eabi.lib : assert.c.obj (.text:_abort_msg)
                  00018c10    0000001c     slnetifndk_msp432e4.aem4f : slnetifndk.oem4f (.text:findSlNetSockIf)
                  00018c2c    0000001c     rtsv7M4_T_le_v4SPD16_eabi.lib : memccpy.c.obj (.text:memccpy)
                  00018c48    0000001c     sysbios.aem4f : BIOS.obj (.text:ti_sysbios_family_arm_m3_Hwi_excHandler__I)
                  00018c64    00000004     --HOLE-- [fill = 0]
                  00018c68    0000001c                   : BIOS.obj (.text:ti_sysbios_gates_GateMutex_Instance_init__E)
                  00018c84    00000004     --HOLE-- [fill = 0]
                  00018c88    0000001c                   : BIOS.obj (.text:ti_sysbios_knl_Clock_Instance_finalize__E)
                  00018ca4    0000001c     release_pem4f.oem4f (.text:ti_sysbios_knl_Queue_destruct)
                  00018cc0    0000001c     sysbios.aem4f : BIOS.obj (.text:ti_sysbios_knl_Queue_put__E)
                  00018cdc    00000004     --HOLE-- [fill = 0]
                  00018ce0    0000001c                   : BIOS.obj (.text:ti_sysbios_knl_Task_enter__I)
                  00018cfc    00000004     --HOLE-- [fill = 0]
                  00018d00    0000001c                   : BIOS.obj (.text:ti_sysbios_rts_ti_ReentSupport_getReent__F)
                  00018d1c    00000004     --HOLE-- [fill = 0]
                  00018d20    0000001c                   : BIOS.obj (.text:timerThreadFxn$53)
                  00018d3c    0000001a     stk.aem4f : bind.oem4f (.text:BindGetIP)
                  00018d56    0000001a               : socket.oem4f (.text:NDK_getSockCtx)
                  00018d70    0000001a               : sockint.oem4f (.text:SockSetOOBMark)
[...]
00019989  ti_sysbios_family_arm_m3_Hwi_doTaskRestore__I                   
00019991  HwiP_restore                                                    
00019991  NDK_HwiP_restore                                                
00019991  OEMSysCritOff                                                   
00019991  ti_sysbios_family_arm_m3_Hwi_restoreFxn__E                      
00019991  ti_sysbios_hal_Hwi_HwiProxy_restore__E                          
00019999  ti_sysbios_gates_GateHwi_leave__E                               
000199a1  ti_sysbios_heaps_HeapMem_isBlocking__E                          
000199a9  ti_sysbios_knl_Clock_stop__E                                    
000199b1  ti_sysbios_knl_Queue_Instance_init__E                           
000199b9  ti_sysbios_knl_Swi_startup__E                                   
000199c1  xdc_runtime_System_Module_startup__E                            
000199c9  __aeabi_errno_addr                                              
000199d1  ti_sysbios_gates_GateHwi_query__E                               
000199d1  xdc_runtime_Main_Module_GateProxy_query__E                      
000199d1  xdc_runtime_System_Module_GateProxy_query__E                    
000199d9  ti_sysbios_BIOS_RtsGateProxy_query__E                           
000199d9  ti_sysbios_gates_GateMutex_query__E                             
000199d9  ti_sysbios_heaps_HeapMem_Module_GateProxy_query__E              
000199e1  ti_sysbios_knl_Clock_setTimeout__E                              
000199e9  ti_sysbios_knl_Task_startup__E                                  
000199f1  xdc_runtime_SysCallback_defaultReady                            
000199f9  xdc_runtime_System_printf_va__F                                 
00019a01  ti_sysbios_BIOS_linkedWithIncorrectBootLibrary__E               
00019a09  ti_sysbios_gates_GateHwi_Instance_init__E                       
00019a11  ti_sysbios_knl_Clock_logTick__E                                 
00019a19  xdc_runtime_SysCallback_defaultAbort                            
00019a21  xdc_runtime_SysCallback_defaultExit                             
00019a29  xdc_runtime_SysCallback_defaultPutch                            
00019a31  xdc_runtime_System_abortSpin__E                                 
00019a39  xdc_runtime_System_exitSpin__E                                  
00019dd2  _ctypes_                                                        
00019ed3  Display_defaultParams                                           
00019ed4  Code2Err                                                        
0001a03e  Display_count                                                   
0001a03f  UART_count                                                      
0001a040  ti_sysbios_knl_Task_Object__PARAMS__C                           
0001a0b6  ti_sysbios_family_arm_m3_Hwi_Module__id__C                      
0001a0b8  ti_sysbios_family_arm_m3_Hwi_Object__PARAMS__C                  
0001a0e8  ti_sysbios_knl_Task_hooks__A                                    
0001a144  UARTMSP432E4_fxnTable                                           
0001a16c  ti_sysbios_heaps_HeapMem_Module__FXNS__C                        
0001a194  UART_defaultParams                                              
0001a1b8  ti_sysbios_gates_GateHwi_Module__FXNS__C                        
0001a1dc  ti_sysbios_gates_GateMutex_Module__FXNS__C                      
0001a200  ti_sysbios_heaps_HeapMem_Object__PARAMS__C                      
0001a224  ti_sysbios_knl_Clock_Object__PARAMS__C                          
0001a248  ti_sysbios_knl_Semaphore_Object__PARAMS__C                      
0001a26c  DisplayUartMin_fxnTable                                         
0001a2cc  ti_sysbios_family_arm_m3_Hwi_Object__DESC__C                    
0001a2ec  ti_sysbios_gates_GateHwi_Object__DESC__C                        
0001a30c  ti_sysbios_gates_GateMutex_Object__DESC__C                      
0001a32c  ti_sysbios_heaps_HeapMem_Object__DESC__C                        
0001a34c  ti_sysbios_knl_Clock_Object__DESC__C                            
0001a36c  ti_sysbios_knl_Queue_Object__DESC__C                            
0001a38c  ti_sysbios_knl_Semaphore_Object__DESC__C                        
0001a3ac  ti_sysbios_knl_Task_Object__DESC__C                             
0001a3cc  xdc_runtime_Startup_sfxnTab__A                                  
0001a3ec  EMACMSP432E4_hwAttrs                                            
0001a41c  ti_ndk_config_Global_rawPageSize                                
0001a420  ti_ndk_config_Global_rawPageCount                               
0001a424  ti_ndk_config_Global_smallest                                   
0001a428  ti_ndk_config_Global_largest                                    
0001a42c  ti_ndk_config_Global_numFrameBuf                                
0001a430  ti_ndk_config_Global_sizeFrameBuf                               
0001a434  ti_sysbios_gates_GateHwi_Object__PARAMS__C                      
0001a44c  ti_sysbios_gates_GateMutex_Object__PARAMS__C                    
0001a464  ti_sysbios_knl_Queue_Object__PARAMS__C                          
0001a47c  displayUartHWAttrs                                              
0001a4b4  xdc_runtime_Startup_firstFxns__A                                
0001a4c4  xdc_runtime_Startup_sfxnRts__A                                  
0001a4d4  Display_config                                                  
0001a4e0  UART_config                                                     
0001a4ec  ti_sysbios_knl_Idle_funcList__A                                 
0001a4f8  PowerMSP432E4_config                                            
0001a508  ti_sysbios_knl_Idle_funcList__C                                 
0001a510  ti_sysbios_knl_Task_hooks__C                                    
0001a518  xdc_runtime_Startup_firstFxns__C                                
0001a520  xdc_runtime_Startup_lastFxns__C                                 
0001a528  ti_sysbios_family_arm_lm4_Timer_enableFunc__C                   
0001a52c  ti_sysbios_family_arm_lm4_Timer_numTimerDevices__C              
0001a530  ti_sysbios_family_arm_lm4_Timer_startupNeeded__C                
0001a534  ti_sysbios_family_arm_m3_Hwi_E_alreadyDefined__C                
0001a538  ti_sysbios_family_arm_m3_Hwi_E_badIntNum__C                     
0001a53c  ti_sysbios_family_arm_m3_Hwi_NUM_INTERRUPTS__C                  
0001a540  ti_sysbios_family_arm_m3_Hwi_Object__count__C                   
0001a544  ti_sysbios_family_arm_m3_Hwi_ccr__C                             
0001a548  ti_sysbios_family_arm_m3_Hwi_excHandlerFunc__C                  
0001a54c  ti_sysbios_family_arm_m3_Hwi_nullIsrFunc__C                     
0001a550  ti_sysbios_family_arm_m3_Hwi_priGroup__C                        
0001a554  ti_sysbios_family_arm_m3_TaskSupport_stackAlignment__C          
0001a558  ti_sysbios_gates_GateMutex_Instance_State_sem__O                
0001a55c  ti_sysbios_heaps_HeapMem_E_memory__C                            
0001a560  ti_sysbios_heaps_HeapMem_Module__gateObj__C                     
0001a564  ti_sysbios_heaps_HeapMem_Object__count__C                       
0001a568  ti_sysbios_heaps_HeapMem_primaryHeapBaseAddr__C                 
0001a56c  ti_sysbios_heaps_HeapMem_primaryHeapEndAddr__C                  
0001a570  ti_sysbios_heaps_HeapMem_reqAlign__C                            
0001a574  ti_sysbios_knl_Clock_Module_State_clockQ__O                     
0001a578  ti_sysbios_knl_Clock_tickPeriod__C                              
0001a57c  ti_sysbios_knl_Mailbox_Instance_State_freeQue__O                
0001a580  ti_sysbios_knl_Mailbox_Object__count__C                         
0001a584  ti_sysbios_knl_Mailbox_maxTypeAlign__C                          
0001a588  ti_sysbios_knl_Semaphore_Instance_State_pendQ__O                
0001a58c  ti_sysbios_knl_Swi_Object__count__C                             
0001a590  ti_sysbios_knl_Task_E_deleteNotAllowed__C                       
0001a594  ti_sysbios_knl_Task_Module_State_inactiveQ__O                   
0001a598  ti_sysbios_knl_Task_Module_State_terminatedQ__O                 
0001a59c  ti_sysbios_knl_Task_Object__count__C                            
0001a5a0  ti_sysbios_knl_Task_Object__heap__C                             
0001a5a4  ti_sysbios_knl_Task_allBlockedFunc__C                           
0001a5a8  ti_sysbios_knl_Task_defaultStackHeap__C                         
0001a5ac  ti_sysbios_knl_Task_defaultStackSize__C                         
0001a5b0  ti_sysbios_knl_Task_numConstructedTasks__C                      
0001a5b4  xdc_runtime_Error_E_memory__C                                   
0001a5b8  xdc_runtime_Error_policyFxn__C                                  
0001a5bc  xdc_runtime_IGateProvider_Interface__BASE__C                    
0001a5c0  xdc_runtime_IHeap_Interface__BASE__C                            
0001a5c4  xdc_runtime_IModule_Interface__BASE__C                          
0001a5c8  xdc_runtime_Memory_defaultHeapInstance__C                       
0001a5cc  xdc_runtime_Startup_execImpl__C                                 
0001a5d0  xdc_runtime_Startup_maxPasses__C                                
0001a5d4  xdc_runtime_Startup_sfxnRts__C                                  
0001a5d8  xdc_runtime_Startup_sfxnTab__C                                  
0001a5dc  xdc_runtime_SysCallback_abortFxn__C                             
0001a5e0  xdc_runtime_SysCallback_exitFxn__C                              
0001a5e4  xdc_runtime_SysCallback_putchFxn__C                             
0001a5e8  xdc_runtime_SysCallback_readyFxn__C                             
0001a5ec  xdc_runtime_System_Module__gateObj__C                           
0001a5f0  xdc_runtime_System_abortFxn__C                                  
0001a5f4  xdc_runtime_System_exitFxn__C                                   
0001a5f8  xdc_runtime_System_extendFxn__C                                 
0001a5fc  xdc_runtime_System_maxAtexitHandlers__C                         
0001a600  ti_sysbios_heaps_HeapMem_Module__id__C                          
0001a602  ti_sysbios_knl_Task_Module__id__C                               
0001a604  xdc_runtime_Memory_Module__id__C                                
0001a606  xdc_runtime_Error_policy__C                                     
0001a608  __TI_static_base__                                              
0001aaec  __TI_Handler_Table_Base                                         
0001aaf8  __TI_Handler_Table_Limit                                        
0001ab00  __TI_CINIT_Base                                                 
0001ab10  __TI_CINIT_Limit                                                
00020000  HEAPSIZE                                                        
20000000  ti_sysbios_family_arm_m3_Hwi_ramVectors                         
20000360  __primary_heap_start__                                          
20020360  __primary_heap_end__                                            
20020360  ti_ndk_config_Global_pit                                        
20020408  ti_ndk_config_Global_pitBuffer                                  
20024c08  ti_ndk_config_Global_pBufMem                                    
20028808  ti_ndk_config_Global_pHdrMem                                    
20028f00  ti_sysbios_family_arm_m3_Hwi_dispatchTable                      
20029260  ti_sysbios_knl_Task_Instance_State_0_stack__A                   
20029460  __CIOBUF_                                                       
20029680  NDK_tcps                                                        
200297ec  __TI_tmpnams                                                    
20029a94  NDK_ips                                                         
20029afc  nimu_mcb                                                        
20029b60  uartMSP432E4Objects                                             
20029bc4  NDK_ICMPIn                                                      
20029c10  NDK_ICMPOut                                                     
20029cc4  ti_ndk_socket_fdtable                                           
20029cec  vlan_mcb                                                        
20029d14  NDK_udps                                                        
20029e20  stkEvent                                                        
20029e5c  NDK_raweths                                                     
20029e6c  NDK_raws                                                        
20029e7c  PBMQ_free                                                       
20029e88  displayUartObject                                               
20029e94  tpseudo                                                         
20029ea0  upseudo                                                         
20029ebc  parmbuf                                                         
20029ec4  ti_sysbios_knl_Task_Instance_State_0_hookEnv__A                 
20029ed8  ClockP_tickPeriod                                               
20029edc  _IGMPInDiscard                                                  
20029ee0  _IGMPInQuery                                                    
20029ee4  _IGMPInQueryGroup                                               
20029ee8  _IGMPInResponse                                                 
20029eec  _IGMPOutResponse                                                
20029ef0  display                                                         
20029ef4  raweth_pcb                                                      
20029ef8  PowerMSP432E4_module                                            
2002a064  _ftable                                                         
2002a154  _ipcfg                                                          
2002a294  ti_sysbios_knl_Swi_Module_State_0_readyQ__A                     
2002a314  ti_sysbios_knl_Task_Module_State_0_readyQ__A                    
2002a394  _device                                                         
2002a40c  SlNetIfConfigNDK                                                
2002a464  ti_sysbios_gates_GateMutex_Object__table__V                     
2002a4b8  _stream                                                         
2002a558  ti_sysbios_knl_Task_Object__table__V                            
2002a5a4  ti_sysbios_knl_Task_Module__state__V                            
2002a668  ti_sysbios_family_arm_lm4_Timer_Module_State_0_device__A        
2002a6a8  ti_sysbios_family_arm_lm4_Timer_Object__table__V                
2002a71c  ti_sysbios_family_arm_m3_Hwi_Module__state__V                   
2002a780  ti_sysbios_knl_Swi_Object__table__V                             
2002a7dc  ti_sysbios_knl_Clock_Module__state__V                           
2002a808  _oscfg                                                          
2002a854  ti_sysbios_BIOS_Module__state__V                                
2002a878  pstrMsgName                                                     
2002a898  ti_sysbios_family_arm_lm4_Timer_Module_State_0_handles__A       
2002a8b8  xdc_runtime_Error_IgnoreBlock                                   
2002a8f4  ti_ndk_config_Global_Id2Size                                    
2002a910  ti_sysbios_knl_Swi_Module__state__V                             
2002a92c  ti_ndk_socket_max_fd                                            
2002a934  LocalIPAddr                                                     
2002a938  LocalIPMask                                                     
2002a93c  GatewayIP                                                       
2002a940  DomainName                                                      
2002a944  ti_sysbios_family_arm_m3_Hwi_Object__table__V                   
2002a95c  ti_sysbios_heaps_HeapMem_Object__table__V                       
2002a9cc  __TI_ft_end                                                     
2002a9d0  __aeabi_stdin                                                   
2002a9d4  __aeabi_stdout                                                  
2002a9d8  __aeabi_stderr                                                  
2002a9e4  _IGMPForceVersion1                                              
2002a9ec  ti_sysbios_family_arm_lm4_Seconds_Module__state__V              
2002a9fc  __TI_cleanup_ptr                                                
2002aa00  __TI_dtors_ptr                                                  
2002aa04  __TI_enable_exit_profile_output                                 
2002aa08  NDK_createSockCtx                                               
2002aa0c  NDK_closeSockCtx                                                
2002aa10  NDK_netStartError                                               
2002aa14  ti_sysbios_family_arm_lm4_Timer_Module__state__V                
2002aa2c  _lock                                                           
2002aa30  _unlock                                                         
2002aa34  NIMUDeviceTable                                                 
2002aa4c  NDK_ICMPInErrors                                                
2002aa50  NDK_ICMPOutErrors                                               
2002aa54  _IPExecuting                                                    
2002aa74  tcp_iss                                                         
2002aa78  ptTimeFirst                                                     
2002aa84  ti_sysbios_family_arm_m3_Hwi_Module__root__V                    
2002aa8c  ti_sysbios_gates_GateHwi_Module__root__V                        
2002aa94  ti_sysbios_gates_GateMutex_Module__root__V                      
2002aa9c  ti_sysbios_heaps_HeapMem_Module__root__V                        
2002aaa4  ti_sysbios_knl_Clock_Module__root__V                            
2002aaac  ti_sysbios_knl_Queue_Module__root__V                            
2002aab4  ti_sysbios_knl_Semaphore_Module__root__V                        
2002aabc  ti_sysbios_knl_Task_Module__root__V                             
2002aac4  xdc_runtime_Startup_Module__state__V                            
2002aacc  xdc_runtime_System_Module_State_0_atexitHandlers__A             
2002aad4  xdc_runtime_System_Module__state__V                             
2002aaf8  main_func_sp                                                    
2002ab04  _IPReasmPtr                                                     
2002ab18  ti_sysbios_family_arm_m3_Hwi_Module_State_0_excContext__A       
2002ab1c  ti_sysbios_family_arm_m3_Hwi_Module_State_0_excStack__A         
2002ab20  ti_sysbios_gates_GateHwi_Object__table__V                       
2002ab24  ti_sysbios_knl_Task_Module_State_0_idleTask__A                  
2002ab28  ti_sysbios_rts_ti_ReentSupport_Module__state__V                 
2002ab2c  xdc_runtime_Memory_Module__state__V                             
2002ab34  ti_sysbios_family_arm_m3_Hwi_Module_State_0_excActive__A        
2003fc00  __stack                                                         
20040000  __STACK_END                                                     
e000e000  ti_sysbios_family_arm_m3_Hwi_nvic                               
ffffffff  __TI_pprof_out_hndl                                             
ffffffff  __TI_prof_data_size                                             
ffffffff  __TI_prof_data_start                                            
ffffffff  __binit__                                                       
ffffffff  __c_args__                                                      
ffffffff  binit                                                           
UNDEFED   SHT$$INIT_ARRAY$$Base                                           
UNDEFED   SHT$$INIT_ARRAY$$Limit                                          

[1137 symbols]
